Microchip MPLAB XC8 Compiler V2.40

Linker command line:

-W-3 \
  --edf=C:\Program Files\Microchip\xc8\v2.40\pic\dat\20220703182018_en.msgs \
  -cn -h+dist/default/production\SolidDispenser_v3.7.production.sym \
  --cmf=dist/default/production\SolidDispenser_v3.7.production.cmf -z \
  -Q18F65J50 -oC:\Users\DELL-U~1\AppData\Local\Temp\xcAsj9g.4 \
  --defsym=__MPLAB_BUILD=1 --fixupoverflow=error \
  -Mdist/default/production/SolidDispenser_v3.7.production.map \
  --md=C:\Users\DELL-U~1\AppData\Local\Temp\xcAsj9g.dat -E1 \
  -ver=XC8 Compiler --acfsm=1493 -ACODE=00h-07FF7h -ACONST=00h-07FF7h \
  -ASMALLCONST=01000h-010FFhx111,07F00h-07FF7h -AMEDIUMCONST=01000h-07FF7h \
  -ACOMRAM=01h-05Fh -AABS1=00h-0F3Fh -ABIGRAM=01h-0F3Fh \
  -ARAM=060h-0FFh,0100h-01FFhx14,0F00h-0F3Fh -ABANK0=060h-0FFh \
  -ABANK1=0100h-01FFh -ABANK2=0200h-02FFh -ABANK3=0300h-03FFh \
  -ABANK4=0400h-04FFh -ABANK5=0500h-05FFh -ABANK6=0600h-06FFh \
  -ABANK7=0700h-07FFh -ABANK8=0800h-08FFh -ABANK9=0900h-09FFh \
  -ABANK10=0A00h-0AFFh -ABANK11=0B00h-0BFFh -ABANK12=0C00h-0CFFh \
  -ABANK13=0D00h-0DFFh -ABANK14=0E00h-0EFFh -ABANK15=0F00h-0F3Fh \
  -ASFR=0F40h-0F5Fh,0F60h-0FFFh -ABIGSFR=0F40h-0FFFh -ACONFIG=07FF8h-07FFDh \
  -preset_vec=00h,intcode=08h,intcodelo,powerup,init -pramtop=01000h \
  -psmallconst=SMALLCONST -pmediumconst=MEDIUMCONST -pconst=CONST \
  -AFARRAM=00h-00h -pjflash_buffer=07800h \
  -prdata=COMRAM,nvrram=COMRAM,nvbit=COMRAM,rbss=COMRAM,rbit=COMRAM \
  -pfarbss=FARRAM,fardata=FARRAM,nvFARRAM=FARRAM \
  -pintsave_regs=BIGRAM,bigbss=BIGRAM,bigdata=BIGRAM -pbss=RAM \
  -pidata=CODE,irdata=CODE,ibigdata=CODE,ifardata=CODE -prparam=COMRAM \
  C:\Users\DELL-U~1\AppData\Local\Temp\xcAsj9g.o \
  dist/default/production\SolidDispenser_v3.7.production.o 

Object code version is 3.11

Machine type is 18F65J50



                Name                               Link     Load   Length Selector   Space Scale
C:\Users\DELL-U~1\AppData\Local\Temp\xcAsj9g.o
                config                             7FF8     7FF8        6        0       4
                init                                30E      30E        4        4       0
                reset_vec                             0        0        4        0       0
dist/default/production\SolidDispenser_v3.7.production.o
                intcode                               8        8      306        4       0
                config                             7FF8     7FF8        6        0       4
                temp                                 57       57        1        1       1
                text45                             26CA     26CA       36        4       0
                text44                             27A6     27A6       26        4       0
                text43                             2834     2834       16        4       0
                text41                             272E     272E       2C        4       0
                text40                             25E2     25E2       3E        4       0
                text39                             28AC     28AC        8        4       0
                text38                             2882     2882        A        4       0
                text37                             28A4     28A4        8        4       0
                text36                             2878     2878        A        4       0
                text35                             27CC     27CC       24        4       0
                text34                             2340     2340       80        4       0
                text33                             1EE4     1EE4       E8        4       0
                text32                             1DE4     1DE4      100        4       0
                text31                             281E     281E       16        4       0
                text30                             265A     265A       3A        4       0
                text29                             2500     2500       5A        4       0
                text28                             1756     1756      226        4       0
                text27                             1FCC     1FCC       CC        4       0
                text26                             2098     2098       C4        4       0
                text25                             215C     215C       B0        4       0
                text24                             220C     220C       A8        4       0
                text23                             12A4     12A4      4B2        4       0
                text22                             22B4     22B4       8C        4       0
                text21                             27F0     27F0       18        4       0
                text20                             1CD8     1CD8      10C        4       0
                text19                             1BCC     1BCC      10C        4       0
                text18                             2780     2780       26        4       0
                text17                             284A     284A       14        4       0
                text16                             289C     289C        8        4       0
                text15                             2894     2894        8        4       0
                text14                             286C     286C        C        4       0
                text13                             255A     255A       4A        4       0
                text12                             197C     197C      130        4       0
                text11                             25A4     25A4       3E        4       0
                text10                             1AAC     1AAC      120        4       0
                text9                              2620     2620       3A        4       0
                text8                              2808     2808       16        4       0
                text7                              23C0     23C0       72        4       0
                text6                              285E     285E        E        4       0
                text5                              275A     275A       26        4       0
                text4                              2700     2700       2E        4       0
                text3                              2694     2694       36        4       0
                text2                              288C     288C        8        4       0
                text1                              2432     2432       68        4       0
                text0                               312      312      F92        4       0
                cstackCOMRAM                         34       34       1C        1       1
                cstackBANK0                          9A       9A        8       60       1
                dataBANK0                            A2       A2        4       60       1
                bssBANK0                             60       60       3A       60       1
                dataCOMRAM                           50       50        7        1       1
                bssCOMRAM                             1        1       33        1       1
                cinit                              249A     249A       66        4       0
                idataBANK0                         28BB     28BB        4        4       0
                idataCOMRAM                        28B4     28B4        7        4       0

TOTAL           Name                               Link     Load   Length     Space
        CLASS   CODE           
                intcode                               8        8      306         0
                init                                30E      30E        4         0
                reset_vec                             0        0        4         0
                text45                             26CA     26CA       36         0
                text44                             27A6     27A6       26         0
                text43                             2834     2834       16         0
                text41                             272E     272E       2C         0
                text40                             25E2     25E2       3E         0
                text39                             28AC     28AC        8         0
                text38                             2882     2882        A         0
                text37                             28A4     28A4        8         0
                text36                             2878     2878        A         0
                text35                             27CC     27CC       24         0
                text34                             2340     2340       80         0
                text33                             1EE4     1EE4       E8         0
                text32                             1DE4     1DE4      100         0
                text31                             281E     281E       16         0
                text30                             265A     265A       3A         0
                text29                             2500     2500       5A         0
                text28                             1756     1756      226         0
                text27                             1FCC     1FCC       CC         0
                text26                             2098     2098       C4         0
                text25                             215C     215C       B0         0
                text24                             220C     220C       A8         0
                text23                             12A4     12A4      4B2         0
                text22                             22B4     22B4       8C         0
                text21                             27F0     27F0       18         0
                text20                             1CD8     1CD8      10C         0
                text19                             1BCC     1BCC      10C         0
                text18                             2780     2780       26         0
                text17                             284A     284A       14         0
                text16                             289C     289C        8         0
                text15                             2894     2894        8         0
                text14                             286C     286C        C         0
                text13                             255A     255A       4A         0
                text12                             197C     197C      130         0
                text11                             25A4     25A4       3E         0
                text10                             1AAC     1AAC      120         0
                text9                              2620     2620       3A         0
                text8                              2808     2808       16         0
                text7                              23C0     23C0       72         0
                text6                              285E     285E        E         0
                text5                              275A     275A       26         0
                text4                              2700     2700       2E         0
                text3                              2694     2694       36         0
                text2                              288C     288C        8         0
                text1                              2432     2432       68         0
                text0                               312      312      F92         0
                cinit                              249A     249A       66         0
                idataBANK0                         28BB     28BB        4         0
                idataCOMRAM                        28B4     28B4        7         0

        CLASS   CONST          

        CLASS   SMALLCONST     

        CLASS   MEDIUMCONST    

        CLASS   COMRAM         
                temp                                 57       57        1         1
                cstackCOMRAM                         34       34       1C         1
                dataCOMRAM                           50       50        7         1
                bssCOMRAM                             1        1       33         1

        CLASS   ABS1           

        CLASS   BIGRAM         

        CLASS   RAM            

        CLASS   BANK0          
                cstackBANK0                          9A       9A        8         1
                dataBANK0                            A2       A2        4         1
                bssBANK0                             60       60       3A         1

        CLASS   BANK1          

        CLASS   BANK2          

        CLASS   BANK3          

        CLASS   BANK4          

        CLASS   BANK5          

        CLASS   BANK6          

        CLASS   BANK7          

        CLASS   BANK8          

        CLASS   BANK9          

        CLASS   BANK10         

        CLASS   BANK11         

        CLASS   BANK12         

        CLASS   BANK13         

        CLASS   BANK14         

        CLASS   BANK15         

        CLASS   SFR            

        CLASS   BIGSFR         

        CLASS   CONFIG         
                config                             7FF8     7FF8        6         4

        CLASS   FARRAM         

        CLASS   HEAP           

        CLASS   STACK          

        CLASS   IDLOC          



SEGMENTS        Name                           Load    Length   Top    Selector   Space  Class

                reset_vec                      000000  000004  000004         0       0  CODE    
                bssCOMRAM                      000001  000057  000058         1       1  COMRAM  
                intcode                        000008  0028B7  0028BF         4       0  CODE    
                bssBANK0                       000060  000046  0000A6        60       1  BANK0   


UNUSED ADDRESS RANGES

        Name                Unused          Largest block    Delta
        BANK0            00A6-00FF             5A
        BANK1            0100-01FF            100
        BANK10           0A00-0AFF            100
        BANK11           0B00-0BFF            100
        BANK12           0C00-0CFF            100
        BANK13           0D00-0DFF            100
        BANK14           0E00-0EFF            100
        BANK15           0F00-0F3F             40
        BANK2            0200-02FF            100
        BANK3            0300-03FF            100
        BANK4            0400-04FF            100
        BANK5            0500-05FF            100
        BANK6            0600-06FF            100
        BANK7            0700-07FF            100
        BANK8            0800-08FF            100
        BANK9            0900-09FF            100
        BIGRAM           0058-005F              8
                         00A6-0F3F            E9A
        BIGSFR           0F40-0FFF             C0
        CODE             0004-0007              4
                         28BF-7FF7           5739
        COMRAM           0058-005F              8
        CONST            0004-0007              4
                         28BF-7FF7           5739
        MEDIUMCONST      28BF-7FF7           5739
        RAM              00A6-0F3F            100
        SFR              0F40-0FFF             20
        SMALLCONST       28BF-7FF7            100

                                  Symbol Table

?_PWM_Selection                 cstackBANK0   009A
?_Read_IR                       cstackCOMRAM  003C
?___aldiv                       cstackCOMRAM  003C
?___awdiv                       cstackCOMRAM  003C
?___awmod                       cstackCOMRAM  003C
?_i2c_Read                      cstackCOMRAM  003D
?_read_i2c                      cstackCOMRAM  004A
Get7Seg@Data                    cstackCOMRAM  0040
Get7Seg@Digit                   cstackCOMRAM  003C
InitSTLED316@Brightness         cstackCOMRAM  0044
PWM_Selection@dcSelected        cstackBANK0   009E
PWM_Selection@msg               cstackBANK0   009A
Read1USART@result               cstackCOMRAM  0034
STLED316s_SPI_SendData@Data     cstackCOMRAM  003E
STLED316s_SPI_SendData@i        cstackCOMRAM  0040
STLED316s_SPI_SendData@t        cstackCOMRAM  0041
STLED316s_SPI_SendData@temp     cstackCOMRAM  003F
Write1USART@data                cstackCOMRAM  003C
WriteSTLED316SData@NUM_DIG0     cstackCOMRAM  0047
WriteSTLED316SData@NUM_DIG1     cstackCOMRAM  0049
WriteSTLED316SData@data3        cstackCOMRAM  004B
WriteSTLED316SData@data4        cstackCOMRAM  004C
WriteSTLED316SData@number       cstackCOMRAM  0044
WriteSTLED316SData@v_mode       cstackCOMRAM  0046
WriteSTLED316SErr@msg           cstackCOMRAM  0044
WriteSTLED316SMode@msg          cstackCOMRAM  0044
WriteSTLED316SVibMode@dc_reg    cstackCOMRAM  0042
WriteSTLED316SVibMode@v_mode    cstackCOMRAM  0044
_ACKDT2                         (abs)         7B5D
_ACKEN2                         (abs)         7B5C
_ADCON0bits                     (abs)         0FC2
_ADCON1bits                     (abs)         0FC1
_ADRES                          (abs)         0FC3
_ADRESH                         (abs)         0FC4
_ADRESL                         (abs)         0FC3
_AD_capture_BattVoltage         text40        25E2
_ANCON0bits                     (abs)         0FC1
_BAUDCON1bits                   (abs)         0F7E
_Busy                           bssCOMRAM     002F
_CCP1CONbits                    (abs)         0FBB
_CCP4CON                        (abs)         0F73
_CCPR1L                         (abs)         0FBC
_Clr_RG3                        text39        28AC
_Device_ID                      bssCOMRAM     001D
_EAdd_High                      bssBANK0      0098
_EAdd_Low                       bssBANK0      0096
_ETemp                          bssCOMRAM     0023
_GIE                            (abs)         7F97
_Get7Seg                        text27        1FCC
_Homing_Again_Auto              text28        1756
_Homing_Again_Manual            text23        12A4
_INTCON3bits                    (abs)         0FF0
_INTCONbits                     (abs)         0FF2
_IPR1bits                       (abs)         0F9F
_IR_SENSORF                     bssCOMRAM     0011
_InitSTLED316                   text22        22B4
_InitTimer1                     text21        27F0
_LATAbits                       (abs)         0F89
_LATCbits                       (abs)         0F8B
_LATDbits                       (abs)         0F8C
_LATGbits                       (abs)         0F8F
_LowPowerCounter                dataBANK0     00A2
_Low_Power_Indicator            text45        26CA
_MotorBREAK                     text38        2882
_MotorON                        text36        2878
_MotorPosition_Init             text20        1CD8
_Motor_Pause_Time               bssCOMRAM     001B
_Motor_Speed                    bssCOMRAM     0021
_Motor_Stop_Delay_Time          bssCOMRAM     001F
_NUM                            bssCOMRAM     0019
_NUM_REC                        bssCOMRAM     0015
_OSCCONbits                     (abs)         0FD3
_OpMode                         bssCOMRAM     002C
_PEN2                           (abs)         7B5A
_PIE1bits                       (abs)         0F9D
_PIR1bits                       (abs)         0F9E
_PORTAbits                      (abs)         0F80
_PORTBbits                      (abs)         0F81
_PR2                            (abs)         0FCB
_PR4                            (abs)         0F77
_PWM_Duty_Cycle                 bssCOMRAM     0028
_PWM_Selection                  text12        197C
_PWM_reg                        dataCOMRAM    0056
_RCEN2                          (abs)         7B5B
_RCONbits                       (abs)         0FD0
_RCREG1                         (abs)         0FAF
_RCSTA1bits                     (abs)         0FAC
_RSEN2                          (abs)         7B59
_Read1USART                     text44        27A6
_Read_IR                        text35        27CC
_SEN2                           (abs)         7B58
_SPBRG1                         (abs)         0FB0
_SPBRGH1                        (abs)         0F7F
_SSP2ADD                        (abs)         0F6E
_SSP2BUF                        (abs)         0F6F
_SSP2CON1                       (abs)         0F6C
_SSP2CON2                       (abs)         0F6B
_SSP2STAT                       (abs)         0F6D
_STLED316s_SPI_SendData         text34        2340
_Serial_Buffer                  bssBANK0      0080
_Serial_Buffer_Out              bssBANK0      0060
_Serial_Count                   bssCOMRAM     0025
_Serial_Flag                    bssCOMRAM     0033
_Serial_GData                   bssCOMRAM     0032
_Serial_Temp_Buffer             bssBANK0      0070
_Set_RG3                        text37        28A4
_Stop                           bssCOMRAM     0031
_T1CON                          (abs)         0FCD
_T2CONbits                      (abs)         0FCA
_T3CONbits                      (abs)         0F79
_T4CON                          (abs)         0F76
_T4CONbits                      (abs)         0F76
_TMR1                           (abs)         0FCE
_TMR1IE                         (abs)         7CE8
_TMR1IF                         (abs)         7CF0
_TMR1IF_triggered               bssCOMRAM     0027
_TRISA                          (abs)         0F92
_TRISB                          (abs)         0F93
_TRISBbits                      (abs)         0F93
_TRISC                          (abs)         0F94
_TRISCbits                      (abs)         0F94
_TRISD                          (abs)         0F95
_TRISD5                         (abs)         7CAD
_TRISD6                         (abs)         7CAE
_TRISE                          (abs)         0F96
_TRISF                          (abs)         0F97
_TRISG                          (abs)         0F98
_TXREG1                         (abs)         0FAE
_TXSTA1bits                     (abs)         0FAD
_ToggleVIB_Mode                 text11        25A4
_VOLTAGE                        bssCOMRAM     000F
_Vmotor_Time                    dataCOMRAM    0054
_WDTCONbits                     (abs)         0FC0
_Write1USART                    text31        281E
_WriteSTLED316SData             text24        220C
_WriteSTLED316SErr              text33        1EE4
_WriteSTLED316SMode             text32        1DE4
_WriteSTLED316SVibMode          text10        1AAC
__HRAM                          (abs)         0000
__Habs1                         abs1          0000
__Hbank0                        bank0         0000
__Hbank1                        bank1         0000
__Hbank10                       bank10        0000
__Hbank11                       bank11        0000
__Hbank12                       bank12        0000
__Hbank13                       bank13        0000
__Hbank14                       bank14        0000
__Hbank15                       bank15        0000
__Hbank2                        bank2         0000
__Hbank3                        bank3         0000
__Hbank4                        bank4         0000
__Hbank5                        bank5         0000
__Hbank6                        bank6         0000
__Hbank7                        bank7         0000
__Hbank8                        bank8         0000
__Hbank9                        bank9         0000
__Hbigbss                       bigbss        0000
__Hbigdata                      bigdata       0000
__Hbigram                       bigram        0000
__Hbigsfr                       bigsfr        0000
__Hbss                          bss           0000
__HbssBANK0                     bssBANK0      0000
__HbssCOMRAM                    bssCOMRAM     0000
__Hcinit                        cinit         0000
__Hclrtext                      clrtext       0000
__Hcomram                       comram        0000
__Hconfig                       config        7FFE
__Hconst                        const         0000
__HcstackBANK0                  cstackBANK0   0000
__HcstackCOMRAM                 cstackCOMRAM  0000
__Hdata                         data          0000
__HdataBANK0                    dataBANK0     0000
__HdataCOMRAM                   dataCOMRAM    0000
__Hfarbss                       farbss        0000
__Hfardata                      fardata       0000
__Hheap                         heap          0000
__Hibigdata                     ibigdata      0000
__Hidata                        idata         0000
__HidataBANK0                   idataBANK0    0000
__HidataCOMRAM                  idataCOMRAM   0000
__Hidloc                        idloc         0000
__Hifardata                     ifardata      0000
__Hinit                         init          0312
__Hintcode                      intcode       030E
__Hintcode_body                 intcode_body  0000
__Hintcodelo                    intcodelo     030E
__Hintentry                     intentry      0000
__Hintret                       intret        0000
__Hintsave_regs                 intsave_regs  0000
__Hirdata                       irdata        0000
__Hjflash_buffer                jflash_buffer 7800
__Hmediumconst                  mediumconst   0000
__HnvFARRAM                     nvFARRAM      0000
__Hnvbit                        nvbit         0000
__Hnvrram                       nvrram        0000
__Hparam                        rparam        0000
__Hpowerup                      powerup       030E
__Hram                          ram           0000
__Hramtop                       ramtop        1000
__Hrbit                         rbit          0000
__Hrbss                         rbss          0000
__Hrdata                        rdata         0000
__Hreset_vec                    reset_vec     0004
__Hrparam                       rparam        0000
__Hsfr                          sfr           0000
__Hsmallconst                   smallconst    0000
__Hspace_0                      (abs)         7800
__Hspace_1                      (abs)         00A6
__Hspace_2                      (abs)         0000
__Hspace_4                      (abs)         FFF6
__Hstack                        stack         0000
__Hstruct                       struct        0000
__Htemp                         temp          0058
__Htext                         text          0000
__Htext0                        text0         0000
__Htext1                        text1         0000
__Htext10                       text10        0000
__Htext11                       text11        0000
__Htext12                       text12        0000
__Htext13                       text13        0000
__Htext14                       text14        0000
__Htext15                       text15        0000
__Htext16                       text16        0000
__Htext17                       text17        0000
__Htext18                       text18        0000
__Htext19                       text19        0000
__Htext2                        text2         0000
__Htext20                       text20        0000
__Htext21                       text21        0000
__Htext22                       text22        0000
__Htext23                       text23        0000
__Htext24                       text24        0000
__Htext25                       text25        0000
__Htext26                       text26        0000
__Htext27                       text27        0000
__Htext28                       text28        0000
__Htext29                       text29        0000
__Htext3                        text3         0000
__Htext30                       text30        0000
__Htext31                       text31        0000
__Htext32                       text32        0000
__Htext33                       text33        0000
__Htext34                       text34        0000
__Htext35                       text35        0000
__Htext36                       text36        0000
__Htext37                       text37        0000
__Htext38                       text38        0000
__Htext39                       text39        0000
__Htext4                        text4         0000
__Htext40                       text40        0000
__Htext41                       text41        0000
__Htext43                       text43        0000
__Htext44                       text44        0000
__Htext45                       text45        0000
__Htext5                        text5         0000
__Htext6                        text6         0000
__Htext7                        text7         0000
__Htext8                        text8         0000
__Htext9                        text9         0000
__LRAM                          (abs)         0001
__Labs1                         abs1          0000
__Lbank0                        bank0         0000
__Lbank1                        bank1         0000
__Lbank10                       bank10        0000
__Lbank11                       bank11        0000
__Lbank12                       bank12        0000
__Lbank13                       bank13        0000
__Lbank14                       bank14        0000
__Lbank15                       bank15        0000
__Lbank2                        bank2         0000
__Lbank3                        bank3         0000
__Lbank4                        bank4         0000
__Lbank5                        bank5         0000
__Lbank6                        bank6         0000
__Lbank7                        bank7         0000
__Lbank8                        bank8         0000
__Lbank9                        bank9         0000
__Lbigbss                       bigbss        0000
__Lbigdata                      bigdata       0000
__Lbigram                       bigram        0000
__Lbigsfr                       bigsfr        0000
__Lbss                          bss           0000
__LbssBANK0                     bssBANK0      0000
__LbssCOMRAM                    bssCOMRAM     0000
__Lcinit                        cinit         0000
__Lclrtext                      clrtext       0000
__Lcomram                       comram        0000
__Lconfig                       config        0000
__Lconst                        const         0000
__LcstackBANK0                  cstackBANK0   0000
__LcstackCOMRAM                 cstackCOMRAM  0000
__Ldata                         data          0000
__LdataBANK0                    dataBANK0     0000
__LdataCOMRAM                   dataCOMRAM    0000
__Lfarbss                       farbss        0000
__Lfardata                      fardata       0000
__Lheap                         heap          0000
__Libigdata                     ibigdata      0000
__Lidata                        idata         0000
__LidataBANK0                   idataBANK0    0000
__LidataCOMRAM                  idataCOMRAM   0000
__Lidloc                        idloc         0000
__Lifardata                     ifardata      0000
__Linit                         init          030E
__Lintcode                      intcode       0008
__Lintcode_body                 intcode_body  0000
__Lintcodelo                    intcodelo     030E
__Lintentry                     intentry      0000
__Lintret                       intret        0000
__Lintsave_regs                 intsave_regs  0000
__Lirdata                       irdata        0000
__Ljflash_buffer                jflash_buffer 7800
__Lmediumconst                  mediumconst   0000
__LnvFARRAM                     nvFARRAM      0000
__Lnvbit                        nvbit         0000
__Lnvrram                       nvrram        0000
__Lparam                        rparam        0000
__Lpowerup                      powerup       030E
__Lram                          ram           0000
__Lramtop                       ramtop        1000
__Lrbit                         rbit          0000
__Lrbss                         rbss          0000
__Lrdata                        rdata         0000
__Lreset_vec                    reset_vec     0000
__Lrparam                       rparam        0000
__Lsfr                          sfr           0000
__Lsmallconst                   smallconst    0000
__Lspace_0                      (abs)         0000
__Lspace_1                      (abs)         0000
__Lspace_2                      (abs)         0000
__Lspace_4                      (abs)         0000
__Lstack                        stack         0000
__Lstruct                       struct        0000
__Ltemp                         temp          0057
__Ltext                         text          0000
__Ltext0                        text0         0000
__Ltext1                        text1         0000
__Ltext10                       text10        0000
__Ltext11                       text11        0000
__Ltext12                       text12        0000
__Ltext13                       text13        0000
__Ltext14                       text14        0000
__Ltext15                       text15        0000
__Ltext16                       text16        0000
__Ltext17                       text17        0000
__Ltext18                       text18        0000
__Ltext19                       text19        0000
__Ltext2                        text2         0000
__Ltext20                       text20        0000
__Ltext21                       text21        0000
__Ltext22                       text22        0000
__Ltext23                       text23        0000
__Ltext24                       text24        0000
__Ltext25                       text25        0000
__Ltext26                       text26        0000
__Ltext27                       text27        0000
__Ltext28                       text28        0000
__Ltext29                       text29        0000
__Ltext3                        text3         0000
__Ltext30                       text30        0000
__Ltext31                       text31        0000
__Ltext32                       text32        0000
__Ltext33                       text33        0000
__Ltext34                       text34        0000
__Ltext35                       text35        0000
__Ltext36                       text36        0000
__Ltext37                       text37        0000
__Ltext38                       text38        0000
__Ltext39                       text39        0000
__Ltext4                        text4         0000
__Ltext40                       text40        0000
__Ltext41                       text41        0000
__Ltext43                       text43        0000
__Ltext44                       text44        0000
__Ltext45                       text45        0000
__Ltext5                        text5         0000
__Ltext6                        text6         0000
__Ltext7                        text7         0000
__Ltext8                        text8         0000
__Ltext9                        text9         0000
__S0                            (abs)         28BF
__S1                            (abs)         00A6
__S4                            (abs)         0000
___aldiv                        text19        1BCC
___aldiv@counter                cstackCOMRAM  0044
___aldiv@dividend               cstackCOMRAM  003C
___aldiv@divisor                cstackCOMRAM  0040
___aldiv@quotient               cstackCOMRAM  0046
___aldiv@sign                   cstackCOMRAM  0045
___awdiv                        text26        2098
___awdiv@counter                cstackCOMRAM  0040
___awdiv@dividend               cstackCOMRAM  003C
___awdiv@divisor                cstackCOMRAM  003E
___awdiv@quotient               cstackCOMRAM  0042
___awdiv@sign                   cstackCOMRAM  0041
___awmod                        text25        215C
___awmod@counter                cstackCOMRAM  0040
___awmod@dividend               cstackCOMRAM  003C
___awmod@divisor                cstackCOMRAM  003E
___awmod@sign                   cstackCOMRAM  0041
___extmem_base                  (abs)         8000
___heap_hi                      (abs)         0000
___heap_lo                      (abs)         0000
___inthi_sp                     stack         0000
___intlo_sp                     stack         0000
___param_bank                   (abs)         0000
___rparam_used                  (abs)         0001
___sp                           stack         0000
__accesstop                     (abs)         0060
__activetblptr                  (abs)         0002
__end_of_AD_capture_BattVoltage text40        2620
__end_of_Clr_RG3                text39        28B4
__end_of_Get7Seg                text27        2098
__end_of_Homing_Again_Auto      text28        197C
__end_of_Homing_Again_Manual    text23        1756
__end_of_InitSTLED316           text22        2340
__end_of_InitTimer1             text21        2808
__end_of_Low_Power_Indicator    text45        2700
__end_of_MotorBREAK             text38        288C
__end_of_MotorON                text36        2882
__end_of_MotorPosition_Init     text20        1DE4
__end_of_PWM_Selection          text12        1AAC
__end_of_Read1USART             text44        27CC
__end_of_Read_IR                text35        27F0
__end_of_STLED316s_SPI_SendData text34        23C0
__end_of_Set_RG3                text37        28AC
__end_of_ToggleVIB_Mode         text11        25E2
__end_of_Write1USART            text31        2834
__end_of_WriteSTLED316SData     text24        22B4
__end_of_WriteSTLED316SErr      text33        1FCC
__end_of_WriteSTLED316SMode     text32        1EE4
__end_of_WriteSTLED316SVibMode  text10        1BCC
__end_of___aldiv                text19        1CD8
__end_of___awdiv                text26        215C
__end_of___awmod                text25        220C
__end_of__initialization        cinit         24F2
__end_of_delay_1ms              text41        275A
__end_of_flush                  text9         265A
__end_of_flushOut               text30        2694
__end_of_high_isr               intcode       030E
__end_of_i2c_Address            text17        285E
__end_of_i2c_Init               text8         281E
__end_of_i2c_Read               text3         26CA
__end_of_i2c_Restart            text2         2894
__end_of_i2c_Start              text16        28A4
__end_of_i2c_Stop               text15        289C
__end_of_i2c_Wait               text18        27A6
__end_of_i2c_Write              text14        2878
__end_of_init                   text7         2432
__end_of_initMotor              text6         286C
__end_of_initUSART              text5         2780
__end_of_main                   text0         12A4
__end_of_pwm_set                text4         272E
__end_of_readWeighingData       text29        255A
__end_of_read_i2c               text1         249A
__end_of_write_i2c              text13        25A4
__end_ofi2_Write1USART          text43        284A
__initialization                cinit         249A
__mediumconst                   mediumconst   0000
__pbssBANK0                     bssBANK0      0060
__pbssCOMRAM                    bssCOMRAM     0001
__pcinit                        cinit         249A
__pcstackBANK0                  cstackBANK0   009A
__pcstackCOMRAM                 cstackCOMRAM  0034
__pdataBANK0                    dataBANK0     00A2
__pdataCOMRAM                   dataCOMRAM    0050
__pidataBANK0                   idataBANK0    28BB
__pidataCOMRAM                  idataCOMRAM   28B4
__pintcode                      intcode       0008
__ptext0                        text0         0312
__ptext1                        text1         2432
__ptext10                       text10        1AAC
__ptext11                       text11        25A4
__ptext12                       text12        197C
__ptext13                       text13        255A
__ptext14                       text14        286C
__ptext15                       text15        2894
__ptext16                       text16        289C
__ptext17                       text17        284A
__ptext18                       text18        2780
__ptext19                       text19        1BCC
__ptext2                        text2         288C
__ptext20                       text20        1CD8
__ptext21                       text21        27F0
__ptext22                       text22        22B4
__ptext23                       text23        12A4
__ptext24                       text24        220C
__ptext25                       text25        215C
__ptext26                       text26        2098
__ptext27                       text27        1FCC
__ptext28                       text28        1756
__ptext29                       text29        2500
__ptext3                        text3         2694
__ptext30                       text30        265A
__ptext31                       text31        281E
__ptext32                       text32        1DE4
__ptext33                       text33        1EE4
__ptext34                       text34        2340
__ptext35                       text35        27CC
__ptext36                       text36        2878
__ptext37                       text37        28A4
__ptext38                       text38        2882
__ptext39                       text39        28AC
__ptext4                        text4         2700
__ptext40                       text40        25E2
__ptext41                       text41        272E
__ptext43                       text43        2834
__ptext44                       text44        27A6
__ptext45                       text45        26CA
__ptext5                        text5         275A
__ptext6                        text6         285E
__ptext7                        text7         23C0
__ptext8                        text8         2808
__ptext9                        text9         2620
__ramtop                        ramtop        1000
__smallconst                    smallconst    0000
_data                           bssCOMRAM     002D
_delay_1ms                      text41        272E
_delay_motor_stop_time          bssCOMRAM     0029
_dispense                       bssCOMRAM     0009
_dutyCycle_reg                  bssCOMRAM     000D
_duty_cycle                     bssCOMRAM     000B
_errorcounter                   dataCOMRAM    0050
_flush                          text9         2620
_flushOut                       text30        265A
_high_isr                       intcode       0008
_holdTimeLeft                   bssCOMRAM     0005
_holdTimeMode                   bssCOMRAM     0003
_holdTimeRight                  bssCOMRAM     0007
_i                              bssCOMRAM     0013
_i2c_Address                    text17        284A
_i2c_Init                       text8         2808
_i2c_Read                       text3         2694
_i2c_Restart                    text2         288C
_i2c_Start                      text16        289C
_i2c_Stop                       text15        2894
_i2c_Wait                       text18        2780
_i2c_Write                      text14        286C
_i_RUN_ZERO                     bssCOMRAM     0017
_init                           text7         23C0
_initMotor                      text6         285E
_initUSART                      text5         275A
_main                           text0         0312
_motor_status                   bssCOMRAM     0030
_pause_Time                     bssCOMRAM     002B
_pwm_count                      bssBANK0      0094
_pwm_mode                       bssBANK0      0092
_pwm_set                        text4         2700
_readWeighingData               text29        2500
_read_i2c                       text1         2432
_temp                           bssBANK0      0090
_test_redled                    bssCOMRAM     0001
_vib_Time                       bssCOMRAM     002A
_vibration_mode                 bssCOMRAM     002E
_write_i2c                      text13        255A
btemp                           temp          0057
delay_1ms@time                  cstackCOMRAM  003C
end_of_initialization           cinit         24F2
flush@i                         cstackCOMRAM  003C
flushOut@i                      cstackCOMRAM  003C
high_isr@Temp                   cstackCOMRAM  0039
high_isr@c                      cstackCOMRAM  003A
high_isr@i                      cstackCOMRAM  003B
i2Write1USART@data              cstackCOMRAM  0034
i2_Write1USART                  text43        2834
i2c_Address@address             cstackCOMRAM  003E
i2c_Address@l_address           cstackCOMRAM  003F
i2c_Address@mode                cstackCOMRAM  003D
i2c_Read@ack                    cstackCOMRAM  003F
i2c_Read@i2cReadData            cstackCOMRAM  0040
i2c_Write@data                  cstackCOMRAM  003D
int$flags                       temp          0057
intlevel0                       text          0000
intlevel1                       text          0000
intlevel2                       text          0000
intlevel3                       text          0000
isa$std                         (abs)         0001
isa$xinst                       (abs)         0000
pwm_set@duty                    cstackCOMRAM  003C
readWeighingData@i              cstackCOMRAM  003E
read_i2c@address                cstackCOMRAM  004A
read_i2c@read_byte              cstackCOMRAM  004E
stackhi                         (abs)         0000
stacklo                         (abs)         0000
start                           init          030E
start_initialization            cinit         249A
ttemp5                          temp          0058
ttemp6                          temp          005B
ttemp7                          temp          005F
write_i2c@address               cstackCOMRAM  004A
write_i2c@data                  cstackCOMRAM  004E
wtemp8                          temp          0058


MODULE INFORMATION

Module		Function		Class		Link	Load	Size
C:\Program Files\Microchip\xc8\v2.40\pic\sources\c99\common\awdiv.c
		___awdiv       		CODE           	2098	0000	196

C:\Program Files\Microchip\xc8\v2.40\pic\sources\c99\common\awdiv.c estimated size: 196

C:\Program Files\Microchip\xc8\v2.40\pic\sources\c99\common\aldiv.c
		___aldiv       		CODE           	1BCC	0000	268

C:\Program Files\Microchip\xc8\v2.40\pic\sources\c99\common\aldiv.c estimated size: 268

usart.c
		_Read1USART    		CODE           	27A6	0000	38
		_Write1USART   		CODE           	281E	0000	22
		_initUSART     		CODE           	275A	0000	38

usart.c estimated size: 98

i2c.c
		_read_i2c      		CODE           	2432	0000	104
		_i2c_Address   		CODE           	284A	0000	20
		_i2c_Write     		CODE           	286C	0000	12
		_i2c_Stop      		CODE           	2894	0000	8
		_i2c_Wait      		CODE           	2780	0000	38
		_i2c_Read      		CODE           	2694	0000	54
		_i2c_Init      		CODE           	2808	0000	22
		_write_i2c     		CODE           	255A	0000	74
		_i2c_Start     		CODE           	289C	0000	8
		_i2c_Restart   		CODE           	288C	0000	8

i2c.c estimated size: 348

IO.c
		_init          		CODE           	23C0	0000	114

IO.c estimated size: 114

shared
		__initialization		CODE           	249A	0000	88
		i2_Write1USART 		CODE           	2834	0000	22

shared estimated size: 110

Display.c
		_WriteSTLED316SVibMode		CODE           	1AAC	0000	288
		_InitSTLED316  		CODE           	22B4	0000	140
		_Get7Seg       		CODE           	1FCC	0000	204
		_STLED316s_SPI_SendData		CODE           	2340	0000	128
		_WriteSTLED316SErr		CODE           	1EE4	0000	232
		_WriteSTLED316SData		CODE           	220C	0000	168
		_WriteSTLED316SMode		CODE           	1DE4	0000	256

Display.c estimated size: 1416

C:\Program Files\Microchip\xc8\v2.40\pic\sources\c99\common\awmod.c
		___awmod       		CODE           	215C	0000	176

C:\Program Files\Microchip\xc8\v2.40\pic\sources\c99\common\awmod.c estimated size: 176

MotorDriver.c
		_MotorON       		CODE           	2878	0000	10
		_initMotor     		CODE           	285E	0000	14
		_MotorBREAK    		CODE           	2882	0000	10
		_Clr_RG3       		CODE           	28AC	0000	8
		_Set_RG3       		CODE           	28A4	0000	8

MotorDriver.c estimated size: 50

main.c
		_Homing_Again_Auto		CODE           	1756	0000	550
		_pwm_set       		CODE           	2700	0000	46
		_AD_capture_BattVoltage		CODE           	25E2	0000	62
		_readWeighingData		CODE           	2500	0000	90
		_InitTimer1    		CODE           	27F0	0000	24
		_flush         		CODE           	2620	0000	58
		_main          		CODE           	0312	0000	3986
		_ToggleVIB_Mode		CODE           	25A4	0000	62
		_high_isr      		CODE           	0008	0000	774
		_delay_1ms     		CODE           	272E	0000	44
		_Homing_Again_Manual		CODE           	12A4	0000	1202
		_PWM_Selection 		CODE           	197C	0000	304
		_Read_IR       		CODE           	27CC	0000	36
		_Low_Power_Indicator		CODE           	26CA	0000	54
		_flushOut      		CODE           	265A	0000	58
		_MotorPosition_Init		CODE           	1CD8	0000	268

main.c estimated size: 7618

