Microchip MPLAB XC8 Compiler V2.05 ()

Linker command line:

-W-3 --edf=C:\Program Files\Microchip\xc8\v2.05\pic\dat\en_msgs.txt -cs \
  -h+dist/default/production\Solid_Dispenser_V3.2.X.production.sym \
  --cmf=dist/default/production\Solid_Dispenser_V3.2.X.production.cmf -z \
  -Q18F65J50 \
  -oC:\Windows\system32\config\SYSTEM~1\AppData\Local\Temp\s61c.2 \
  --defsym=__MPLAB_BUILD=1 \
  -Mdist/default/production/Solid_Dispenser_V3.2.X.production.map -E1 \
  -ver=XC8 --acfsm=1493 -ASTACK=080h-0F3Fh -pstack=STACK -ACODE=00h-07FF7h \
  -ACONST=00h-07FF7h -ASMALLCONST=01000h-010FFhx111,07F00h-07FF7h \
  -AMEDIUMCONST=01000h-07FF7h -ACOMRAM=01h-05Fh -AABS1=00h-0F3Fh \
  -ABIGRAM=01h-0F3Fh -ARAM=060h-0FFh,0100h-01FFhx14,0F00h-0F3Fh \
  -ABANK0=060h-0FFh -ABANK1=0100h-01FFh -ABANK2=0200h-02FFh \
  -ABANK3=0300h-03FFh -ABANK4=0400h-04FFh -ABANK5=0500h-05FFh \
  -ABANK6=0600h-06FFh -ABANK7=0700h-07FFh -ABANK8=0800h-08FFh \
  -ABANK9=0900h-09FFh -ABANK10=0A00h-0AFFh -ABANK11=0B00h-0BFFh \
  -ABANK12=0C00h-0CFFh -ABANK13=0D00h-0DFFh -ABANK14=0E00h-0EFFh \
  -ABANK15=0F00h-0F3Fh -ASFR=0F40h-0F5Fh,0F60h-0FFFh \
  -preset_vec=00h,intcode=08h,intcodelo,powerup,init -pramtop=01000h \
  -psmallconst=SMALLCONST -pmediumconst=MEDIUMCONST -pconst=CONST \
  -AFARRAM=00h-00h -ACONFIG=07FF8h-07FFDh -pconfig=CONFIG \
  -pjflash_buffer=07800h \
  -prdata=COMRAM,nvrram=COMRAM,nvbit=COMRAM,rbss=COMRAM,rbit=COMRAM \
  -pfarbss=FARRAM,fardata=FARRAM,nvFARRAM=FARRAM \
  -pintsave_regs=BIGRAM,bigbss=BIGRAM,bigdata=BIGRAM -pbss=RAM \
  -pidata=CODE,irdata=CODE,ibigdata=CODE,ifardata=CODE -prparam=COMRAM \
  C:\Windows\system32\config\SYSTEM~1\AppData\Local\Temp\s61c.o \
  dist/default/production\Solid_Dispenser_V3.2.X.production.o 

Object code version is 3.11

Machine type is 18F65J50

Call graph: (short form)




                Name                               Link     Load   Length Selector   Space Scale
C:\Windows\system32\config\SYSTEM~1\AppData\Local\Temp\s61c.o
                init                                186      186        4        4       0
                reset_vec                             0        0        4        0       0
                config                             7FF8     7FF8        6     7FF8       0
dist/default/production\Solid_Dispenser_V3.2.X.production.o
                intcode                               8        8      17E        4       0
                temp                                 59       59        1        1       1
                text41                             16B4     16B4       1A        4       0
                text40                             176C     176C        C        4       0
                text38                             17A4     17A4        8        4       0
                text37                             1782     1782        A        4       0
                text36                             1760     1760        C        4       0
                text35                             1778     1778        A        4       0
                text34                             16E6     16E6       18        4       0
                text33                             13F8     13F8       52        4       0
                text32                             103C     103C       C0        4       0
                text31                              E9C      E9C       D4        4       0
                text30                             1694     1694       20        4       0
                text29                             1754     1754        C        4       0
                text28                             15E6     15E6       30        4       0
                text27                             144A     144A       4E        4       0
                text26                              C06      C06      1AA        4       0
                text25                             129C     129C       84        4       0
                text24                             1218     1218       84        4       0
                text23                             1320     1320       70        4       0
                text22                             10FC     10FC       92        4       0
                text21                              A1C      A1C      1EA        4       0
                text20                             118E     118E       8A        4       0
                text19                             16CE     16CE       18        4       0
                text18                              DB0      DB0       EC        4       0
                text17                              F70      F70       CC        4       0
                text16                             1728     1728       12        4       0
                text15                             1714     1714       14        4       0
                text14                             179C     179C        8        4       0
                text13                             1794     1794        8        4       0
                text12                             1748     1748        C        4       0
                text11                             14E4     14E4       4A        4       0
                text10                             1616     1616       2E        4       0
                text9                              1574     1574       42        4       0
                text8                              15B6     15B6       30        4       0
                text7                              16FE     16FE       16        4       0
                text6                              1498     1498       4C        4       0
                text5                              173A     173A        E        4       0
                text4                              166E     166E       26        4       0
                text3                              1644     1644       2A        4       0
                text2                              178C     178C        8        4       0
                text1                              1390     1390       68        4       0
                text0                               18A      18A      892        4       0
                cstackCOMRAM                         36       36       1C        1       1
                bssBANK0                             60       60       20       60       1
                dataCOMRAM                           52       52        7        1       1
                bssCOMRAM                             1        1       35        1       1
                cinit                              152E     152E       46        4       0
                idataCOMRAM                        17AC     17AC        7        4       0

TOTAL           Name                               Link     Load   Length     Space
        CLASS   STACK          

        CLASS   CODE           
                intcode                               8        8      17E         0
                init                                186      186        4         0
                reset_vec                             0        0        4         0
                text41                             16B4     16B4       1A         0
                text40                             176C     176C        C         0
                text38                             17A4     17A4        8         0
                text37                             1782     1782        A         0
                text36                             1760     1760        C         0
                text35                             1778     1778        A         0
                text34                             16E6     16E6       18         0
                text33                             13F8     13F8       52         0
                text32                             103C     103C       C0         0
                text31                              E9C      E9C       D4         0
                text30                             1694     1694       20         0
                text29                             1754     1754        C         0
                text28                             15E6     15E6       30         0
                text27                             144A     144A       4E         0
                text26                              C06      C06      1AA         0
                text25                             129C     129C       84         0
                text24                             1218     1218       84         0
                text23                             1320     1320       70         0
                text22                             10FC     10FC       92         0
                text21                              A1C      A1C      1EA         0
                text20                             118E     118E       8A         0
                text19                             16CE     16CE       18         0
                text18                              DB0      DB0       EC         0
                text17                              F70      F70       CC         0
                text16                             1728     1728       12         0
                text15                             1714     1714       14         0
                text14                             179C     179C        8         0
                text13                             1794     1794        8         0
                text12                             1748     1748        C         0
                text11                             14E4     14E4       4A         0
                text10                             1616     1616       2E         0
                text9                              1574     1574       42         0
                text8                              15B6     15B6       30         0
                text7                              16FE     16FE       16         0
                text6                              1498     1498       4C         0
                text5                              173A     173A        E         0
                text4                              166E     166E       26         0
                text3                              1644     1644       2A         0
                text2                              178C     178C        8         0
                text1                              1390     1390       68         0
                text0                               18A      18A      892         0
                cinit                              152E     152E       46         0
                idataCOMRAM                        17AC     17AC        7         0

        CLASS   CONST          

        CLASS   SMALLCONST     

        CLASS   MEDIUMCONST    

        CLASS   COMRAM         
                temp                                 59       59        1         1
                cstackCOMRAM                         36       36       1C         1
                dataCOMRAM                           52       52        7         1
                bssCOMRAM                             1        1       35         1

        CLASS   ABS1           

        CLASS   BIGRAM         

        CLASS   RAM            

        CLASS   BANK0          
                bssBANK0                             60       60       20         1

        CLASS   BANK1          

        CLASS   BANK2          

        CLASS   BANK3          

        CLASS   BANK4          

        CLASS   BANK5          

        CLASS   BANK6          

        CLASS   BANK7          

        CLASS   BANK8          

        CLASS   BANK9          

        CLASS   BANK10         

        CLASS   BANK11         

        CLASS   BANK12         

        CLASS   BANK13         

        CLASS   BANK14         

        CLASS   BANK15         

        CLASS   SFR            

        CLASS   FARRAM         

        CLASS   CONFIG         
                config                             7FF8     7FF8        6         0

        CLASS   IDLOC          



SEGMENTS        Name                           Load    Length   Top    Selector   Space  Class

                reset_vec                      000000  000004  000004         0       0  CODE    
                bssCOMRAM                      000001  000059  00005A         1       1  COMRAM  
                intcode                        000008  0017AB  0017B3         4       0  CODE    
                bssBANK0                       000060  000020  000080        60       1  BANK0   
                config                         007FF8  000006  007FFE      7FF8       0  CONFIG  


UNUSED ADDRESS RANGES

        Name                Unused          Largest block    Delta
        BANK0            0080-00FF             80
        BANK1            0100-01FF            100
        BANK10           0A00-0AFF            100
        BANK11           0B00-0BFF            100
        BANK12           0C00-0CFF            100
        BANK13           0D00-0DFF            100
        BANK14           0E00-0EFF            100
        BANK15           0F00-0F3F             40
        BANK2            0200-02FF            100
        BANK3            0300-03FF            100
        BANK4            0400-04FF            100
        BANK5            0500-05FF            100
        BANK6            0600-06FF            100
        BANK7            0700-07FF            100
        BANK8            0800-08FF            100
        BANK9            0900-09FF            100
        BIGRAM           005A-005F              6
                         0080-0F3F            EC0
        CODE             0004-0007              4
                         17B3-7FF7           6845
        COMRAM           005A-005F              6
        CONST            0004-0007              4
                         17B3-7FF7           6845
        MEDIUMCONST      17B3-7FF7           6845
        RAM              0080-0F3F            100
        SFR              0F40-0FFF             20
        SMALLCONST       17B3-7FF7            100
        STACK            0080-0F3F            EC0

                                  Symbol Table

?_Read_IR                        cstackCOMRAM  003C
?___aldiv                        cstackCOMRAM  003C
?___awdiv                        cstackCOMRAM  003C
?___awmod                        cstackCOMRAM  003C
?_i2c_Read                       cstackCOMRAM  003D
?_read_i2c                       cstackCOMRAM  004A
Get7Seg@Data                     cstackCOMRAM  0040
Get7Seg@Digit                    cstackCOMRAM  003C
InitSTLED316@Brightness          cstackCOMRAM  0044
Read1USART@result                cstackCOMRAM  0036
STLED316s_SPI_SendData@Data      cstackCOMRAM  003E
STLED316s_SPI_SendData@i         cstackCOMRAM  0040
STLED316s_SPI_SendData@t         cstackCOMRAM  0041
STLED316s_SPI_SendData@temp      cstackCOMRAM  003F
Write1USART@data                 cstackCOMRAM  003C
WriteSTLED316SData@NUM_DIG0      cstackCOMRAM  0047
WriteSTLED316SData@NUM_DIG1      cstackCOMRAM  0049
WriteSTLED316SData@data3         cstackCOMRAM  004B
WriteSTLED316SData@data4         cstackCOMRAM  004C
WriteSTLED316SData@number        cstackCOMRAM  0044
WriteSTLED316SData@v_mode        cstackCOMRAM  0046
WriteSTLED316SErr@msg            cstackCOMRAM  0044
WriteSTLED316SMode@msg           cstackCOMRAM  0044
WriteSTLED316SVibMode@v_mode     cstackCOMRAM  0042
_ACKDT2                          (abs)         7B5D
_ACKEN2                          (abs)         7B5C
_ADCON0bits                      (abs)         0FC2
_ADCON1bits                      (abs)         0FC1
_ANCON0bits                      (abs)         0FC1
_BAUDCON1bits                    (abs)         0F7E
_Busy                            bssCOMRAM     0031
_CCP4CON                         (abs)         0F73
_CCPR4L                          (abs)         0F74
_Clr_RG3_PWM                     text38        17A4
_Device_ID                       bssCOMRAM     001B
_EAdd_High                       bssCOMRAM     0025
_EAdd_Low                        bssCOMRAM     0023
_ETemp                           bssCOMRAM     0021
_GIE                             (abs)         7F97
_Get7Seg                         text25        129C
_Homing_Again_Auto               text26        0C06
_Homing_Again_Manual             text21        0A1C
_INTCONbits                      (abs)         0FF2
_IPR1bits                        (abs)         0F9F
_IR_SENSORF                      bssCOMRAM     0011
_InitSTLED316                    text20        118E
_InitTimer1                      text19        16CE
_LATAbits                        (abs)         0F89
_LATCbits                        (abs)         0F8B
_LATDbits                        (abs)         0F8C
_LATGbits                        (abs)         0F8F
_MotorBREAK                      text37        1782
_MotorON_PWM                     text35        1778
_MotorPosition_Init              text18        0DB0
_Motor_Pause_Time                bssCOMRAM     0019
_Motor_Speed                     bssCOMRAM     001F
_Motor_Stop_Delay_Time           bssCOMRAM     001D
_NUM                             bssCOMRAM     0017
_NUM_REC                         bssCOMRAM     0015
_OSCCONbits                      (abs)         0FD3
_OpMode                          bssCOMRAM     002E
_PEN2                            (abs)         7B5A
_PIE1bits                        (abs)         0F9D
_PIR1bits                        (abs)         0F9E
_PORTAbits                       (abs)         0F80
_PORTBbits                       (abs)         0F81
_PR4                             (abs)         0F77
_PWM_Duty_Cycle                  bssCOMRAM     002A
_PWM_reg                         dataCOMRAM    0058
_RCEN2                           (abs)         7B5B
_RCONbits                        (abs)         0FD0
_RCREG1                          (abs)         0FAF
_RCSTA1bits                      (abs)         0FAC
_RSEN2                           (abs)         7B59
_Read1USART                      text41        16B4
_Read_IR                         text34        16E6
_SEN2                            (abs)         7B58
_SPBRG1                          (abs)         0FB0
_SPBRGH1                         (abs)         0F7F
_SSP2ADD                         (abs)         0F6E
_SSP2BUF                         (abs)         0F6F
_SSP2CON1                        (abs)         0F6C
_SSP2CON2                        (abs)         0F6B
_SSP2STAT                        (abs)         0F6D
_STLED316s_SPI_SendData          text33        13F8
_Serial_Buffer                   bssCOMRAM     0001
_Serial_Buffer_Out               bssBANK0      0060
_Serial_Count                    bssCOMRAM     0027
_Serial_Flag                     bssCOMRAM     0035
_Serial_GData                    bssCOMRAM     0034
_Serial_Temp_Buffer              bssBANK0      0070
_Set_RG3_PWM                     text36        1760
_Stop                            bssCOMRAM     0033
_T1CON                           (abs)         0FCD
_T3CONbits                       (abs)         0F79
_T4CON                           (abs)         0F76
_T4CONbits                       (abs)         0F76
_TMR1                            (abs)         0FCE
_TMR1IE                          (abs)         7CE8
_TMR1IF                          (abs)         7CF0
_TMR1IF_triggered                bssCOMRAM     0029
_TRISA                           (abs)         0F92
_TRISB                           (abs)         0F93
_TRISC                           (abs)         0F94
_TRISCbits                       (abs)         0F94
_TRISD                           (abs)         0F95
_TRISD5                          (abs)         7CAD
_TRISD6                          (abs)         7CAE
_TRISE                           (abs)         0F96
_TRISF                           (abs)         0F97
_TRISG                           (abs)         0F98
_TXREG1                          (abs)         0FAE
_TXSTA1bits                      (abs)         0FAD
_ToggleVIB_Mode                  text10        1616
_Vmotor_Time                     dataCOMRAM    0056
_WDTCONbits                      (abs)         0FC0
_Write1USART                     text29        1754
_WriteSTLED316SData              text22        10FC
_WriteSTLED316SErr               text32        103C
_WriteSTLED316SMode              text31        0E9C
_WriteSTLED316SVibMode           text9         1574
__CFG_CCP2MX$DEFAULT             (abs)         0000
__CFG_CP0$OFF                    (abs)         0000
__CFG_CPUDIV$OSC1                (abs)         0000
__CFG_DEBUG$OFF                  (abs)         0000
__CFG_FCMEN$OFF                  (abs)         0000
__CFG_FOSC$INTOSCPLLO            (abs)         0000
__CFG_IESO$OFF                   (abs)         0000
__CFG_MSSPMSK$MSK5               (abs)         0000
__CFG_PLLDIV$1                   (abs)         0000
__CFG_STVREN$ON                  (abs)         0000
__CFG_WDTEN$OFF                  (abs)         0000
__CFG_WDTPS$2048                 (abs)         0000
__CFG_XINST$OFF                  (abs)         0000
__HRAM                           (abs)         0000
__Habs1                          abs1          0000
__Hbank0                         bank0         0000
__Hbank1                         bank1         0000
__Hbank10                        bank10        0000
__Hbank11                        bank11        0000
__Hbank12                        bank12        0000
__Hbank13                        bank13        0000
__Hbank14                        bank14        0000
__Hbank15                        bank15        0000
__Hbank2                         bank2         0000
__Hbank3                         bank3         0000
__Hbank4                         bank4         0000
__Hbank5                         bank5         0000
__Hbank6                         bank6         0000
__Hbank7                         bank7         0000
__Hbank8                         bank8         0000
__Hbank9                         bank9         0000
__Hbigbss                        bigbss        0000
__Hbigdata                       bigdata       0000
__Hbigram                        bigram        0000
__Hbss                           bss           0000
__HbssBANK0                      bssBANK0      0000
__HbssCOMRAM                     bssCOMRAM     0000
__Hcinit                         cinit         0000
__Hclrtext                       clrtext       0000
__Hcomram                        comram        0000
__Hconfig                        config        7FFE
__Hconst                         const         0000
__HcstackCOMRAM                  cstackCOMRAM  0000
__Hdata                          data          0000
__HdataCOMRAM                    dataCOMRAM    0000
__Hfarbss                        farbss        0000
__Hfardata                       fardata       0000
__Hibigdata                      ibigdata      0000
__Hidata                         idata         0000
__HidataCOMRAM                   idataCOMRAM   0000
__Hidloc                         idloc         0000
__Hifardata                      ifardata      0000
__Hinit                          init          018A
__Hintcode                       intcode       0186
__Hintcode_body                  intcode_body  0000
__Hintcodelo                     intcodelo     0186
__Hintentry                      intentry      0000
__Hintret                        intret        0000
__Hintsave_regs                  intsave_regs  0000
__Hirdata                        irdata        0000
__Hjflash_buffer                 jflash_buffer 7800
__Hmediumconst                   mediumconst   0000
__HnvFARRAM                      nvFARRAM      0000
__Hnvbit                         nvbit         0000
__Hnvrram                        nvrram        0000
__Hparam                         rparam        0000
__Hpowerup                       powerup       0186
__Hram                           ram           0000
__Hramtop                        ramtop        1000
__Hrbit                          rbit          0000
__Hrbss                          rbss          0000
__Hrdata                         rdata         0000
__Hreset_vec                     reset_vec     0004
__Hrparam                        rparam        0000
__Hsfr                           sfr           0000
__Hsmallconst                    smallconst    0000
__Hspace_0                       (abs)         7FFE
__Hspace_1                       (abs)         0080
__Hspace_2                       (abs)         0000
__Hstack                         stack         0000
__Hstruct                        struct        0000
__Htemp                          temp          005A
__Htext                          text          0000
__Htext0                         text0         0000
__Htext1                         text1         0000
__Htext10                        text10        0000
__Htext11                        text11        0000
__Htext12                        text12        0000
__Htext13                        text13        0000
__Htext14                        text14        0000
__Htext15                        text15        0000
__Htext16                        text16        0000
__Htext17                        text17        0000
__Htext18                        text18        0000
__Htext19                        text19        0000
__Htext2                         text2         0000
__Htext20                        text20        0000
__Htext21                        text21        0000
__Htext22                        text22        0000
__Htext23                        text23        0000
__Htext24                        text24        0000
__Htext25                        text25        0000
__Htext26                        text26        0000
__Htext27                        text27        0000
__Htext28                        text28        0000
__Htext29                        text29        0000
__Htext3                         text3         0000
__Htext30                        text30        0000
__Htext31                        text31        0000
__Htext32                        text32        0000
__Htext33                        text33        0000
__Htext34                        text34        0000
__Htext35                        text35        0000
__Htext36                        text36        0000
__Htext37                        text37        0000
__Htext38                        text38        0000
__Htext4                         text4         0000
__Htext40                        text40        0000
__Htext41                        text41        0000
__Htext5                         text5         0000
__Htext6                         text6         0000
__Htext7                         text7         0000
__Htext8                         text8         0000
__Htext9                         text9         0000
__LRAM                           (abs)         0001
__Labs1                          abs1          0000
__Lbank0                         bank0         0000
__Lbank1                         bank1         0000
__Lbank10                        bank10        0000
__Lbank11                        bank11        0000
__Lbank12                        bank12        0000
__Lbank13                        bank13        0000
__Lbank14                        bank14        0000
__Lbank15                        bank15        0000
__Lbank2                         bank2         0000
__Lbank3                         bank3         0000
__Lbank4                         bank4         0000
__Lbank5                         bank5         0000
__Lbank6                         bank6         0000
__Lbank7                         bank7         0000
__Lbank8                         bank8         0000
__Lbank9                         bank9         0000
__Lbigbss                        bigbss        0000
__Lbigdata                       bigdata       0000
__Lbigram                        bigram        0000
__Lbss                           bss           0000
__LbssBANK0                      bssBANK0      0000
__LbssCOMRAM                     bssCOMRAM     0000
__Lcinit                         cinit         0000
__Lclrtext                       clrtext       0000
__Lcomram                        comram        0000
__Lconfig                        config        7FF8
__Lconst                         const         0000
__LcstackCOMRAM                  cstackCOMRAM  0000
__Ldata                          data          0000
__LdataCOMRAM                    dataCOMRAM    0000
__Lfarbss                        farbss        0000
__Lfardata                       fardata       0000
__Libigdata                      ibigdata      0000
__Lidata                         idata         0000
__LidataCOMRAM                   idataCOMRAM   0000
__Lidloc                         idloc         0000
__Lifardata                      ifardata      0000
__Linit                          init          0186
__Lintcode                       intcode       0008
__Lintcode_body                  intcode_body  0000
__Lintcodelo                     intcodelo     0186
__Lintentry                      intentry      0000
__Lintret                        intret        0000
__Lintsave_regs                  intsave_regs  0000
__Lirdata                        irdata        0000
__Ljflash_buffer                 jflash_buffer 7800
__Lmediumconst                   mediumconst   0000
__LnvFARRAM                      nvFARRAM      0000
__Lnvbit                         nvbit         0000
__Lnvrram                        nvrram        0000
__Lparam                         rparam        0000
__Lpowerup                       powerup       0186
__Lram                           ram           0000
__Lramtop                        ramtop        1000
__Lrbit                          rbit          0000
__Lrbss                          rbss          0000
__Lrdata                         rdata         0000
__Lreset_vec                     reset_vec     0000
__Lrparam                        rparam        0000
__Lsfr                           sfr           0000
__Lsmallconst                    smallconst    0000
__Lspace_0                       (abs)         0000
__Lspace_1                       (abs)         0000
__Lspace_2                       (abs)         0000
__Lstack                         stack         0000
__Lstruct                        struct        0000
__Ltemp                          temp          0059
__Ltext                          text          0000
__Ltext0                         text0         0000
__Ltext1                         text1         0000
__Ltext10                        text10        0000
__Ltext11                        text11        0000
__Ltext12                        text12        0000
__Ltext13                        text13        0000
__Ltext14                        text14        0000
__Ltext15                        text15        0000
__Ltext16                        text16        0000
__Ltext17                        text17        0000
__Ltext18                        text18        0000
__Ltext19                        text19        0000
__Ltext2                         text2         0000
__Ltext20                        text20        0000
__Ltext21                        text21        0000
__Ltext22                        text22        0000
__Ltext23                        text23        0000
__Ltext24                        text24        0000
__Ltext25                        text25        0000
__Ltext26                        text26        0000
__Ltext27                        text27        0000
__Ltext28                        text28        0000
__Ltext29                        text29        0000
__Ltext3                         text3         0000
__Ltext30                        text30        0000
__Ltext31                        text31        0000
__Ltext32                        text32        0000
__Ltext33                        text33        0000
__Ltext34                        text34        0000
__Ltext35                        text35        0000
__Ltext36                        text36        0000
__Ltext37                        text37        0000
__Ltext38                        text38        0000
__Ltext4                         text4         0000
__Ltext40                        text40        0000
__Ltext41                        text41        0000
__Ltext5                         text5         0000
__Ltext6                         text6         0000
__Ltext7                         text7         0000
__Ltext8                         text8         0000
__Ltext9                         text9         0000
__S0                             (abs)         7FFE
__S1                             (abs)         0080
__S2                             (abs)         0000
___aldiv                         text17        0F70
___aldiv@counter                 cstackCOMRAM  0044
___aldiv@dividend                cstackCOMRAM  003C
___aldiv@divisor                 cstackCOMRAM  0040
___aldiv@quotient                cstackCOMRAM  0046
___aldiv@sign                    cstackCOMRAM  0045
___awdiv                         text24        1218
___awdiv@counter                 cstackCOMRAM  0040
___awdiv@dividend                cstackCOMRAM  003C
___awdiv@divisor                 cstackCOMRAM  003E
___awdiv@quotient                cstackCOMRAM  0042
___awdiv@sign                    cstackCOMRAM  0041
___awmod                         text23        1320
___awmod@counter                 cstackCOMRAM  0040
___awmod@dividend                cstackCOMRAM  003C
___awmod@divisor                 cstackCOMRAM  003E
___awmod@sign                    cstackCOMRAM  0041
___extmem_base                   (abs)         8000
___inthi_sp                      stack         0000
___intlo_sp                      stack         0000
___param_bank                    (abs)         0000
___rparam_used                   (abs)         0001
___sp                            stack         0000
__accesstop                      (abs)         0060
__activetblptr                   (abs)         0002
__end_of_Clr_RG3_PWM             text38        17AC
__end_of_Get7Seg                 text25        1320
__end_of_Homing_Again_Auto       text26        0DB0
__end_of_Homing_Again_Manual     text21        0C06
__end_of_InitSTLED316            text20        1218
__end_of_InitTimer1              text19        16E6
__end_of_MotorBREAK              text37        178C
__end_of_MotorON_PWM             text35        1782
__end_of_MotorPosition_Init      text18        0E9C
__end_of_Read1USART              text41        16CE
__end_of_Read_IR                 text34        16FE
__end_of_STLED316s_SPI_SendData  text33        144A
__end_of_Set_RG3_PWM             text36        176C
__end_of_ToggleVIB_Mode          text10        1644
__end_of_Write1USART             text29        1760
__end_of_WriteSTLED316SData      text22        118E
__end_of_WriteSTLED316SErr       text32        10FC
__end_of_WriteSTLED316SMode      text31        0F70
__end_of_WriteSTLED316SVibMode   text9         15B6
__end_of___aldiv                 text17        103C
__end_of___awdiv                 text24        129C
__end_of___awmod                 text23        1390
__end_of__initialization         cinit         1566
__end_of_delay_1ms               text30        16B4
__end_of_flush                   text8         15E6
__end_of_flushOut                text28        1616
__end_of_high_isr                intcode       0186
__end_of_i2c_Address             text15        1728
__end_of_i2c_Init                text7         1714
__end_of_i2c_Read                text3         166E
__end_of_i2c_Restart             text2         1794
__end_of_i2c_Start               text14        17A4
__end_of_i2c_Stop                text13        179C
__end_of_i2c_Wait                text16        173A
__end_of_i2c_Write               text12        1754
__end_of_init                    text6         14E4
__end_of_initMotor               text5         1748
__end_of_initUSART               text4         1694
__end_of_main                    text0         0A1C
__end_of_readWeighingData        text27        1498
__end_of_read_i2c                text1         13F8
__end_of_write_i2c               text11        152E
__end_ofi2_Write1USART           text40        1778
__initialization                 cinit         152E
__mediumconst                    mediumconst   0000
__pbssBANK0                      bssBANK0      0060
__pbssCOMRAM                     bssCOMRAM     0001
__pcinit                         cinit         152E
__pcstackCOMRAM                  cstackCOMRAM  0036
__pdataCOMRAM                    dataCOMRAM    0052
__pidataCOMRAM                   idataCOMRAM   17AC
__pintcode                       intcode       0008
__ptext0                         text0         018A
__ptext1                         text1         1390
__ptext10                        text10        1616
__ptext11                        text11        14E4
__ptext12                        text12        1748
__ptext13                        text13        1794
__ptext14                        text14        179C
__ptext15                        text15        1714
__ptext16                        text16        1728
__ptext17                        text17        0F70
__ptext18                        text18        0DB0
__ptext19                        text19        16CE
__ptext2                         text2         178C
__ptext20                        text20        118E
__ptext21                        text21        0A1C
__ptext22                        text22        10FC
__ptext23                        text23        1320
__ptext24                        text24        1218
__ptext25                        text25        129C
__ptext26                        text26        0C06
__ptext27                        text27        144A
__ptext28                        text28        15E6
__ptext29                        text29        1754
__ptext3                         text3         1644
__ptext30                        text30        1694
__ptext31                        text31        0E9C
__ptext32                        text32        103C
__ptext33                        text33        13F8
__ptext34                        text34        16E6
__ptext35                        text35        1778
__ptext36                        text36        1760
__ptext37                        text37        1782
__ptext38                        text38        17A4
__ptext4                         text4         166E
__ptext40                        text40        176C
__ptext41                        text41        16B4
__ptext5                         text5         173A
__ptext6                         text6         1498
__ptext7                         text7         16FE
__ptext8                         text8         15B6
__ptext9                         text9         1574
__ramtop                         ramtop        1000
__size_of_Clr_RG3_PWM            (abs)         0000
__size_of_Get7Seg                (abs)         0000
__size_of_Homing_Again_Auto      (abs)         0000
__size_of_Homing_Again_Manual    (abs)         0000
__size_of_InitSTLED316           (abs)         0000
__size_of_InitTimer1             (abs)         0000
__size_of_MotorBREAK             (abs)         0000
__size_of_MotorON_PWM            (abs)         0000
__size_of_MotorPosition_Init     (abs)         0000
__size_of_Read1USART             (abs)         0000
__size_of_Read_IR                (abs)         0000
__size_of_STLED316s_SPI_SendData (abs)         0000
__size_of_Set_RG3_PWM            (abs)         0000
__size_of_ToggleVIB_Mode         (abs)         0000
__size_of_Write1USART            (abs)         0000
__size_of_WriteSTLED316SData     (abs)         0000
__size_of_WriteSTLED316SErr      (abs)         0000
__size_of_WriteSTLED316SMode     (abs)         0000
__size_of_WriteSTLED316SVibMode  (abs)         0000
__size_of___aldiv                (abs)         0000
__size_of___awdiv                (abs)         0000
__size_of___awmod                (abs)         0000
__size_of_delay_1ms              (abs)         0000
__size_of_flush                  (abs)         0000
__size_of_flushOut               (abs)         0000
__size_of_high_isr               (abs)         0000
__size_of_i2c_Address            (abs)         0000
__size_of_i2c_Init               (abs)         0000
__size_of_i2c_Read               (abs)         0000
__size_of_i2c_Restart            (abs)         0000
__size_of_i2c_Start              (abs)         0000
__size_of_i2c_Stop               (abs)         0000
__size_of_i2c_Wait               (abs)         0000
__size_of_i2c_Write              (abs)         0000
__size_of_init                   (abs)         0000
__size_of_initMotor              (abs)         0000
__size_of_initUSART              (abs)         0000
__size_of_main                   (abs)         0000
__size_of_readWeighingData       (abs)         0000
__size_of_read_i2c               (abs)         0000
__size_of_write_i2c              (abs)         0000
__size_ofi2_Write1USART          (abs)         0000
__smallconst                     smallconst    0000
_data                            bssCOMRAM     002F
_delay_1ms                       text30        1694
_delay_motor_stop_time           bssCOMRAM     002B
_errorcounter                    dataCOMRAM    0052
_flush                           text8         15B6
_flushOut                        text28        15E6
_high_isr                        intcode       0008
_i                               bssCOMRAM     0013
_i2c_Address                     text15        1714
_i2c_Init                        text7         16FE
_i2c_Read                        text3         1644
_i2c_Restart                     text2         178C
_i2c_Start                       text14        179C
_i2c_Stop                        text13        1794
_i2c_Wait                        text16        1728
_i2c_Write                       text12        1748
_init                            text6         1498
_initMotor                       text5         173A
_initUSART                       text4         166E
_main                            text0         018A
_motor_status                    bssCOMRAM     0032
_pause_Time                      bssCOMRAM     002D
_readWeighingData                text27        144A
_read_i2c                        text1         1390
_vib_Time                        bssCOMRAM     002C
_vibration_mode                  bssCOMRAM     0030
_write_i2c                       text11        14E4
btemp                            temp          0059
delay_1ms@time                   cstackCOMRAM  003C
end_of_initialization            cinit         1566
flush@i                          cstackCOMRAM  003C
flushOut@i                       cstackCOMRAM  003C
high_isr@Temp                    cstackCOMRAM  0039
high_isr@c                       cstackCOMRAM  003A
high_isr@i                       cstackCOMRAM  003B
i2Write1USART@data               cstackCOMRAM  0036
i2_Write1USART                   text40        176C
i2c_Address@address              cstackCOMRAM  003E
i2c_Address@l_address            cstackCOMRAM  003F
i2c_Address@mode                 cstackCOMRAM  003D
i2c_Read@ack                     cstackCOMRAM  003F
i2c_Read@i2cReadData             cstackCOMRAM  0040
i2c_Write@data                   cstackCOMRAM  003D
int$flags                        temp          0059
intlevel0                        text          0000
intlevel1                        text          0000
intlevel2                        text          0000
intlevel3                        text          0000
readWeighingData@i               cstackCOMRAM  003E
read_i2c@address                 cstackCOMRAM  004A
read_i2c@read_byte               cstackCOMRAM  004E
stackhi                          (abs)         0F3F
stacklo                          (abs)         0080
start                            init          0186
start_initialization             cinit         152E
ttemp5                           temp          005A
ttemp6                           temp          005D
ttemp7                           temp          0061
write_i2c@address                cstackCOMRAM  004A
write_i2c@data                   cstackCOMRAM  004E
wtemp8                           temp          005A


FUNCTION INFORMATION:

 *************** function _main *****************
 Defined at:
		line 119 in file "main.c"
 Parameters:    Size  Location     Type
		None
 Auto vars:     Size  Location     Type
		None
 Return value:  Size  Location     Type
                  1    wreg      void 
 Registers used:
		wreg, fsr2l, fsr2h, status,2, status,0, cstack
 Tracked objects:
		On entry : 
		On exit  : 
		Unchanged: 
 Data sizes:     COMRAM   BANK0   BANK1   BANK2   BANK3   BANK4   BANK5   BANK6   BANK7   BANK8   BANK9  BANK10  BANK11  BANK12  BANK13  BANK14  BANK15
      Params:         0       0       0       0       0       0       0       0       0       0       0       0       0       0       0       0       0
      Locals:         0       0       0       0       0       0       0       0       0       0       0       0       0       0       0       0       0
      Temps:          2       0       0       0       0       0       0       0       0       0       0       0       0       0       0       0       0
      Totals:         2       0       0       0       0       0       0       0       0       0       0       0       0       0       0       0       0
Total ram usage:        2 bytes
 Hardware stack levels required when called:    6
 This function calls:
		_Homing_Again_Auto
		_Homing_Again_Manual
		_InitSTLED316
		_InitTimer1
		_MotorPosition_Init
		_ToggleVIB_Mode
		_Write1USART
		_WriteSTLED316SData
		_WriteSTLED316SErr
		_WriteSTLED316SVibMode
		_flush
		_flushOut
		_i2c_Init
		_init
		_initMotor
		_initUSART
		_read_i2c
		_write_i2c
 This function is called by:
		Startup code after reset
 This function uses a non-reentrant model


 *************** function _read_i2c *****************
 Defined at:
		line 118 in file "i2c.c"
 Parameters:    Size  Location     Type
  address         4   20[COMRAM] long 
 Auto vars:     Size  Location     Type
  read_byte       2   24[COMRAM] int 
 Return value:  Size  Location     Type
                  2   20[COMRAM] int 
 Registers used:
		wreg, status,2, status,0, cstack
 Tracked objects:
		On entry : 
		On exit  : 
		Unchanged: 
 Data sizes:     COMRAM   BANK0   BANK1   BANK2   BANK3   BANK4   BANK5   BANK6   BANK7   BANK8   BANK9  BANK10  BANK11  BANK12  BANK13  BANK14  BANK15
      Params:         4       0       0       0       0       0       0       0       0       0       0       0       0       0       0       0       0
      Locals:         2       0       0       0       0       0       0       0       0       0       0       0       0       0       0       0       0
      Temps:          0       0       0       0       0       0       0       0       0       0       0       0       0       0       0       0       0
      Totals:         6       0       0       0       0       0       0       0       0       0       0       0       0       0       0       0       0
Total ram usage:        6 bytes
 Hardware stack levels used:    1
 Hardware stack levels required when called:    4
 This function calls:
		___aldiv
		_i2c_Address
		_i2c_Read
		_i2c_Restart
		_i2c_Start
		_i2c_Stop
		_i2c_Write
 This function is called by:
		_main
 This function uses a non-reentrant model


 *************** function _i2c_Restart *****************
 Defined at:
		line 53 in file "i2c.c"
 Parameters:    Size  Location     Type
		None
 Auto vars:     Size  Location     Type
		None
 Return value:  Size  Location     Type
                  1    wreg      void 
 Registers used:
		wreg, status,2, status,0, cstack
 Tracked objects:
		On entry : 
		On exit  : 
		Unchanged: 
 Data sizes:     COMRAM   BANK0   BANK1   BANK2   BANK3   BANK4   BANK5   BANK6   BANK7   BANK8   BANK9  BANK10  BANK11  BANK12  BANK13  BANK14  BANK15
      Params:         0       0       0       0       0       0       0       0       0       0       0       0       0       0       0       0       0
      Locals:         0       0       0       0       0       0       0       0       0       0       0       0       0       0       0       0       0
      Temps:          0       0       0       0       0       0       0       0       0       0       0       0       0       0       0       0       0
      Totals:         0       0       0       0       0       0       0       0       0       0       0       0       0       0       0       0       0
Total ram usage:        0 bytes
 Hardware stack levels used:    1
 Hardware stack levels required when called:    3
 This function calls:
		_i2c_Wait
 This function is called by:
		_read_i2c
 This function uses a non-reentrant model


 *************** function _i2c_Read *****************
 Defined at:
		line 85 in file "i2c.c"
 Parameters:    Size  Location     Type
  ack             1    wreg     unsigned char 
 Auto vars:     Size  Location     Type
  ack             1    9[COMRAM] unsigned char 
  i2cReadData     1   10[COMRAM] unsigned char 
 Return value:  Size  Location     Type
                  2    7[COMRAM] int 
 Registers used:
		wreg, status,2, status,0, cstack
 Tracked objects:
		On entry : 
		On exit  : 
		Unchanged: 
 Data sizes:     COMRAM   BANK0   BANK1   BANK2   BANK3   BANK4   BANK5   BANK6   BANK7   BANK8   BANK9  BANK10  BANK11  BANK12  BANK13  BANK14  BANK15
      Params:         2       0       0       0       0       0       0       0       0       0       0       0       0       0       0       0       0
      Locals:         2       0       0       0       0       0       0       0       0       0       0       0       0       0       0       0       0
      Temps:          0       0       0       0       0       0       0       0       0       0       0       0       0       0       0       0       0
      Totals:         4       0       0       0       0       0       0       0       0       0       0       0       0       0       0       0       0
Total ram usage:        4 bytes
 Hardware stack levels used:    1
 Hardware stack levels required when called:    3
 This function calls:
		_i2c_Wait
 This function is called by:
		_read_i2c
 This function uses a non-reentrant model


 *************** function _initUSART *****************
 Defined at:
		line 20 in file "usart.c"
 Parameters:    Size  Location     Type
		None
 Auto vars:     Size  Location     Type
		None
 Return value:  Size  Location     Type
                  1    wreg      void 
 Registers used:
		wreg, status,2
 Tracked objects:
		On entry : 
		On exit  : 
		Unchanged: 
 Data sizes:     COMRAM   BANK0   BANK1   BANK2   BANK3   BANK4   BANK5   BANK6   BANK7   BANK8   BANK9  BANK10  BANK11  BANK12  BANK13  BANK14  BANK15
      Params:         0       0       0       0       0       0       0       0       0       0       0       0       0       0       0       0       0
      Locals:         0       0       0       0       0       0       0       0       0       0       0       0       0       0       0       0       0
      Temps:          0       0       0       0       0       0       0       0       0       0       0       0       0       0       0       0       0
      Totals:         0       0       0       0       0       0       0       0       0       0       0       0       0       0       0       0       0
Total ram usage:        0 bytes
 Hardware stack levels used:    1
 Hardware stack levels required when called:    2
 This function calls:
		Nothing
 This function is called by:
		_main
 This function uses a non-reentrant model


 *************** function _initMotor *****************
 Defined at:
		line 21 in file "MotorDriver.c"
 Parameters:    Size  Location     Type
		None
 Auto vars:     Size  Location     Type
		None
 Return value:  Size  Location     Type
                  1    wreg      void 
 Registers used:
		wreg, status,2
 Tracked objects:
		On entry : 
		On exit  : 
		Unchanged: 
 Data sizes:     COMRAM   BANK0   BANK1   BANK2   BANK3   BANK4   BANK5   BANK6   BANK7   BANK8   BANK9  BANK10  BANK11  BANK12  BANK13  BANK14  BANK15
      Params:         0       0       0       0       0       0       0       0       0       0       0       0       0       0       0       0       0
      Locals:         0       0       0       0       0       0       0       0       0       0       0       0       0       0       0       0       0
      Temps:          0       0       0       0       0       0       0       0       0       0       0       0       0       0       0       0       0
      Totals:         0       0       0       0       0       0       0       0       0       0       0       0       0       0       0       0       0
Total ram usage:        0 bytes
 Hardware stack levels used:    1
 Hardware stack levels required when called:    2
 This function calls:
		Nothing
 This function is called by:
		_main
 This function uses a non-reentrant model


 *************** function _init *****************
 Defined at:
		line 18 in file "IO.c"
 Parameters:    Size  Location     Type
		None
 Auto vars:     Size  Location     Type
		None
 Return value:  Size  Location     Type
                  1    wreg      void 
 Registers used:
		wreg, status,2
 Tracked objects:
		On entry : 
		On exit  : 
		Unchanged: 
 Data sizes:     COMRAM   BANK0   BANK1   BANK2   BANK3   BANK4   BANK5   BANK6   BANK7   BANK8   BANK9  BANK10  BANK11  BANK12  BANK13  BANK14  BANK15
      Params:         0       0       0       0       0       0       0       0       0       0       0       0       0       0       0       0       0
      Locals:         0       0       0       0       0       0       0       0       0       0       0       0       0       0       0       0       0
      Temps:          0       0       0       0       0       0       0       0       0       0       0       0       0       0       0       0       0
      Totals:         0       0       0       0       0       0       0       0       0       0       0       0       0       0       0       0       0
Total ram usage:        0 bytes
 Hardware stack levels used:    1
 Hardware stack levels required when called:    2
 This function calls:
		Nothing
 This function is called by:
		_main
 This function uses a non-reentrant model


 *************** function _i2c_Init *****************
 Defined at:
		line 24 in file "i2c.c"
 Parameters:    Size  Location     Type
		None
 Auto vars:     Size  Location     Type
		None
 Return value:  Size  Location     Type
                  1    wreg      void 
 Registers used:
		wreg, status,2
 Tracked objects:
		On entry : 
		On exit  : 
		Unchanged: 
 Data sizes:     COMRAM   BANK0   BANK1   BANK2   BANK3   BANK4   BANK5   BANK6   BANK7   BANK8   BANK9  BANK10  BANK11  BANK12  BANK13  BANK14  BANK15
      Params:         0       0       0       0       0       0       0       0       0       0       0       0       0       0       0       0       0
      Locals:         0       0       0       0       0       0       0       0       0       0       0       0       0       0       0       0       0
      Temps:          0       0       0       0       0       0       0       0       0       0       0       0       0       0       0       0       0
      Totals:         0       0       0       0       0       0       0       0       0       0       0       0       0       0       0       0       0
Total ram usage:        0 bytes
 Hardware stack levels used:    1
 Hardware stack levels required when called:    2
 This function calls:
		Nothing
 This function is called by:
		_main
 This function uses a non-reentrant model


 *************** function _flush *****************
 Defined at:
		line 1080 in file "main.c"
 Parameters:    Size  Location     Type
		None
 Auto vars:     Size  Location     Type
  i               2    6[COMRAM] int 
 Return value:  Size  Location     Type
                  1    wreg      void 
 Registers used:
		wreg, fsr2l, fsr2h, status,2, status,0
 Tracked objects:
		On entry : 
		On exit  : 
		Unchanged: 
 Data sizes:     COMRAM   BANK0   BANK1   BANK2   BANK3   BANK4   BANK5   BANK6   BANK7   BANK8   BANK9  BANK10  BANK11  BANK12  BANK13  BANK14  BANK15
      Params:         0       0       0       0       0       0       0       0       0       0       0       0       0       0       0       0       0
      Locals:         2       0       0       0       0       0       0       0       0       0       0       0       0       0       0       0       0
      Temps:          0       0       0       0       0       0       0       0       0       0       0       0       0       0       0       0       0
      Totals:         2       0       0       0       0       0       0       0       0       0       0       0       0       0       0       0       0
Total ram usage:        2 bytes
 Hardware stack levels used:    1
 Hardware stack levels required when called:    2
 This function calls:
		Nothing
 This function is called by:
		_main
 This function uses a non-reentrant model


 *************** function _WriteSTLED316SVibMode *****************
 Defined at:
		line 253 in file "Display.c"
 Parameters:    Size  Location     Type
  v_mode          1    wreg     unsigned char 
 Auto vars:     Size  Location     Type
  v_mode          1   12[COMRAM] unsigned char 
 Return value:  Size  Location     Type
                  1    wreg      void 
 Registers used:
		wreg, status,2, status,0, cstack
 Tracked objects:
		On entry : 
		On exit  : 
		Unchanged: 
 Data sizes:     COMRAM   BANK0   BANK1   BANK2   BANK3   BANK4   BANK5   BANK6   BANK7   BANK8   BANK9  BANK10  BANK11  BANK12  BANK13  BANK14  BANK15
      Params:         0       0       0       0       0       0       0       0       0       0       0       0       0       0       0       0       0
      Locals:         1       0       0       0       0       0       0       0       0       0       0       0       0       0       0       0       0
      Temps:          0       0       0       0       0       0       0       0       0       0       0       0       0       0       0       0       0
      Totals:         1       0       0       0       0       0       0       0       0       0       0       0       0       0       0       0       0
Total ram usage:        1 bytes
 Hardware stack levels used:    1
 Hardware stack levels required when called:    3
 This function calls:
		_STLED316s_SPI_SendData
 This function is called by:
		_main
 This function uses a non-reentrant model


 *************** function _ToggleVIB_Mode *****************
 Defined at:
		line 846 in file "main.c"
 Parameters:    Size  Location     Type
		None
 Auto vars:     Size  Location     Type
		None
 Return value:  Size  Location     Type
                  1    wreg      void 
 Registers used:
		wreg, status,2, status,0, cstack
 Tracked objects:
		On entry : 
		On exit  : 
		Unchanged: 
 Data sizes:     COMRAM   BANK0   BANK1   BANK2   BANK3   BANK4   BANK5   BANK6   BANK7   BANK8   BANK9  BANK10  BANK11  BANK12  BANK13  BANK14  BANK15
      Params:         0       0       0       0       0       0       0       0       0       0       0       0       0       0       0       0       0
      Locals:         0       0       0       0       0       0       0       0       0       0       0       0       0       0       0       0       0
      Temps:          0       0       0       0       0       0       0       0       0       0       0       0       0       0       0       0       0
      Totals:         0       0       0       0       0       0       0       0       0       0       0       0       0       0       0       0       0
Total ram usage:        0 bytes
 Hardware stack levels used:    1
 Hardware stack levels required when called:    5
 This function calls:
		_write_i2c
 This function is called by:
		_main
 This function uses a non-reentrant model


 *************** function _write_i2c *****************
 Defined at:
		line 107 in file "i2c.c"
 Parameters:    Size  Location     Type
  address         4   20[COMRAM] long 
  data            2   24[COMRAM] int 
 Auto vars:     Size  Location     Type
		None
 Return value:  Size  Location     Type
                  1    wreg      void 
 Registers used:
		wreg, status,2, status,0, cstack
 Tracked objects:
		On entry : 
		On exit  : 
		Unchanged: 
 Data sizes:     COMRAM   BANK0   BANK1   BANK2   BANK3   BANK4   BANK5   BANK6   BANK7   BANK8   BANK9  BANK10  BANK11  BANK12  BANK13  BANK14  BANK15
      Params:         6       0       0       0       0       0       0       0       0       0       0       0       0       0       0       0       0
      Locals:         0       0       0       0       0       0       0       0       0       0       0       0       0       0       0       0       0
      Temps:          0       0       0       0       0       0       0       0       0       0       0       0       0       0       0       0       0
      Totals:         6       0       0       0       0       0       0       0       0       0       0       0       0       0       0       0       0
Total ram usage:        6 bytes
 Hardware stack levels used:    1
 Hardware stack levels required when called:    4
 This function calls:
		___aldiv
		_i2c_Address
		_i2c_Start
		_i2c_Stop
		_i2c_Write
 This function is called by:
		_main
		_ToggleVIB_Mode
 This function uses a non-reentrant model


 *************** function _i2c_Write *****************
 Defined at:
		line 66 in file "i2c.c"
 Parameters:    Size  Location     Type
  data            1    wreg     unsigned char 
 Auto vars:     Size  Location     Type
  data            1    7[COMRAM] unsigned char 
 Return value:  Size  Location     Type
                  1    wreg      void 
 Registers used:
		wreg, status,2, status,0, cstack
 Tracked objects:
		On entry : 
		On exit  : 
		Unchanged: 
 Data sizes:     COMRAM   BANK0   BANK1   BANK2   BANK3   BANK4   BANK5   BANK6   BANK7   BANK8   BANK9  BANK10  BANK11  BANK12  BANK13  BANK14  BANK15
      Params:         0       0       0       0       0       0       0       0       0       0       0       0       0       0       0       0       0
      Locals:         1       0       0       0       0       0       0       0       0       0       0       0       0       0       0       0       0
      Temps:          0       0       0       0       0       0       0       0       0       0       0       0       0       0       0       0       0
      Totals:         1       0       0       0       0       0       0       0       0       0       0       0       0       0       0       0       0
Total ram usage:        1 bytes
 Hardware stack levels used:    1
 Hardware stack levels required when called:    3
 This function calls:
		_i2c_Wait
 This function is called by:
		_write_i2c
		_read_i2c
 This function uses a non-reentrant model


 *************** function _i2c_Stop *****************
 Defined at:
		line 59 in file "i2c.c"
 Parameters:    Size  Location     Type
		None
 Auto vars:     Size  Location     Type
		None
 Return value:  Size  Location     Type
                  1    wreg      void 
 Registers used:
		wreg, status,2, status,0, cstack
 Tracked objects:
		On entry : 
		On exit  : 
		Unchanged: 
 Data sizes:     COMRAM   BANK0   BANK1   BANK2   BANK3   BANK4   BANK5   BANK6   BANK7   BANK8   BANK9  BANK10  BANK11  BANK12  BANK13  BANK14  BANK15
      Params:         0       0       0       0       0       0       0       0       0       0       0       0       0       0       0       0       0
      Locals:         0       0       0       0       0       0       0       0       0       0       0       0       0       0       0       0       0
      Temps:          0       0       0       0       0       0       0       0       0       0       0       0       0       0       0       0       0
      Totals:         0       0       0       0       0       0       0       0       0       0       0       0       0       0       0       0       0
Total ram usage:        0 bytes
 Hardware stack levels used:    1
 Hardware stack levels required when called:    3
 This function calls:
		_i2c_Wait
 This function is called by:
		_write_i2c
		_read_i2c
 This function uses a non-reentrant model


 *************** function _i2c_Start *****************
 Defined at:
		line 46 in file "i2c.c"
 Parameters:    Size  Location     Type
		None
 Auto vars:     Size  Location     Type
		None
 Return value:  Size  Location     Type
                  1    wreg      void 
 Registers used:
		wreg, status,2, status,0, cstack
 Tracked objects:
		On entry : 
		On exit  : 
		Unchanged: 
 Data sizes:     COMRAM   BANK0   BANK1   BANK2   BANK3   BANK4   BANK5   BANK6   BANK7   BANK8   BANK9  BANK10  BANK11  BANK12  BANK13  BANK14  BANK15
      Params:         0       0       0       0       0       0       0       0       0       0       0       0       0       0       0       0       0
      Locals:         0       0       0       0       0       0       0       0       0       0       0       0       0       0       0       0       0
      Temps:          0       0       0       0       0       0       0       0       0       0       0       0       0       0       0       0       0
      Totals:         0       0       0       0       0       0       0       0       0       0       0       0       0       0       0       0       0
Total ram usage:        0 bytes
 Hardware stack levels used:    1
 Hardware stack levels required when called:    3
 This function calls:
		_i2c_Wait
 This function is called by:
		_write_i2c
		_read_i2c
 This function uses a non-reentrant model


 *************** function _i2c_Address *****************
 Defined at:
		line 74 in file "i2c.c"
 Parameters:    Size  Location     Type
  address         1    wreg     unsigned char 
  mode            1    7[COMRAM] unsigned char 
 Auto vars:     Size  Location     Type
  address         1    8[COMRAM] unsigned char 
  l_address       1    9[COMRAM] unsigned char 
 Return value:  Size  Location     Type
                  1    wreg      void 
 Registers used:
		wreg, status,2, status,0, cstack
 Tracked objects:
		On entry : 
		On exit  : 
		Unchanged: 
 Data sizes:     COMRAM   BANK0   BANK1   BANK2   BANK3   BANK4   BANK5   BANK6   BANK7   BANK8   BANK9  BANK10  BANK11  BANK12  BANK13  BANK14  BANK15
      Params:         1       0       0       0       0       0       0       0       0       0       0       0       0       0       0       0       0
      Locals:         2       0       0       0       0       0       0       0       0       0       0       0       0       0       0       0       0
      Temps:          0       0       0       0       0       0       0       0       0       0       0       0       0       0       0       0       0
      Totals:         3       0       0       0       0       0       0       0       0       0       0       0       0       0       0       0       0
Total ram usage:        3 bytes
 Hardware stack levels used:    1
 Hardware stack levels required when called:    3
 This function calls:
		_i2c_Wait
 This function is called by:
		_write_i2c
		_read_i2c
 This function uses a non-reentrant model


 *************** function _i2c_Wait *****************
 Defined at:
		line 41 in file "i2c.c"
 Parameters:    Size  Location     Type
		None
 Auto vars:     Size  Location     Type
		None
 Return value:  Size  Location     Type
                  1    wreg      void 
 Registers used:
		wreg, status,2, status,0
 Tracked objects:
		On entry : 
		On exit  : 
		Unchanged: 
 Data sizes:     COMRAM   BANK0   BANK1   BANK2   BANK3   BANK4   BANK5   BANK6   BANK7   BANK8   BANK9  BANK10  BANK11  BANK12  BANK13  BANK14  BANK15
      Params:         0       0       0       0       0       0       0       0       0       0       0       0       0       0       0       0       0
      Locals:         0       0       0       0       0       0       0       0       0       0       0       0       0       0       0       0       0
      Temps:          1       0       0       0       0       0       0       0       0       0       0       0       0       0       0       0       0
      Totals:         1       0       0       0       0       0       0       0       0       0       0       0       0       0       0       0       0
Total ram usage:        1 bytes
 Hardware stack levels used:    1
 Hardware stack levels required when called:    2
 This function calls:
		Nothing
 This function is called by:
		_i2c_Start
		_i2c_Restart
		_i2c_Stop
		_i2c_Write
		_i2c_Address
		_i2c_Read
 This function uses a non-reentrant model


 *************** function ___aldiv *****************
 Defined at:
		line 7 in file "C:\Program Files\Microchip\xc8\v2.05\pic\sources\c99\common\aldiv.c"
 Parameters:    Size  Location     Type
  dividend        4    6[COMRAM] long 
  divisor         4   10[COMRAM] long 
 Auto vars:     Size  Location     Type
  quotient        4   16[COMRAM] long 
  sign            1   15[COMRAM] unsigned char 
  counter         1   14[COMRAM] unsigned char 
 Return value:  Size  Location     Type
                  4    6[COMRAM] long 
 Registers used:
		wreg, status,2, status,0
 Tracked objects:
		On entry : 
		On exit  : 
		Unchanged: 
 Data sizes:     COMRAM   BANK0   BANK1   BANK2   BANK3   BANK4   BANK5   BANK6   BANK7   BANK8   BANK9  BANK10  BANK11  BANK12  BANK13  BANK14  BANK15
      Params:         8       0       0       0       0       0       0       0       0       0       0       0       0       0       0       0       0
      Locals:         6       0       0       0       0       0       0       0       0       0       0       0       0       0       0       0       0
      Temps:          0       0       0       0       0       0       0       0       0       0       0       0       0       0       0       0       0
      Totals:        14       0       0       0       0       0       0       0       0       0       0       0       0       0       0       0       0
Total ram usage:       14 bytes
 Hardware stack levels used:    1
 Hardware stack levels required when called:    2
 This function calls:
		Nothing
 This function is called by:
		_write_i2c
		_read_i2c
 This function uses a non-reentrant model


 *************** function _MotorPosition_Init *****************
 Defined at:
		line 801 in file "main.c"
 Parameters:    Size  Location     Type
		None
 Auto vars:     Size  Location     Type
		None
 Return value:  Size  Location     Type
                  1    wreg      void 
 Registers used:
		wreg, status,2, status,0, cstack
 Tracked objects:
		On entry : 
		On exit  : 
		Unchanged: 
 Data sizes:     COMRAM   BANK0   BANK1   BANK2   BANK3   BANK4   BANK5   BANK6   BANK7   BANK8   BANK9  BANK10  BANK11  BANK12  BANK13  BANK14  BANK15
      Params:         0       0       0       0       0       0       0       0       0       0       0       0       0       0       0       0       0
      Locals:         0       0       0       0       0       0       0       0       0       0       0       0       0       0       0       0       0
      Temps:          2       0       0       0       0       0       0       0       0       0       0       0       0       0       0       0       0
      Totals:         2       0       0       0       0       0       0       0       0       0       0       0       0       0       0       0       0
Total ram usage:        2 bytes
 Hardware stack levels used:    1
 Hardware stack levels required when called:    4
 This function calls:
		_MotorBREAK
		_MotorON_PWM
		_Read_IR
		_WriteSTLED316SErr
		_delay_1ms
 This function is called by:
		_main
 This function uses a non-reentrant model


 *************** function _InitTimer1 *****************
 Defined at:
		line 1126 in file "main.c"
 Parameters:    Size  Location     Type
		None
 Auto vars:     Size  Location     Type
		None
 Return value:  Size  Location     Type
                  1    wreg      void 
 Registers used:
		wreg, status,2
 Tracked objects:
		On entry : 
		On exit  : 
		Unchanged: 
 Data sizes:     COMRAM   BANK0   BANK1   BANK2   BANK3   BANK4   BANK5   BANK6   BANK7   BANK8   BANK9  BANK10  BANK11  BANK12  BANK13  BANK14  BANK15
      Params:         0       0       0       0       0       0       0       0       0       0       0       0       0       0       0       0       0
      Locals:         0       0       0       0       0       0       0       0       0       0       0       0       0       0       0       0       0
      Temps:          0       0       0       0       0       0       0       0       0       0       0       0       0       0       0       0       0
      Totals:         0       0       0       0       0       0       0       0       0       0       0       0       0       0       0       0       0
Total ram usage:        0 bytes
 Hardware stack levels used:    1
 Hardware stack levels required when called:    2
 This function calls:
		Nothing
 This function is called by:
		_main
 This function uses a non-reentrant model


 *************** function _InitSTLED316 *****************
 Defined at:
		line 14 in file "Display.c"
 Parameters:    Size  Location     Type
  Brightness      1    wreg     unsigned char 
 Auto vars:     Size  Location     Type
  Brightness      1   14[COMRAM] unsigned char 
  i               2    0        int 
 Return value:  Size  Location     Type
                  1    wreg      void 
 Registers used:
		wreg, status,2, status,0, cstack
 Tracked objects:
		On entry : 
		On exit  : 
		Unchanged: 
 Data sizes:     COMRAM   BANK0   BANK1   BANK2   BANK3   BANK4   BANK5   BANK6   BANK7   BANK8   BANK9  BANK10  BANK11  BANK12  BANK13  BANK14  BANK15
      Params:         0       0       0       0       0       0       0       0       0       0       0       0       0       0       0       0       0
      Locals:         1       0       0       0       0       0       0       0       0       0       0       0       0       0       0       0       0
      Temps:          2       0       0       0       0       0       0       0       0       0       0       0       0       0       0       0       0
      Totals:         3       0       0       0       0       0       0       0       0       0       0       0       0       0       0       0       0
Total ram usage:        3 bytes
 Hardware stack levels used:    1
 Hardware stack levels required when called:    3
 This function calls:
		_STLED316s_SPI_SendData
 This function is called by:
		_main
 This function uses a non-reentrant model


 *************** function _Homing_Again_Manual *****************
 Defined at:
		line 868 in file "main.c"
 Parameters:    Size  Location     Type
		None
 Auto vars:     Size  Location     Type
		None
 Return value:  Size  Location     Type
                  1    wreg      void 
 Registers used:
		wreg, fsr2l, fsr2h, status,2, status,0, cstack
 Tracked objects:
		On entry : 
		On exit  : 
		Unchanged: 
 Data sizes:     COMRAM   BANK0   BANK1   BANK2   BANK3   BANK4   BANK5   BANK6   BANK7   BANK8   BANK9  BANK10  BANK11  BANK12  BANK13  BANK14  BANK15
      Params:         0       0       0       0       0       0       0       0       0       0       0       0       0       0       0       0       0
      Locals:         0       0       0       0       0       0       0       0       0       0       0       0       0       0       0       0       0
      Temps:          2       0       0       0       0       0       0       0       0       0       0       0       0       0       0       0       0
      Totals:         2       0       0       0       0       0       0       0       0       0       0       0       0       0       0       0       0
Total ram usage:        2 bytes
 Hardware stack levels used:    1
 Hardware stack levels required when called:    4
 This function calls:
		_MotorBREAK
		_MotorON_PWM
		_Read_IR
		_WriteSTLED316SData
		_WriteSTLED316SErr
		_delay_1ms
		_readWeighingData
 This function is called by:
		_main
 This function uses a non-reentrant model


 *************** function _WriteSTLED316SData *****************
 Defined at:
		line 150 in file "Display.c"
 Parameters:    Size  Location     Type
  number          2   14[COMRAM] int 
  v_mode          1   16[COMRAM] unsigned char 
 Auto vars:     Size  Location     Type
  NUM_DIG1        2   19[COMRAM] int 
  NUM_DIG0        2   17[COMRAM] int 
  data4           1   22[COMRAM] unsigned char 
  data3           1   21[COMRAM] unsigned char 
 Return value:  Size  Location     Type
                  1    wreg      void 
 Registers used:
		wreg, status,2, status,0, cstack
 Tracked objects:
		On entry : 
		On exit  : 
		Unchanged: 
 Data sizes:     COMRAM   BANK0   BANK1   BANK2   BANK3   BANK4   BANK5   BANK6   BANK7   BANK8   BANK9  BANK10  BANK11  BANK12  BANK13  BANK14  BANK15
      Params:         3       0       0       0       0       0       0       0       0       0       0       0       0       0       0       0       0
      Locals:         6       0       0       0       0       0       0       0       0       0       0       0       0       0       0       0       0
      Temps:          0       0       0       0       0       0       0       0       0       0       0       0       0       0       0       0       0
      Totals:         9       0       0       0       0       0       0       0       0       0       0       0       0       0       0       0       0
Total ram usage:        9 bytes
 Hardware stack levels used:    1
 Hardware stack levels required when called:    3
 This function calls:
		_Get7Seg
		_STLED316s_SPI_SendData
		___awdiv
		___awmod
 This function is called by:
		_main
		_Homing_Again_Manual
 This function uses a non-reentrant model


 *************** function ___awmod *****************
 Defined at:
		line 7 in file "C:\Program Files\Microchip\xc8\v2.05\pic\sources\c99\common\awmod.c"
 Parameters:    Size  Location     Type
  dividend        2    6[COMRAM] int 
  divisor         2    8[COMRAM] int 
 Auto vars:     Size  Location     Type
  sign            1   11[COMRAM] unsigned char 
  counter         1   10[COMRAM] unsigned char 
 Return value:  Size  Location     Type
                  2    6[COMRAM] int 
 Registers used:
		wreg, status,2, status,0
 Tracked objects:
		On entry : 
		On exit  : 
		Unchanged: 
 Data sizes:     COMRAM   BANK0   BANK1   BANK2   BANK3   BANK4   BANK5   BANK6   BANK7   BANK8   BANK9  BANK10  BANK11  BANK12  BANK13  BANK14  BANK15
      Params:         4       0       0       0       0       0       0       0       0       0       0       0       0       0       0       0       0
      Locals:         2       0       0       0       0       0       0       0       0       0       0       0       0       0       0       0       0
      Temps:          0       0       0       0       0       0       0       0       0       0       0       0       0       0       0       0       0
      Totals:         6       0       0       0       0       0       0       0       0       0       0       0       0       0       0       0       0
Total ram usage:        6 bytes
 Hardware stack levels used:    1
 Hardware stack levels required when called:    2
 This function calls:
		Nothing
 This function is called by:
		_WriteSTLED316SData
 This function uses a non-reentrant model


 *************** function ___awdiv *****************
 Defined at:
		line 7 in file "C:\Program Files\Microchip\xc8\v2.05\pic\sources\c99\common\awdiv.c"
 Parameters:    Size  Location     Type
[...]
      Params:         2       0       0       0       0       0       0       0       0       0       0       0       0       0       0       0       0
      Locals:         0       0       0       0       0       0       0       0       0       0       0       0       0       0       0       0       0
      Temps:          1       0       0       0       0       0       0       0       0       0       0       0       0       0       0       0       0
      Totals:         3       0       0       0       0       0       0       0       0       0       0       0       0       0       0       0       0
Total ram usage:        3 bytes
 Hardware stack levels used:    1
 Hardware stack levels required when called:    2
 This function calls:
		Nothing
 This function is called by:
		_MotorPosition_Init
		_Homing_Again_Manual
		_Homing_Again_Auto
 This function uses a non-reentrant model


 *************** function _WriteSTLED316SMode *****************
 Defined at:
		line 191 in file "Display.c"
 Parameters:    Size  Location     Type
  msg             1    wreg     unsigned char 
 Auto vars:     Size  Location     Type
  msg             1   14[COMRAM] unsigned char 
 Return value:  Size  Location     Type
                  1    wreg      void 
 Registers used:
		wreg, status,2, status,0, cstack
 Tracked objects:
		On entry : 
		On exit  : 
		Unchanged: 
 Data sizes:     COMRAM   BANK0   BANK1   BANK2   BANK3   BANK4   BANK5   BANK6   BANK7   BANK8   BANK9  BANK10  BANK11  BANK12  BANK13  BANK14  BANK15
      Params:         0       0       0       0       0       0       0       0       0       0       0       0       0       0       0       0       0
      Locals:         1       0       0       0       0       0       0       0       0       0       0       0       0       0       0       0       0
      Temps:          2       0       0       0       0       0       0       0       0       0       0       0       0       0       0       0       0
      Totals:         3       0       0       0       0       0       0       0       0       0       0       0       0       0       0       0       0
Total ram usage:        3 bytes
 Hardware stack levels used:    1
 Hardware stack levels required when called:    3
 This function calls:
		_STLED316s_SPI_SendData
 This function is called by:
		_Homing_Again_Auto
 This function uses a non-reentrant model


 *************** function _WriteSTLED316SErr *****************
 Defined at:
		line 291 in file "Display.c"
 Parameters:    Size  Location     Type
  msg             1    wreg     unsigned char 
 Auto vars:     Size  Location     Type
  msg             1   14[COMRAM] unsigned char 
 Return value:  Size  Location     Type
                  1    wreg      void 
 Registers used:
		wreg, status,2, status,0, cstack
 Tracked objects:
		On entry : 
		On exit  : 
		Unchanged: 
 Data sizes:     COMRAM   BANK0   BANK1   BANK2   BANK3   BANK4   BANK5   BANK6   BANK7   BANK8   BANK9  BANK10  BANK11  BANK12  BANK13  BANK14  BANK15
      Params:         0       0       0       0       0       0       0       0       0       0       0       0       0       0       0       0       0
      Locals:         1       0       0       0       0       0       0       0       0       0       0       0       0       0       0       0       0
      Temps:          2       0       0       0       0       0       0       0       0       0       0       0       0       0       0       0       0
      Totals:         3       0       0       0       0       0       0       0       0       0       0       0       0       0       0       0       0
Total ram usage:        3 bytes
 Hardware stack levels used:    1
 Hardware stack levels required when called:    3
 This function calls:
		_STLED316s_SPI_SendData
 This function is called by:
		_main
		_MotorPosition_Init
		_Homing_Again_Manual
		_Homing_Again_Auto
 This function uses a non-reentrant model


 *************** function _STLED316s_SPI_SendData *****************
 Defined at:
		line 89 in file "Display.c"
 Parameters:    Size  Location     Type
  Data            1    wreg     unsigned char 
 Auto vars:     Size  Location     Type
  Data            1    8[COMRAM] unsigned char 
  t               1   11[COMRAM] unsigned char 
  i               1   10[COMRAM] unsigned char 
  temp            1    9[COMRAM] unsigned char 
 Return value:  Size  Location     Type
                  1    wreg      void 
 Registers used:
		wreg, status,2, status,0
 Tracked objects:
		On entry : 
		On exit  : 
		Unchanged: 
 Data sizes:     COMRAM   BANK0   BANK1   BANK2   BANK3   BANK4   BANK5   BANK6   BANK7   BANK8   BANK9  BANK10  BANK11  BANK12  BANK13  BANK14  BANK15
      Params:         0       0       0       0       0       0       0       0       0       0       0       0       0       0       0       0       0
      Locals:         4       0       0       0       0       0       0       0       0       0       0       0       0       0       0       0       0
      Temps:          2       0       0       0       0       0       0       0       0       0       0       0       0       0       0       0       0
      Totals:         6       0       0       0       0       0       0       0       0       0       0       0       0       0       0       0       0
Total ram usage:        6 bytes
 Hardware stack levels used:    1
 Hardware stack levels required when called:    2
 This function calls:
		Nothing
 This function is called by:
		_InitSTLED316
		_WriteSTLED316SData
		_WriteSTLED316SMode
		_WriteSTLED316SVibMode
		_WriteSTLED316SErr
 This function uses a non-reentrant model


 *************** function _Read_IR *****************
 Defined at:
		line 784 in file "main.c"
 Parameters:    Size  Location     Type
		None
 Auto vars:     Size  Location     Type
		None
 Return value:  Size  Location     Type
                  2    6[COMRAM] unsigned int 
 Registers used:
		wreg, status,2
 Tracked objects:
		On entry : 
		On exit  : 
		Unchanged: 
 Data sizes:     COMRAM   BANK0   BANK1   BANK2   BANK3   BANK4   BANK5   BANK6   BANK7   BANK8   BANK9  BANK10  BANK11  BANK12  BANK13  BANK14  BANK15
      Params:         2       0       0       0       0       0       0       0       0       0       0       0       0       0       0       0       0
      Locals:         0       0       0       0       0       0       0       0       0       0       0       0       0       0       0       0       0
      Temps:          0       0       0       0       0       0       0       0       0       0       0       0       0       0       0       0       0
      Totals:         2       0       0       0       0       0       0       0       0       0       0       0       0       0       0       0       0
Total ram usage:        2 bytes
 Hardware stack levels used:    1
 Hardware stack levels required when called:    2
 This function calls:
		Nothing
 This function is called by:
		_MotorPosition_Init
		_Homing_Again_Manual
		_Homing_Again_Auto
 This function uses a non-reentrant model


 *************** function _MotorON_PWM *****************
 Defined at:
		line 42 in file "MotorDriver.c"
 Parameters:    Size  Location     Type
		None
 Auto vars:     Size  Location     Type
		None
 Return value:  Size  Location     Type
                  1    wreg      void 
 Registers used:
		wreg, status,2, cstack
 Tracked objects:
		On entry : 
		On exit  : 
		Unchanged: 
 Data sizes:     COMRAM   BANK0   BANK1   BANK2   BANK3   BANK4   BANK5   BANK6   BANK7   BANK8   BANK9  BANK10  BANK11  BANK12  BANK13  BANK14  BANK15
      Params:         0       0       0       0       0       0       0       0       0       0       0       0       0       0       0       0       0
      Locals:         0       0       0       0       0       0       0       0       0       0       0       0       0       0       0       0       0
      Temps:          0       0       0       0       0       0       0       0       0       0       0       0       0       0       0       0       0
      Totals:         0       0       0       0       0       0       0       0       0       0       0       0       0       0       0       0       0
Total ram usage:        0 bytes
 Hardware stack levels used:    1
 Hardware stack levels required when called:    3
 This function calls:
		_Set_RG3_PWM
 This function is called by:
		_MotorPosition_Init
		_Homing_Again_Manual
		_Homing_Again_Auto
 This function uses a non-reentrant model


 *************** function _Set_RG3_PWM *****************
 Defined at:
		line 29 in file "MotorDriver.c"
 Parameters:    Size  Location     Type
		None
 Auto vars:     Size  Location     Type
		None
 Return value:  Size  Location     Type
                  1    wreg      void 
 Registers used:
		wreg, status,2
 Tracked objects:
		On entry : 
		On exit  : 
		Unchanged: 
 Data sizes:     COMRAM   BANK0   BANK1   BANK2   BANK3   BANK4   BANK5   BANK6   BANK7   BANK8   BANK9  BANK10  BANK11  BANK12  BANK13  BANK14  BANK15
      Params:         0       0       0       0       0       0       0       0       0       0       0       0       0       0       0       0       0
      Locals:         0       0       0       0       0       0       0       0       0       0       0       0       0       0       0       0       0
      Temps:          0       0       0       0       0       0       0       0       0       0       0       0       0       0       0       0       0
      Totals:         0       0       0       0       0       0       0       0       0       0       0       0       0       0       0       0       0
Total ram usage:        0 bytes
 Hardware stack levels used:    1
 Hardware stack levels required when called:    2
 This function calls:
		Nothing
 This function is called by:
		_MotorON_PWM
 This function uses a non-reentrant model


 *************** function _MotorBREAK *****************
 Defined at:
		line 50 in file "MotorDriver.c"
 Parameters:    Size  Location     Type
		None
 Auto vars:     Size  Location     Type
		None
 Return value:  Size  Location     Type
                  1    wreg      void 
 Registers used:
		wreg, status,2, cstack
 Tracked objects:
		On entry : 
		On exit  : 
		Unchanged: 
 Data sizes:     COMRAM   BANK0   BANK1   BANK2   BANK3   BANK4   BANK5   BANK6   BANK7   BANK8   BANK9  BANK10  BANK11  BANK12  BANK13  BANK14  BANK15
      Params:         0       0       0       0       0       0       0       0       0       0       0       0       0       0       0       0       0
      Locals:         0       0       0       0       0       0       0       0       0       0       0       0       0       0       0       0       0
      Temps:          0       0       0       0       0       0       0       0       0       0       0       0       0       0       0       0       0
      Totals:         0       0       0       0       0       0       0       0       0       0       0       0       0       0       0       0       0
Total ram usage:        0 bytes
 Hardware stack levels used:    1
 Hardware stack levels required when called:    3
 This function calls:
		_Clr_RG3_PWM
 This function is called by:
		_MotorPosition_Init
		_Homing_Again_Manual
		_Homing_Again_Auto
 This function uses a non-reentrant model


 *************** function _Clr_RG3_PWM *****************
 Defined at:
		line 36 in file "MotorDriver.c"
 Parameters:    Size  Location     Type
		None
 Auto vars:     Size  Location     Type
		None
 Return value:  Size  Location     Type
                  1    wreg      void 
 Registers used:
		wreg, status,2
 Tracked objects:
		On entry : 
		On exit  : 
		Unchanged: 
 Data sizes:     COMRAM   BANK0   BANK1   BANK2   BANK3   BANK4   BANK5   BANK6   BANK7   BANK8   BANK9  BANK10  BANK11  BANK12  BANK13  BANK14  BANK15
      Params:         0       0       0       0       0       0       0       0       0       0       0       0       0       0       0       0       0
      Locals:         0       0       0       0       0       0       0       0       0       0       0       0       0       0       0       0       0
      Temps:          0       0       0       0       0       0       0       0       0       0       0       0       0       0       0       0       0
      Totals:         0       0       0       0       0       0       0       0       0       0       0       0       0       0       0       0       0
Total ram usage:        0 bytes
 Hardware stack levels used:    1
 Hardware stack levels required when called:    2
 This function calls:
		Nothing
 This function is called by:
		_MotorBREAK
 This function uses a non-reentrant model


 *************** function _high_isr *****************
 Defined at:
		line 656 in file "main.c"
 Parameters:    Size  Location     Type
		None
 Auto vars:     Size  Location     Type
  i               1    5[COMRAM] unsigned char 
  c               1    4[COMRAM] unsigned char 
  Temp            1    3[COMRAM] unsigned char 
 Return value:  Size  Location     Type
                  1    wreg      void 
 Registers used:
		wreg, fsr2l, fsr2h, status,2, status,0, cstack
 Tracked objects:
		On entry : 
		On exit  : 
		Unchanged: 
 Data sizes:     COMRAM   BANK0   BANK1   BANK2   BANK3   BANK4   BANK5   BANK6   BANK7   BANK8   BANK9  BANK10  BANK11  BANK12  BANK13  BANK14  BANK15
      Params:         0       0       0       0       0       0       0       0       0       0       0       0       0       0       0       0       0
      Locals:         3       0       0       0       0       0       0       0       0       0       0       0       0       0       0       0       0
      Temps:          2       0       0       0       0       0       0       0       0       0       0       0       0       0       0       0       0
      Totals:         5       0       0       0       0       0       0       0       0       0       0       0       0       0       0       0       0
Total ram usage:        5 bytes
 Hardware stack levels used:    1
 Hardware stack levels required when called:    1
 This function calls:
		_Read1USART
		i2_Write1USART
 This function is called by:
		Interrupt level 2
 This function uses a non-reentrant model


 *************** function i2_Write1USART *****************
 Defined at:
		line 48 in file "usart.c"
 Parameters:    Size  Location     Type
  data            1    wreg     unsigned char 
 Auto vars:     Size  Location     Type
  data            1    0[COMRAM] unsigned char 
 Return value:  Size  Location     Type
                  1    wreg      void 
 Registers used:
		wreg
 Tracked objects:
		On entry : 
		On exit  : 
		Unchanged: 
 Data sizes:     COMRAM   BANK0   BANK1   BANK2   BANK3   BANK4   BANK5   BANK6   BANK7   BANK8   BANK9  BANK10  BANK11  BANK12  BANK13  BANK14  BANK15
      Params:         0       0       0       0       0       0       0       0       0       0       0       0       0       0       0       0       0
      Locals:         1       0       0       0       0       0       0       0       0       0       0       0       0       0       0       0       0
      Temps:          0       0       0       0       0       0       0       0       0       0       0       0       0       0       0       0       0
      Totals:         1       0       0       0       0       0       0       0       0       0       0       0       0       0       0       0       0
Total ram usage:        1 bytes
 Hardware stack levels used:    1
 This function calls:
		Nothing
 This function is called by:
		_high_isr
 This function uses a non-reentrant model


 *************** function _Read1USART *****************
 Defined at:
		line 58 in file "usart.c"
 Parameters:    Size  Location     Type
		None
 Auto vars:     Size  Location     Type
  result          1    0[COMRAM] unsigned char 
 Return value:  Size  Location     Type
                  1    wreg      unsigned char 
 Registers used:
		wreg, status,2
 Tracked objects:
		On entry : 
		On exit  : 
		Unchanged: 
 Data sizes:     COMRAM   BANK0   BANK1   BANK2   BANK3   BANK4   BANK5   BANK6   BANK7   BANK8   BANK9  BANK10  BANK11  BANK12  BANK13  BANK14  BANK15
      Params:         0       0       0       0       0       0       0       0       0       0       0       0       0       0       0       0       0
      Locals:         1       0       0       0       0       0       0       0       0       0       0       0       0       0       0       0       0
      Temps:          0       0       0       0       0       0       0       0       0       0       0       0       0       0       0       0       0
      Totals:         1       0       0       0       0       0       0       0       0       0       0       0       0       0       0       0       0
Total ram usage:        1 bytes
 Hardware stack levels used:    1
 This function calls:
		Nothing
 This function is called by:
		_high_isr
 This function uses a non-reentrant model



MODULE INFORMATION

Module		Function		Class		Link	Load	Size
usart.c
		_Read1USART    		CODE           	16B4	0000	27
		_Write1USART   		CODE           	1754	0000	13
		_initUSART     		CODE           	166E	0000	39

usart.c estimated size: 79

i2c.c
		_read_i2c      		CODE           	1390	0000	105
		_i2c_Address   		CODE           	1714	0000	21
		_i2c_Write     		CODE           	1748	0000	13
		_i2c_Stop      		CODE           	1794	0000	9
		_i2c_Wait      		CODE           	1728	0000	19
		_i2c_Read      		CODE           	1644	0000	43
		_i2c_Init      		CODE           	16FE	0000	23
		_write_i2c     		CODE           	14E4	0000	75
		_i2c_Start     		CODE           	179C	0000	9
		_i2c_Restart   		CODE           	178C	0000	9

i2c.c estimated size: 326

IO.c
		_init          		CODE           	1498	0000	77

IO.c estimated size: 77

C:\Program Files\Microchip\xc8\v2.05\pic\sources\c99\common\awmod.c
		___awmod       		CODE           	1320	0000	113

C:\Program Files\Microchip\xc8\v2.05\pic\sources\c99\common\awmod.c estimated size: 113

shared
		__initialization		CODE           	152E	0000	57
		i2_Write1USART 		CODE           	176C	0000	13

shared estimated size: 70

Display.c
		_WriteSTLED316SVibMode		CODE           	1574	0000	67
		_InitSTLED316  		CODE           	118E	0000	139
		_Get7Seg       		CODE           	129C	0000	133
		_STLED316s_SPI_SendData		CODE           	13F8	0000	83
		_WriteSTLED316SErr		CODE           	103C	0000	193
		_WriteSTLED316SData		CODE           	10FC	0000	147
		_WriteSTLED316SMode		CODE           	0E9C	0000	213

Display.c estimated size: 975

C:\Program Files\Microchip\xc8\v2.05\pic\sources\c99\common\awdiv.c
		___awdiv       		CODE           	1218	0000	133

C:\Program Files\Microchip\xc8\v2.05\pic\sources\c99\common\awdiv.c estimated size: 133

C:\Program Files\Microchip\xc8\v2.05\pic\sources\c99\common\aldiv.c
		___aldiv       		CODE           	0F70	0000	205

C:\Program Files\Microchip\xc8\v2.05\pic\sources\c99\common\aldiv.c estimated size: 205

MotorDriver.c
		_MotorON_PWM   		CODE           	1778	0000	11
		_initMotor     		CODE           	173A	0000	15
		_MotorBREAK    		CODE           	1782	0000	11
		_Clr_RG3_PWM   		CODE           	17A4	0000	9
		_Set_RG3_PWM   		CODE           	1760	0000	13

MotorDriver.c estimated size: 59

main.c
		_Homing_Again_Auto		CODE           	0C06	0000	427
		_readWeighingData		CODE           	144A	0000	79
		_InitTimer1    		CODE           	16CE	0000	25
		_flush         		CODE           	15B6	0000	49
		_main          		CODE           	018A	0000	2195
		_ToggleVIB_Mode		CODE           	1616	0000	47
		_high_isr      		CODE           	0008	0000	383
		_delay_1ms     		CODE           	1694	0000	33
		_Homing_Again_Manual		CODE           	0A1C	0000	491
		_Read_IR       		CODE           	16E6	0000	25
		_flushOut      		CODE           	15E6	0000	49
		_MotorPosition_Init		CODE           	0DB0	0000	237

main.c estimated size: 4040

