Microchip MPLAB XC8 Compiler V2.10 ()

Linker command line:

-W-3 --edf=C:\Program Files (x86)\Microchip\xc8\v2.10\pic\dat\en_msgs.txt \
  -cs -h+dist/default/production\Solid_Dispenser_V3.3.X.production.sym \
  --cmf=dist/default/production\Solid_Dispenser_V3.3.X.production.cmf -z \
  -Q18F65J50 -oC:\Users\pc1\AppData\Local\Temp\s5so.2 \
  --defsym=__MPLAB_BUILD=1 \
  -Mdist/default/production/Solid_Dispenser_V3.3.X.production.map -E1 \
  -ver=XC8 --acfsm=1493 -ASTACK=088h-0F3Fh -pstack=STACK -ACODE=00h-07FF7h \
  -ACONST=00h-07FF7h -ASMALLCONST=01000h-010FFhx111,07F00h-07FF7h \
  -AMEDIUMCONST=01000h-07FF7h -ACOMRAM=01h-05Fh -AABS1=00h-0F3Fh \
  -ABIGRAM=01h-0F3Fh -ARAM=060h-0FFh,0100h-01FFhx14,0F00h-0F3Fh \
  -ABANK0=060h-0FFh -ABANK1=0100h-01FFh -ABANK2=0200h-02FFh \
  -ABANK3=0300h-03FFh -ABANK4=0400h-04FFh -ABANK5=0500h-05FFh \
  -ABANK6=0600h-06FFh -ABANK7=0700h-07FFh -ABANK8=0800h-08FFh \
  -ABANK9=0900h-09FFh -ABANK10=0A00h-0AFFh -ABANK11=0B00h-0BFFh \
  -ABANK12=0C00h-0CFFh -ABANK13=0D00h-0DFFh -ABANK14=0E00h-0EFFh \
  -ABANK15=0F00h-0F3Fh -ASFR=0F40h-0F5Fh,0F60h-0FFFh \
  -preset_vec=00h,intcode=08h,intcodelo,powerup,init -pramtop=01000h \
  -psmallconst=SMALLCONST -pmediumconst=MEDIUMCONST -pconst=CONST \
  -AFARRAM=00h-00h -ACONFIG=07FF8h-07FFDh -pconfig=CONFIG \
  -pjflash_buffer=07800h \
  -prdata=COMRAM,nvrram=COMRAM,nvbit=COMRAM,rbss=COMRAM,rbit=COMRAM \
  -pfarbss=FARRAM,fardata=FARRAM,nvFARRAM=FARRAM \
  -pintsave_regs=BIGRAM,bigbss=BIGRAM,bigdata=BIGRAM -pbss=RAM \
  -pidata=CODE,irdata=CODE,ibigdata=CODE,ifardata=CODE -prparam=COMRAM \
  C:\Users\pc1\AppData\Local\Temp\s5so.o \
  dist/default/production\Solid_Dispenser_V3.3.X.production.o 

Object code version is 3.11

Machine type is 18F65J50

Call graph: (short form)




                Name                               Link     Load   Length Selector   Space Scale
C:\Users\pc1\AppData\Local\Temp\s5so.o
                init                                29A      29A        4        4       0
                reset_vec                             0        0        4        0       0
                config                             7FF8     7FF8        6     7FF8       0
dist/default/production\Solid_Dispenser_V3.3.X.production.o
                intcode                               8        8      292        4       0
                temp                                 59       59        1        1       1
                text43                             1E0C     1E0C       36        4       0
                text42                             1EBA     1EBA       26        4       0
                text41                             1F48     1F48       16        4       0
                text39                             1E42     1E42       2C        4       0
                text38                             1D24     1D24       3E        4       0
                text37                             1FD0     1FD0        8      FD2       0
                text36                             1FAE     1FAE        A      FD2       0
                text35                             1F8C     1F8C        C        4       0
                text34                             1FA4     1FA4        A      FD2       0
                text33                             1EE0     1EE0       24        4       0
                text32                             1A4E     1A4E       80        4       0
                text31                             15EC     15EC       E8        4       0
                text30                             14EC     14EC      100        4       0
                text29                             1F32     1F32       16        4       0
                text28                             1D9C     1D9C       3A        4       0
                text27                             1BAA     1BAA       5A        4       0
                text26                             10AE     10AE      226        4       0
                text25                             16D4     16D4       CC        4       0
                text24                             17A0     17A0       C4        4       0
                text23                             1864     1864       B0        4       0
                text22                             1914     1914       AE        4       0
                text21                              E1E      E1E      290        4       0
                text20                             19C2     19C2       8C        4       0
                text19                             1F04     1F04       18        4       0
                text18                             13E0     13E0      10C        4       0
                text17                             12D4     12D4      10C        4       0
                text16                             1E94     1E94       26        4       0
                text15                             1F5E     1F5E       14        4       0
                text14                             1FC8     1FC8        8      FD2       0
                text13                             1FC0     1FC0        8      FD2       0
                text12                             1F80     1F80        C        4       0
                text11                             1C52     1C52       4E        4       0
                text10                             1CE6     1CE6       3E        4       0
                text9                              1C04     1C04       4E        4       0
                text8                              1D62     1D62       3A        4       0
                text7                              1F1C     1F1C       16        4       0
                text6                              1ACE     1ACE       72        4       0
                text5                              1F72     1F72        E        4       0
                text4                              1E6E     1E6E       26        4       0
                text3                              1DD6     1DD6       36        4       0
                text2                              1FB8     1FB8        8      FD2       0
                text1                              1B40     1B40       6A        4       0
                text0                               29E      29E      B80        4       0
                cstackCOMRAM                         38       38       16        1       1
                cstackBANK0                          80       80        8       60       1
                bssBANK0                             60       60       20       60       1
                dataCOMRAM                           4E       4E        B        1       1
                bssCOMRAM                             1        1       37        1       1
                cinit                              1CA0     1CA0       46        4       0
                idataCOMRAM                        1F98     1F98        B        4       0

TOTAL           Name                               Link     Load   Length     Space
        CLASS   STACK          

        CLASS   CODE           
                intcode                               8        8      292         0
                init                                29A      29A        4         0
                reset_vec                             0        0        4         0
                text43                             1E0C     1E0C       36         0
                text42                             1EBA     1EBA       26         0
                text41                             1F48     1F48       16         0
                text39                             1E42     1E42       2C         0
                text38                             1D24     1D24       3E         0
                text37                             1FD0     1FD0        8         0
                text36                             1FAE     1FAE        A         0
                text35                             1F8C     1F8C        C         0
                text34                             1FA4     1FA4        A         0
                text33                             1EE0     1EE0       24         0
                text32                             1A4E     1A4E       80         0
                text31                             15EC     15EC       E8         0
                text30                             14EC     14EC      100         0
                text29                             1F32     1F32       16         0
                text28                             1D9C     1D9C       3A         0
                text27                             1BAA     1BAA       5A         0
                text26                             10AE     10AE      226         0
                text25                             16D4     16D4       CC         0
                text24                             17A0     17A0       C4         0
                text23                             1864     1864       B0         0
                text22                             1914     1914       AE         0
                text21                              E1E      E1E      290         0
                text20                             19C2     19C2       8C         0
                text19                             1F04     1F04       18         0
                text18                             13E0     13E0      10C         0
                text17                             12D4     12D4      10C         0
                text16                             1E94     1E94       26         0
                text15                             1F5E     1F5E       14         0
                text14                             1FC8     1FC8        8         0
                text13                             1FC0     1FC0        8         0
                text12                             1F80     1F80        C         0
                text11                             1C52     1C52       4E         0
                text10                             1CE6     1CE6       3E         0
                text9                              1C04     1C04       4E         0
                text8                              1D62     1D62       3A         0
                text7                              1F1C     1F1C       16         0
                text6                              1ACE     1ACE       72         0
                text5                              1F72     1F72        E         0
                text4                              1E6E     1E6E       26         0
                text3                              1DD6     1DD6       36         0
                text2                              1FB8     1FB8        8         0
                text1                              1B40     1B40       6A         0
                text0                               29E      29E      B80         0
                cinit                              1CA0     1CA0       46         0
                idataCOMRAM                        1F98     1F98        B         0

        CLASS   CONST          

        CLASS   SMALLCONST     

        CLASS   MEDIUMCONST    

        CLASS   COMRAM         
                temp                                 59       59        1         1
                cstackCOMRAM                         38       38       16         1
                dataCOMRAM                           4E       4E        B         1
                bssCOMRAM                             1        1       37         1

        CLASS   ABS1           

        CLASS   BIGRAM         

        CLASS   RAM            

        CLASS   BANK0          
                cstackBANK0                          80       80        8         1
                bssBANK0                             60       60       20         1

        CLASS   BANK1          

        CLASS   BANK2          

        CLASS   BANK3          

        CLASS   BANK4          

        CLASS   BANK5          

        CLASS   BANK6          

        CLASS   BANK7          

        CLASS   BANK8          

        CLASS   BANK9          

        CLASS   BANK10         

        CLASS   BANK11         

        CLASS   BANK12         

        CLASS   BANK13         

        CLASS   BANK14         

        CLASS   BANK15         

        CLASS   SFR            

        CLASS   FARRAM         

        CLASS   CONFIG         
                config                             7FF8     7FF8        6         0

        CLASS   IDLOC          



SEGMENTS        Name                           Load    Length   Top    Selector   Space  Class

                reset_vec                      000000  000004  000004         0       0  CODE    
                bssCOMRAM                      000001  000059  00005A         1       1  COMRAM  
                intcode                        000008  001F9B  001FA3         4       0  CODE    
                bssBANK0                       000060  000028  000088        60       1  BANK0   
                text34                         001FA4  000034  001FD8       FD2       0  CODE    
                config                         007FF8  000006  007FFE      7FF8       0  CONFIG  


UNUSED ADDRESS RANGES

        Name                Unused          Largest block    Delta
        BANK0            0088-00FF             78
        BANK1            0100-01FF            100
        BANK10           0A00-0AFF            100
        BANK11           0B00-0BFF            100
        BANK12           0C00-0CFF            100
        BANK13           0D00-0DFF            100
        BANK14           0E00-0EFF            100
        BANK15           0F00-0F3F             40
        BANK2            0200-02FF            100
        BANK3            0300-03FF            100
        BANK4            0400-04FF            100
        BANK5            0500-05FF            100
        BANK6            0600-06FF            100
        BANK7            0700-07FF            100
        BANK8            0800-08FF            100
        BANK9            0900-09FF            100
        BIGRAM           005A-005F              6
                         0088-0F3F            EB8
        CODE             0004-0007              4
                         1FA3-1FA3              1
                         1FD8-7FF7           6020
        COMRAM           005A-005F              6
        CONST            0004-0007              4
                         1FA3-1FA3              1
                         1FD8-7FF7           6020
        MEDIUMCONST      1FA3-1FA3              1
                         1FD8-7FF7           6020
        RAM              0088-0F3F            100
        SFR              0F40-0FFF             20
        SMALLCONST       1FA3-1FA3              1
                         1FD8-7FF7            100
        STACK            0088-0F3F            EB8

                                  Symbol Table

?_Read_IR                        cstackCOMRAM  003E
?___aldiv                        cstackCOMRAM  003E
?___awdiv                        cstackCOMRAM  003E
?___awmod                        cstackCOMRAM  003E
?_i2c_Read                       cstackCOMRAM  003F
?_read_i2c                       cstackBANK0   0080
Get7Seg@Data                     cstackCOMRAM  0042
Get7Seg@Digit                    cstackCOMRAM  003E
InitSTLED316@Brightness          cstackCOMRAM  0046
Read1USART@result                cstackCOMRAM  0038
STLED316s_SPI_SendData@Data      cstackCOMRAM  0040
STLED316s_SPI_SendData@i         cstackCOMRAM  0042
STLED316s_SPI_SendData@t         cstackCOMRAM  0043
STLED316s_SPI_SendData@temp      cstackCOMRAM  0041
Write1USART@data                 cstackCOMRAM  003E
WriteSTLED316SData@NUM_DIG0      cstackBANK0   0080
WriteSTLED316SData@NUM_DIG1      cstackBANK0   0082
WriteSTLED316SData@data3         cstackBANK0   0084
WriteSTLED316SData@data4         cstackBANK0   0085
WriteSTLED316SData@number        cstackCOMRAM  0046
WriteSTLED316SData@v_mode        cstackCOMRAM  0048
WriteSTLED316SErr@msg            cstackCOMRAM  0046
WriteSTLED316SMode@msg           cstackCOMRAM  0046
WriteSTLED316SVibMode@v_mode     cstackCOMRAM  0044
_ACKDT2                          (abs)         7B5D
_ACKEN2                          (abs)         7B5C
_ADCON0bits                      (abs)         0FC2
_ADCON1bits                      (abs)         0FC1
_ADRES                           (abs)         0FC3
_ADRESH                          (abs)         0FC4
_ADRESL                          (abs)         0FC3
_AD_capture_BattVoltage          text38        1D24
_ANCON0bits                      (abs)         0FC1
_BAUDCON1bits                    (abs)         0F7E
_Busy                            bssCOMRAM     0033
_CCP4CON                         (abs)         0F73
_CCPR4L                          (abs)         0F74
_Clr_RG3_PWM                     text37        1FD0
_Device_ID                       bssCOMRAM     001D
_EAdd_High                       bssCOMRAM     0027
_EAdd_Low                        bssCOMRAM     0025
_ETemp                           bssCOMRAM     0023
_GIE                             (abs)         7F97
_Get7Seg                         text25        16D4
_Homing_Again_Auto               text26        10AE
_Homing_Again_Manual             text21        0E1E
_INTCONbits                      (abs)         0FF2
_IPR1bits                        (abs)         0F9F
_IR_SENSORF                      bssCOMRAM     0013
_InitSTLED316                    text20        19C2
_InitTimer1                      text19        1F04
_LATAbits                        (abs)         0F89
_LATCbits                        (abs)         0F8B
_LATDbits                        (abs)         0F8C
_LATGbits                        (abs)         0F8F
_LowPowerCounter                 dataCOMRAM    004E
_Low_Power_Indicator             text43        1E0C
_MotorBREAK                      text36        1FAE
_MotorON_PWM                     text34        1FA4
_MotorPosition_Init              text18        13E0
_Motor_Pause_Time                bssCOMRAM     001B
_Motor_Speed                     bssCOMRAM     0021
_Motor_Stop_Delay_Time           bssCOMRAM     001F
_NUM                             bssCOMRAM     0019
_NUM_REC                         bssCOMRAM     0017
_OSCCONbits                      (abs)         0FD3
_OpMode                          bssCOMRAM     0030
_PEN2                            (abs)         7B5A
_PIE1bits                        (abs)         0F9D
_PIR1bits                        (abs)         0F9E
_PORTAbits                       (abs)         0F80
_PORTBbits                       (abs)         0F81
_PR4                             (abs)         0F77
_PWM_Duty_Cycle                  bssCOMRAM     002C
_PWM_reg                         dataCOMRAM    0058
_RCEN2                           (abs)         7B5B
_RCONbits                        (abs)         0FD0
_RCREG1                          (abs)         0FAF
_RCSTA1bits                      (abs)         0FAC
_RSEN2                           (abs)         7B59
_Read1USART                      text42        1EBA
_Read_IR                         text33        1EE0
_SEN2                            (abs)         7B58
_SPBRG1                          (abs)         0FB0
_SPBRGH1                         (abs)         0F7F
_SSP2ADD                         (abs)         0F6E
_SSP2BUF                         (abs)         0F6F
_SSP2CON1                        (abs)         0F6C
_SSP2CON2                        (abs)         0F6B
_SSP2STAT                        (abs)         0F6D
_STLED316s_SPI_SendData          text32        1A4E
_Serial_Buffer                   bssCOMRAM     0001
_Serial_Buffer_Out               bssBANK0      0060
_Serial_Count                    bssCOMRAM     0029
_Serial_Flag                     bssCOMRAM     0037
_Serial_GData                    bssCOMRAM     0036
_Serial_Temp_Buffer              bssBANK0      0070
_Set_RG3_PWM                     text35        1F8C
_Stop                            bssCOMRAM     0035
_T1CON                           (abs)         0FCD
_T3CONbits                       (abs)         0F79
_T4CON                           (abs)         0F76
_T4CONbits                       (abs)         0F76
_TMR1                            (abs)         0FCE
_TMR1IE                          (abs)         7CE8
_TMR1IF                          (abs)         7CF0
_TMR1IF_triggered                bssCOMRAM     002B
_TRISA                           (abs)         0F92
_TRISB                           (abs)         0F93
_TRISC                           (abs)         0F94
_TRISCbits                       (abs)         0F94
_TRISD                           (abs)         0F95
_TRISD5                          (abs)         7CAD
_TRISD6                          (abs)         7CAE
_TRISE                           (abs)         0F96
_TRISF                           (abs)         0F97
_TRISG                           (abs)         0F98
_TXREG1                          (abs)         0FAE
_TXSTA1bits                      (abs)         0FAD
_ToggleVIB_Mode                  text10        1CE6
_VOLTAGE                         bssCOMRAM     0011
_Vmotor_Time                     dataCOMRAM    0056
_WDTCONbits                      (abs)         0FC0
_Write1USART                     text29        1F32
_WriteSTLED316SData              text22        1914
_WriteSTLED316SErr               text31        15EC
_WriteSTLED316SMode              text30        14EC
_WriteSTLED316SVibMode           text9         1C04
__CFG_CCP2MX$DEFAULT             (abs)         0000
__CFG_CP0$OFF                    (abs)         0000
__CFG_CPUDIV$OSC1                (abs)         0000
__CFG_DEBUG$OFF                  (abs)         0000
__CFG_FCMEN$OFF                  (abs)         0000
__CFG_FOSC$INTOSCPLLO            (abs)         0000
__CFG_IESO$OFF                   (abs)         0000
__CFG_MSSPMSK$MSK5               (abs)         0000
__CFG_PLLDIV$1                   (abs)         0000
__CFG_STVREN$ON                  (abs)         0000
__CFG_WDTEN$OFF                  (abs)         0000
__CFG_WDTPS$2048                 (abs)         0000
__CFG_XINST$OFF                  (abs)         0000
__HRAM                           (abs)         0000
__Habs1                          abs1          0000
__Hbank0                         bank0         0000
__Hbank1                         bank1         0000
__Hbank10                        bank10        0000
__Hbank11                        bank11        0000
__Hbank12                        bank12        0000
__Hbank13                        bank13        0000
__Hbank14                        bank14        0000
__Hbank15                        bank15        0000
__Hbank2                         bank2         0000
__Hbank3                         bank3         0000
__Hbank4                         bank4         0000
__Hbank5                         bank5         0000
__Hbank6                         bank6         0000
__Hbank7                         bank7         0000
__Hbank8                         bank8         0000
__Hbank9                         bank9         0000
__Hbigbss                        bigbss        0000
__Hbigdata                       bigdata       0000
__Hbigram                        bigram        0000
__Hbss                           bss           0000
__HbssBANK0                      bssBANK0      0000
__HbssCOMRAM                     bssCOMRAM     0000
__Hcinit                         cinit         0000
__Hclrtext                       clrtext       0000
__Hcomram                        comram        0000
__Hconfig                        config        7FFE
__Hconst                         const         0000
__HcstackBANK0                   cstackBANK0   0000
__HcstackCOMRAM                  cstackCOMRAM  0000
__Hdata                          data          0000
__HdataCOMRAM                    dataCOMRAM    0000
__Hfarbss                        farbss        0000
__Hfardata                       fardata       0000
__Hibigdata                      ibigdata      0000
__Hidata                         idata         0000
__HidataCOMRAM                   idataCOMRAM   0000
__Hidloc                         idloc         0000
__Hifardata                      ifardata      0000
__Hinit                          init          029E
__Hintcode                       intcode       029A
__Hintcode_body                  intcode_body  0000
__Hintcodelo                     intcodelo     029A
__Hintentry                      intentry      0000
__Hintret                        intret        0000
__Hintsave_regs                  intsave_regs  0000
__Hirdata                        irdata        0000
__Hjflash_buffer                 jflash_buffer 7800
__Hmediumconst                   mediumconst   0000
__HnvFARRAM                      nvFARRAM      0000
__Hnvbit                         nvbit         0000
__Hnvrram                        nvrram        0000
__Hparam                         rparam        0000
__Hpowerup                       powerup       029A
__Hram                           ram           0000
__Hramtop                        ramtop        1000
__Hrbit                          rbit          0000
__Hrbss                          rbss          0000
__Hrdata                         rdata         0000
__Hreset_vec                     reset_vec     0004
__Hrparam                        rparam        0000
__Hsfr                           sfr           0000
__Hsmallconst                    smallconst    0000
__Hspace_0                       (abs)         7FFE
__Hspace_1                       (abs)         0088
__Hspace_2                       (abs)         0000
__Hstack                         stack         0000
__Hstruct                        struct        0000
__Htemp                          temp          005A
__Htext                          text          0000
__Htext0                         text0         0000
__Htext1                         text1         0000
__Htext10                        text10        0000
__Htext11                        text11        0000
__Htext12                        text12        0000
__Htext13                        text13        0000
__Htext14                        text14        0000
__Htext15                        text15        0000
__Htext16                        text16        0000
__Htext17                        text17        0000
__Htext18                        text18        0000
__Htext19                        text19        0000
__Htext2                         text2         0000
__Htext20                        text20        0000
__Htext21                        text21        0000
__Htext22                        text22        0000
__Htext23                        text23        0000
__Htext24                        text24        0000
__Htext25                        text25        0000
__Htext26                        text26        0000
__Htext27                        text27        0000
__Htext28                        text28        0000
__Htext29                        text29        0000
__Htext3                         text3         0000
__Htext30                        text30        0000
__Htext31                        text31        0000
__Htext32                        text32        0000
__Htext33                        text33        0000
__Htext34                        text34        0000
__Htext35                        text35        0000
__Htext36                        text36        0000
__Htext37                        text37        0000
__Htext38                        text38        0000
__Htext39                        text39        0000
__Htext4                         text4         0000
__Htext41                        text41        0000
__Htext42                        text42        0000
__Htext43                        text43        0000
__Htext5                         text5         0000
__Htext6                         text6         0000
__Htext7                         text7         0000
__Htext8                         text8         0000
__Htext9                         text9         0000
__LRAM                           (abs)         0001
__Labs1                          abs1          0000
__Lbank0                         bank0         0000
__Lbank1                         bank1         0000
__Lbank10                        bank10        0000
__Lbank11                        bank11        0000
__Lbank12                        bank12        0000
__Lbank13                        bank13        0000
__Lbank14                        bank14        0000
__Lbank15                        bank15        0000
__Lbank2                         bank2         0000
__Lbank3                         bank3         0000
__Lbank4                         bank4         0000
__Lbank5                         bank5         0000
__Lbank6                         bank6         0000
__Lbank7                         bank7         0000
__Lbank8                         bank8         0000
__Lbank9                         bank9         0000
__Lbigbss                        bigbss        0000
__Lbigdata                       bigdata       0000
__Lbigram                        bigram        0000
__Lbss                           bss           0000
__LbssBANK0                      bssBANK0      0000
__LbssCOMRAM                     bssCOMRAM     0000
__Lcinit                         cinit         0000
__Lclrtext                       clrtext       0000
__Lcomram                        comram        0000
__Lconfig                        config        7FF8
__Lconst                         const         0000
__LcstackBANK0                   cstackBANK0   0000
__LcstackCOMRAM                  cstackCOMRAM  0000
__Ldata                          data          0000
__LdataCOMRAM                    dataCOMRAM    0000
__Lfarbss                        farbss        0000
__Lfardata                       fardata       0000
__Libigdata                      ibigdata      0000
__Lidata                         idata         0000
__LidataCOMRAM                   idataCOMRAM   0000
__Lidloc                         idloc         0000
__Lifardata                      ifardata      0000
__Linit                          init          029A
__Lintcode                       intcode       0008
__Lintcode_body                  intcode_body  0000
__Lintcodelo                     intcodelo     029A
__Lintentry                      intentry      0000
__Lintret                        intret        0000
__Lintsave_regs                  intsave_regs  0000
__Lirdata                        irdata        0000
__Ljflash_buffer                 jflash_buffer 7800
__Lmediumconst                   mediumconst   0000
__LnvFARRAM                      nvFARRAM      0000
__Lnvbit                         nvbit         0000
__Lnvrram                        nvrram        0000
__Lparam                         rparam        0000
__Lpowerup                       powerup       029A
__Lram                           ram           0000
__Lramtop                        ramtop        1000
__Lrbit                          rbit          0000
__Lrbss                          rbss          0000
__Lrdata                         rdata         0000
__Lreset_vec                     reset_vec     0000
__Lrparam                        rparam        0000
__Lsfr                           sfr           0000
__Lsmallconst                    smallconst    0000
__Lspace_0                       (abs)         0000
__Lspace_1                       (abs)         0000
__Lspace_2                       (abs)         0000
__Lstack                         stack         0000
__Lstruct                        struct        0000
__Ltemp                          temp          0059
__Ltext                          text          0000
__Ltext0                         text0         0000
__Ltext1                         text1         0000
__Ltext10                        text10        0000
__Ltext11                        text11        0000
__Ltext12                        text12        0000
__Ltext13                        text13        0000
__Ltext14                        text14        0000
__Ltext15                        text15        0000
__Ltext16                        text16        0000
__Ltext17                        text17        0000
__Ltext18                        text18        0000
__Ltext19                        text19        0000
__Ltext2                         text2         0000
__Ltext20                        text20        0000
__Ltext21                        text21        0000
__Ltext22                        text22        0000
__Ltext23                        text23        0000
__Ltext24                        text24        0000
__Ltext25                        text25        0000
__Ltext26                        text26        0000
__Ltext27                        text27        0000
__Ltext28                        text28        0000
__Ltext29                        text29        0000
__Ltext3                         text3         0000
__Ltext30                        text30        0000
__Ltext31                        text31        0000
__Ltext32                        text32        0000
__Ltext33                        text33        0000
__Ltext34                        text34        0000
__Ltext35                        text35        0000
__Ltext36                        text36        0000
__Ltext37                        text37        0000
__Ltext38                        text38        0000
__Ltext39                        text39        0000
__Ltext4                         text4         0000
__Ltext41                        text41        0000
__Ltext42                        text42        0000
__Ltext43                        text43        0000
__Ltext5                         text5         0000
__Ltext6                         text6         0000
__Ltext7                         text7         0000
__Ltext8                         text8         0000
__Ltext9                         text9         0000
__S0                             (abs)         7FFE
__S1                             (abs)         0088
__S2                             (abs)         0000
___aldiv                         text17        12D4
___aldiv@counter                 cstackCOMRAM  0046
___aldiv@dividend                cstackCOMRAM  003E
___aldiv@divisor                 cstackCOMRAM  0042
___aldiv@quotient                cstackCOMRAM  0048
___aldiv@sign                    cstackCOMRAM  0047
___awdiv                         text24        17A0
___awdiv@counter                 cstackCOMRAM  0042
___awdiv@dividend                cstackCOMRAM  003E
___awdiv@divisor                 cstackCOMRAM  0040
___awdiv@quotient                cstackCOMRAM  0044
___awdiv@sign                    cstackCOMRAM  0043
___awmod                         text23        1864
___awmod@counter                 cstackCOMRAM  0042
___awmod@dividend                cstackCOMRAM  003E
___awmod@divisor                 cstackCOMRAM  0040
___awmod@sign                    cstackCOMRAM  0043
___extmem_base                   (abs)         8000
___inthi_sp                      stack         0000
___intlo_sp                      stack         0000
___param_bank                    (abs)         0000
___rparam_used                   (abs)         0001
___sp                            stack         0000
__accesstop                      (abs)         0060
__activetblptr                   (abs)         0002
__end_of_AD_capture_BattVoltage  text38        1D62
__end_of_Clr_RG3_PWM             text37        1FD8
__end_of_Get7Seg                 text25        17A0
__end_of_Homing_Again_Auto       text26        12D4
__end_of_Homing_Again_Manual     text21        10AE
__end_of_InitSTLED316            text20        1A4E
__end_of_InitTimer1              text19        1F1C
__end_of_Low_Power_Indicator     text43        1E42
__end_of_MotorBREAK              text36        1FB8
__end_of_MotorON_PWM             text34        1FAE
__end_of_MotorPosition_Init      text18        14EC
__end_of_Read1USART              text42        1EE0
__end_of_Read_IR                 text33        1F04
__end_of_STLED316s_SPI_SendData  text32        1ACE
__end_of_Set_RG3_PWM             text35        1F98
__end_of_ToggleVIB_Mode          text10        1D24
__end_of_Write1USART             text29        1F48
__end_of_WriteSTLED316SData      text22        19C2
__end_of_WriteSTLED316SErr       text31        16D4
__end_of_WriteSTLED316SMode      text30        15EC
__end_of_WriteSTLED316SVibMode   text9         1C52
__end_of___aldiv                 text17        13E0
__end_of___awdiv                 text24        1864
__end_of___awmod                 text23        1914
__end_of__initialization         cinit         1CD8
__end_of_delay_1ms               text39        1E6E
__end_of_flush                   text8         1D9C
__end_of_flushOut                text28        1DD6
__end_of_high_isr                intcode       029A
__end_of_i2c_Address             text15        1F72
__end_of_i2c_Init                text7         1F32
__end_of_i2c_Read                text3         1E0C
__end_of_i2c_Restart             text2         1FC0
__end_of_i2c_Start               text14        1FD0
__end_of_i2c_Stop                text13        1FC8
__end_of_i2c_Wait                text16        1EBA
__end_of_i2c_Write               text12        1F8C
__end_of_init                    text6         1B40
__end_of_initMotor               text5         1F80
__end_of_initUSART               text4         1E94
__end_of_main                    text0         0E1E
__end_of_readWeighingData        text27        1C04
__end_of_read_i2c                text1         1BAA
__end_of_write_i2c               text11        1CA0
__end_ofi2_Write1USART           text41        1F5E
__initialization                 cinit         1CA0
__mediumconst                    mediumconst   0000
__pbssBANK0                      bssBANK0      0060
__pbssCOMRAM                     bssCOMRAM     0001
__pcinit                         cinit         1CA0
__pcstackBANK0                   cstackBANK0   0080
__pcstackCOMRAM                  cstackCOMRAM  0038
__pdataCOMRAM                    dataCOMRAM    004E
__pidataCOMRAM                   idataCOMRAM   1F98
__pintcode                       intcode       0008
__ptext0                         text0         029E
__ptext1                         text1         1B40
__ptext10                        text10        1CE6
__ptext11                        text11        1C52
__ptext12                        text12        1F80
__ptext13                        text13        1FC0
__ptext14                        text14        1FC8
__ptext15                        text15        1F5E
__ptext16                        text16        1E94
__ptext17                        text17        12D4
__ptext18                        text18        13E0
__ptext19                        text19        1F04
__ptext2                         text2         1FB8
__ptext20                        text20        19C2
__ptext21                        text21        0E1E
__ptext22                        text22        1914
__ptext23                        text23        1864
__ptext24                        text24        17A0
__ptext25                        text25        16D4
__ptext26                        text26        10AE
__ptext27                        text27        1BAA
__ptext28                        text28        1D9C
__ptext29                        text29        1F32
__ptext3                         text3         1DD6
__ptext30                        text30        14EC
__ptext31                        text31        15EC
__ptext32                        text32        1A4E
__ptext33                        text33        1EE0
__ptext34                        text34        1FA4
__ptext35                        text35        1F8C
__ptext36                        text36        1FAE
__ptext37                        text37        1FD0
__ptext38                        text38        1D24
__ptext39                        text39        1E42
__ptext4                         text4         1E6E
__ptext41                        text41        1F48
__ptext42                        text42        1EBA
__ptext43                        text43        1E0C
__ptext5                         text5         1F72
__ptext6                         text6         1ACE
__ptext7                         text7         1F1C
__ptext8                         text8         1D62
__ptext9                         text9         1C04
__ramtop                         ramtop        1000
__size_of_AD_capture_BattVoltage (abs)         0000
__size_of_Clr_RG3_PWM            (abs)         0000
__size_of_Get7Seg                (abs)         0000
__size_of_Homing_Again_Auto      (abs)         0000
__size_of_Homing_Again_Manual    (abs)         0000
__size_of_InitSTLED316           (abs)         0000
__size_of_InitTimer1             (abs)         0000
__size_of_Low_Power_Indicator    (abs)         0000
__size_of_MotorBREAK             (abs)         0000
__size_of_MotorON_PWM            (abs)         0000
__size_of_MotorPosition_Init     (abs)         0000
__size_of_Read1USART             (abs)         0000
__size_of_Read_IR                (abs)         0000
__size_of_STLED316s_SPI_SendData (abs)         0000
__size_of_Set_RG3_PWM            (abs)         0000
__size_of_ToggleVIB_Mode         (abs)         0000
__size_of_Write1USART            (abs)         0000
__size_of_WriteSTLED316SData     (abs)         0000
__size_of_WriteSTLED316SErr      (abs)         0000
__size_of_WriteSTLED316SMode     (abs)         0000
__size_of_WriteSTLED316SVibMode  (abs)         0000
__size_of___aldiv                (abs)         0000
__size_of___awdiv                (abs)         0000
__size_of___awmod                (abs)         0000
__size_of_delay_1ms              (abs)         0000
__size_of_flush                  (abs)         0000
__size_of_flushOut               (abs)         0000
__size_of_high_isr               (abs)         0000
__size_of_i2c_Address            (abs)         0000
__size_of_i2c_Init               (abs)         0000
__size_of_i2c_Read               (abs)         0000
__size_of_i2c_Restart            (abs)         0000
__size_of_i2c_Start              (abs)         0000
__size_of_i2c_Stop               (abs)         0000
__size_of_i2c_Wait               (abs)         0000
__size_of_i2c_Write              (abs)         0000
__size_of_init                   (abs)         0000
__size_of_initMotor              (abs)         0000
__size_of_initUSART              (abs)         0000
__size_of_main                   (abs)         0000
__size_of_readWeighingData       (abs)         0000
__size_of_read_i2c               (abs)         0000
__size_of_write_i2c              (abs)         0000
__size_ofi2_Write1USART          (abs)         0000
__smallconst                     smallconst    0000
_data                            bssCOMRAM     0031
_delay_1ms                       text39        1E42
_delay_motor_stop_time           bssCOMRAM     002D
_errorcounter                    dataCOMRAM    0052
_flush                           text8         1D62
_flushOut                        text28        1D9C
_high_isr                        intcode       0008
_i                               bssCOMRAM     0015
_i2c_Address                     text15        1F5E
_i2c_Init                        text7         1F1C
_i2c_Read                        text3         1DD6
_i2c_Restart                     text2         1FB8
_i2c_Start                       text14        1FC8
_i2c_Stop                        text13        1FC0
_i2c_Wait                        text16        1E94
_i2c_Write                       text12        1F80
_init                            text6         1ACE
_initMotor                       text5         1F72
_initUSART                       text4         1E6E
_main                            text0         029E
_motor_status                    bssCOMRAM     0034
_pause_Time                      bssCOMRAM     002F
_readWeighingData                text27        1BAA
_read_i2c                        text1         1B40
_vib_Time                        bssCOMRAM     002E
_vibration_mode                  bssCOMRAM     0032
_write_i2c                       text11        1C52
btemp                            temp          0059
delay_1ms@time                   cstackCOMRAM  003E
end_of_initialization            cinit         1CD8
flush@i                          cstackCOMRAM  003E
flushOut@i                       cstackCOMRAM  003E
high_isr@Temp                    cstackCOMRAM  003B
high_isr@c                       cstackCOMRAM  003C
high_isr@i                       cstackCOMRAM  003D
i2Write1USART@data               cstackCOMRAM  0038
i2_Write1USART                   text41        1F48
i2c_Address@address              cstackCOMRAM  0040
i2c_Address@l_address            cstackCOMRAM  0041
i2c_Address@mode                 cstackCOMRAM  003F
i2c_Read@ack                     cstackCOMRAM  0041
i2c_Read@i2cReadData             cstackCOMRAM  0042
i2c_Write@data                   cstackCOMRAM  003F
int$flags                        temp          0059
intlevel0                        text          0000
intlevel1                        text          0000
intlevel2                        text          0000
intlevel3                        text          0000
readWeighingData@i               cstackCOMRAM  0040
read_i2c@address                 cstackBANK0   0080
read_i2c@read_byte               cstackCOMRAM  004C
stackhi                          (abs)         0F3F
stacklo                          (abs)         0088
start                            init          029A
start_initialization             cinit         1CA0
ttemp5                           temp          005A
ttemp6                           temp          005D
ttemp7                           temp          0061
write_i2c@address                cstackBANK0   0080
write_i2c@data                   cstackBANK0   0084
wtemp8                           temp          005A


FUNCTION INFORMATION:

 *************** function _main *****************
 Defined at:
		line 124 in file "main.c"
 Parameters:    Size  Location     Type
		None
 Auto vars:     Size  Location     Type
		None
 Return value:  Size  Location     Type
                  1    wreg      void 
 Registers used:
		wreg, fsr2l, fsr2h, status,2, status,0, cstack
 Tracked objects:
		On entry : 
		On exit  : 
		Unchanged: 
 Data sizes:     COMRAM   BANK0   BANK1   BANK2   BANK3   BANK4   BANK5   BANK6   BANK7   BANK8   BANK9  BANK10  BANK11  BANK12  BANK13  BANK14  BANK15
      Params:         0       0       0       0       0       0       0       0       0       0       0       0       0       0       0       0       0
      Locals:         0       0       0       0       0       0       0       0       0       0       0       0       0       0       0       0       0
      Temps:          0       2       0       0       0       0       0       0       0       0       0       0       0       0       0       0       0
      Totals:         0       2       0       0       0       0       0       0       0       0       0       0       0       0       0       0       0
Total ram usage:        2 bytes
 Hardware stack levels required when called:    6
 This function calls:
		_AD_capture_BattVoltage
		_Homing_Again_Auto
		_Homing_Again_Manual
		_InitSTLED316
		_InitTimer1
		_MotorPosition_Init
		_ToggleVIB_Mode
		_Write1USART
		_WriteSTLED316SData
		_WriteSTLED316SVibMode
		_flush
		_flushOut
		_i2c_Init
		_init
		_initMotor
		_initUSART
		_read_i2c
		_write_i2c
 This function is called by:
		Startup code after reset
 This function uses a non-reentrant model


 *************** function _read_i2c *****************
 Defined at:
		line 118 in file "i2c.c"
 Parameters:    Size  Location     Type
  address         4    0[BANK0 ] long 
 Auto vars:     Size  Location     Type
  read_byte       2   20[COMRAM] int 
 Return value:  Size  Location     Type
                  2    0[BANK0 ] int 
 Registers used:
		wreg, status,2, status,0, cstack
 Tracked objects:
		On entry : 
		On exit  : 
		Unchanged: 
 Data sizes:     COMRAM   BANK0   BANK1   BANK2   BANK3   BANK4   BANK5   BANK6   BANK7   BANK8   BANK9  BANK10  BANK11  BANK12  BANK13  BANK14  BANK15
      Params:         0       4       0       0       0       0       0       0       0       0       0       0       0       0       0       0       0
      Locals:         2       0       0       0       0       0       0       0       0       0       0       0       0       0       0       0       0
      Temps:          0       0       0       0       0       0       0       0       0       0       0       0       0       0       0       0       0
      Totals:         2       4       0       0       0       0       0       0       0       0       0       0       0       0       0       0       0
Total ram usage:        6 bytes
 Hardware stack levels used:    1
 Hardware stack levels required when called:    4
 This function calls:
		___aldiv
		_i2c_Address
		_i2c_Read
		_i2c_Restart
		_i2c_Start
		_i2c_Stop
		_i2c_Write
 This function is called by:
		_main
 This function uses a non-reentrant model


 *************** function _i2c_Restart *****************
 Defined at:
		line 53 in file "i2c.c"
 Parameters:    Size  Location     Type
		None
 Auto vars:     Size  Location     Type
		None
 Return value:  Size  Location     Type
                  1    wreg      void 
 Registers used:
		wreg, status,2, status,0, cstack
 Tracked objects:
		On entry : 
		On exit  : 
		Unchanged: 
 Data sizes:     COMRAM   BANK0   BANK1   BANK2   BANK3   BANK4   BANK5   BANK6   BANK7   BANK8   BANK9  BANK10  BANK11  BANK12  BANK13  BANK14  BANK15
      Params:         0       0       0       0       0       0       0       0       0       0       0       0       0       0       0       0       0
      Locals:         0       0       0       0       0       0       0       0       0       0       0       0       0       0       0       0       0
      Temps:          0       0       0       0       0       0       0       0       0       0       0       0       0       0       0       0       0
      Totals:         0       0       0       0       0       0       0       0       0       0       0       0       0       0       0       0       0
Total ram usage:        0 bytes
 Hardware stack levels used:    1
 Hardware stack levels required when called:    3
 This function calls:
		_i2c_Wait
 This function is called by:
		_read_i2c
 This function uses a non-reentrant model


 *************** function _i2c_Read *****************
 Defined at:
		line 85 in file "i2c.c"
 Parameters:    Size  Location     Type
  ack             1    wreg     unsigned char 
 Auto vars:     Size  Location     Type
  ack             1    9[COMRAM] unsigned char 
  i2cReadData     1   10[COMRAM] unsigned char 
 Return value:  Size  Location     Type
                  2    7[COMRAM] int 
 Registers used:
		wreg, status,2, status,0, cstack
 Tracked objects:
		On entry : 
		On exit  : 
		Unchanged: 
 Data sizes:     COMRAM   BANK0   BANK1   BANK2   BANK3   BANK4   BANK5   BANK6   BANK7   BANK8   BANK9  BANK10  BANK11  BANK12  BANK13  BANK14  BANK15
      Params:         2       0       0       0       0       0       0       0       0       0       0       0       0       0       0       0       0
      Locals:         2       0       0       0       0       0       0       0       0       0       0       0       0       0       0       0       0
      Temps:          0       0       0       0       0       0       0       0       0       0       0       0       0       0       0       0       0
      Totals:         4       0       0       0       0       0       0       0       0       0       0       0       0       0       0       0       0
Total ram usage:        4 bytes
 Hardware stack levels used:    1
 Hardware stack levels required when called:    3
 This function calls:
		_i2c_Wait
 This function is called by:
		_read_i2c
 This function uses a non-reentrant model


 *************** function _initUSART *****************
 Defined at:
		line 20 in file "usart.c"
 Parameters:    Size  Location     Type
		None
 Auto vars:     Size  Location     Type
		None
 Return value:  Size  Location     Type
                  1    wreg      void 
 Registers used:
		wreg, status,2
 Tracked objects:
		On entry : 
		On exit  : 
		Unchanged: 
 Data sizes:     COMRAM   BANK0   BANK1   BANK2   BANK3   BANK4   BANK5   BANK6   BANK7   BANK8   BANK9  BANK10  BANK11  BANK12  BANK13  BANK14  BANK15
      Params:         0       0       0       0       0       0       0       0       0       0       0       0       0       0       0       0       0
      Locals:         0       0       0       0       0       0       0       0       0       0       0       0       0       0       0       0       0
      Temps:          0       0       0       0       0       0       0       0       0       0       0       0       0       0       0       0       0
      Totals:         0       0       0       0       0       0       0       0       0       0       0       0       0       0       0       0       0
Total ram usage:        0 bytes
 Hardware stack levels used:    1
 Hardware stack levels required when called:    2
 This function calls:
		Nothing
 This function is called by:
		_main
 This function uses a non-reentrant model


 *************** function _initMotor *****************
 Defined at:
		line 21 in file "MotorDriver.c"
 Parameters:    Size  Location     Type
		None
 Auto vars:     Size  Location     Type
		None
 Return value:  Size  Location     Type
                  1    wreg      void 
 Registers used:
		wreg, status,2
 Tracked objects:
		On entry : 
		On exit  : 
		Unchanged: 
 Data sizes:     COMRAM   BANK0   BANK1   BANK2   BANK3   BANK4   BANK5   BANK6   BANK7   BANK8   BANK9  BANK10  BANK11  BANK12  BANK13  BANK14  BANK15
      Params:         0       0       0       0       0       0       0       0       0       0       0       0       0       0       0       0       0
      Locals:         0       0       0       0       0       0       0       0       0       0       0       0       0       0       0       0       0
      Temps:          0       0       0       0       0       0       0       0       0       0       0       0       0       0       0       0       0
      Totals:         0       0       0       0       0       0       0       0       0       0       0       0       0       0       0       0       0
Total ram usage:        0 bytes
 Hardware stack levels used:    1
 Hardware stack levels required when called:    2
 This function calls:
		Nothing
 This function is called by:
		_main
 This function uses a non-reentrant model


 *************** function _init *****************
 Defined at:
		line 18 in file "IO.c"
 Parameters:    Size  Location     Type
		None
 Auto vars:     Size  Location     Type
		None
 Return value:  Size  Location     Type
                  1    wreg      void 
 Registers used:
		wreg, status,2
 Tracked objects:
		On entry : 
		On exit  : 
		Unchanged: 
 Data sizes:     COMRAM   BANK0   BANK1   BANK2   BANK3   BANK4   BANK5   BANK6   BANK7   BANK8   BANK9  BANK10  BANK11  BANK12  BANK13  BANK14  BANK15
      Params:         0       0       0       0       0       0       0       0       0       0       0       0       0       0       0       0       0
      Locals:         0       0       0       0       0       0       0       0       0       0       0       0       0       0       0       0       0
      Temps:          0       0       0       0       0       0       0       0       0       0       0       0       0       0       0       0       0
      Totals:         0       0       0       0       0       0       0       0       0       0       0       0       0       0       0       0       0
Total ram usage:        0 bytes
 Hardware stack levels used:    1
 Hardware stack levels required when called:    2
 This function calls:
		Nothing
 This function is called by:
		_main
 This function uses a non-reentrant model


 *************** function _i2c_Init *****************
 Defined at:
		line 24 in file "i2c.c"
 Parameters:    Size  Location     Type
		None
 Auto vars:     Size  Location     Type
		None
 Return value:  Size  Location     Type
                  1    wreg      void 
 Registers used:
		wreg, status,2
 Tracked objects:
		On entry : 
		On exit  : 
		Unchanged: 
 Data sizes:     COMRAM   BANK0   BANK1   BANK2   BANK3   BANK4   BANK5   BANK6   BANK7   BANK8   BANK9  BANK10  BANK11  BANK12  BANK13  BANK14  BANK15
      Params:         0       0       0       0       0       0       0       0       0       0       0       0       0       0       0       0       0
      Locals:         0       0       0       0       0       0       0       0       0       0       0       0       0       0       0       0       0
      Temps:          0       0       0       0       0       0       0       0       0       0       0       0       0       0       0       0       0
      Totals:         0       0       0       0       0       0       0       0       0       0       0       0       0       0       0       0       0
Total ram usage:        0 bytes
 Hardware stack levels used:    1
 Hardware stack levels required when called:    2
 This function calls:
		Nothing
 This function is called by:
		_main
 This function uses a non-reentrant model


 *************** function _flush *****************
 Defined at:
		line 1099 in file "main.c"
 Parameters:    Size  Location     Type
		None
 Auto vars:     Size  Location     Type
  i               2    6[COMRAM] int 
 Return value:  Size  Location     Type
                  1    wreg      void 
 Registers used:
		wreg, fsr2l, fsr2h, status,2, status,0
 Tracked objects:
		On entry : 
		On exit  : 
		Unchanged: 
 Data sizes:     COMRAM   BANK0   BANK1   BANK2   BANK3   BANK4   BANK5   BANK6   BANK7   BANK8   BANK9  BANK10  BANK11  BANK12  BANK13  BANK14  BANK15
      Params:         0       0       0       0       0       0       0       0       0       0       0       0       0       0       0       0       0
      Locals:         2       0       0       0       0       0       0       0       0       0       0       0       0       0       0       0       0
      Temps:          0       0       0       0       0       0       0       0       0       0       0       0       0       0       0       0       0
      Totals:         2       0       0       0       0       0       0       0       0       0       0       0       0       0       0       0       0
Total ram usage:        2 bytes
 Hardware stack levels used:    1
 Hardware stack levels required when called:    2
 This function calls:
		Nothing
 This function is called by:
		_main
 This function uses a non-reentrant model


 *************** function _WriteSTLED316SVibMode *****************
 Defined at:
		line 253 in file "Display.c"
 Parameters:    Size  Location     Type
  v_mode          1    wreg     unsigned char 
 Auto vars:     Size  Location     Type
  v_mode          1   12[COMRAM] unsigned char 
 Return value:  Size  Location     Type
                  1    wreg      void 
 Registers used:
		wreg, status,2, status,0, cstack
 Tracked objects:
		On entry : 
		On exit  : 
		Unchanged: 
 Data sizes:     COMRAM   BANK0   BANK1   BANK2   BANK3   BANK4   BANK5   BANK6   BANK7   BANK8   BANK9  BANK10  BANK11  BANK12  BANK13  BANK14  BANK15
      Params:         0       0       0       0       0       0       0       0       0       0       0       0       0       0       0       0       0
      Locals:         1       0       0       0       0       0       0       0       0       0       0       0       0       0       0       0       0
      Temps:          0       0       0       0       0       0       0       0       0       0       0       0       0       0       0       0       0
      Totals:         1       0       0       0       0       0       0       0       0       0       0       0       0       0       0       0       0
Total ram usage:        1 bytes
 Hardware stack levels used:    1
 Hardware stack levels required when called:    3
 This function calls:
		_STLED316s_SPI_SendData
 This function is called by:
		_main
 This function uses a non-reentrant model


 *************** function _ToggleVIB_Mode *****************
 Defined at:
		line 863 in file "main.c"
 Parameters:    Size  Location     Type
		None
 Auto vars:     Size  Location     Type
		None
 Return value:  Size  Location     Type
                  1    wreg      void 
 Registers used:
		wreg, status,2, status,0, cstack
 Tracked objects:
		On entry : 
		On exit  : 
		Unchanged: 
 Data sizes:     COMRAM   BANK0   BANK1   BANK2   BANK3   BANK4   BANK5   BANK6   BANK7   BANK8   BANK9  BANK10  BANK11  BANK12  BANK13  BANK14  BANK15
      Params:         0       0       0       0       0       0       0       0       0       0       0       0       0       0       0       0       0
      Locals:         0       0       0       0       0       0       0       0       0       0       0       0       0       0       0       0       0
      Temps:          0       0       0       0       0       0       0       0       0       0       0       0       0       0       0       0       0
      Totals:         0       0       0       0       0       0       0       0       0       0       0       0       0       0       0       0       0
Total ram usage:        0 bytes
 Hardware stack levels used:    1
 Hardware stack levels required when called:    5
 This function calls:
		_write_i2c
 This function is called by:
		_main
 This function uses a non-reentrant model


 *************** function _write_i2c *****************
 Defined at:
		line 107 in file "i2c.c"
 Parameters:    Size  Location     Type
  address         4    0[BANK0 ] long 
  data            2    4[BANK0 ] int 
 Auto vars:     Size  Location     Type
		None
 Return value:  Size  Location     Type
                  1    wreg      void 
 Registers used:
		wreg, status,2, status,0, cstack
 Tracked objects:
		On entry : 
		On exit  : 
		Unchanged: 
 Data sizes:     COMRAM   BANK0   BANK1   BANK2   BANK3   BANK4   BANK5   BANK6   BANK7   BANK8   BANK9  BANK10  BANK11  BANK12  BANK13  BANK14  BANK15
      Params:         0       6       0       0       0       0       0       0       0       0       0       0       0       0       0       0       0
      Locals:         0       0       0       0       0       0       0       0       0       0       0       0       0       0       0       0       0
      Temps:          0       0       0       0       0       0       0       0       0       0       0       0       0       0       0       0       0
      Totals:         0       6       0       0       0       0       0       0       0       0       0       0       0       0       0       0       0
Total ram usage:        6 bytes
 Hardware stack levels used:    1
 Hardware stack levels required when called:    4
 This function calls:
		___aldiv
		_i2c_Address
		_i2c_Start
		_i2c_Stop
		_i2c_Write
 This function is called by:
		_main
		_ToggleVIB_Mode
 This function uses a non-reentrant model


 *************** function _i2c_Write *****************
 Defined at:
		line 66 in file "i2c.c"
 Parameters:    Size  Location     Type
  data            1    wreg     unsigned char 
 Auto vars:     Size  Location     Type
  data            1    7[COMRAM] unsigned char 
 Return value:  Size  Location     Type
                  1    wreg      void 
 Registers used:
		wreg, status,2, status,0, cstack
 Tracked objects:
		On entry : 
		On exit  : 
		Unchanged: 
 Data sizes:     COMRAM   BANK0   BANK1   BANK2   BANK3   BANK4   BANK5   BANK6   BANK7   BANK8   BANK9  BANK10  BANK11  BANK12  BANK13  BANK14  BANK15
      Params:         0       0       0       0       0       0       0       0       0       0       0       0       0       0       0       0       0
      Locals:         1       0       0       0       0       0       0       0       0       0       0       0       0       0       0       0       0
      Temps:          0       0       0       0       0       0       0       0       0       0       0       0       0       0       0       0       0
      Totals:         1       0       0       0       0       0       0       0       0       0       0       0       0       0       0       0       0
Total ram usage:        1 bytes
 Hardware stack levels used:    1
 Hardware stack levels required when called:    3
 This function calls:
		_i2c_Wait
 This function is called by:
		_write_i2c
		_read_i2c
 This function uses a non-reentrant model


 *************** function _i2c_Stop *****************
 Defined at:
		line 59 in file "i2c.c"
 Parameters:    Size  Location     Type
		None
 Auto vars:     Size  Location     Type
		None
 Return value:  Size  Location     Type
                  1    wreg      void 
 Registers used:
		wreg, status,2, status,0, cstack
 Tracked objects:
		On entry : 
		On exit  : 
		Unchanged: 
 Data sizes:     COMRAM   BANK0   BANK1   BANK2   BANK3   BANK4   BANK5   BANK6   BANK7   BANK8   BANK9  BANK10  BANK11  BANK12  BANK13  BANK14  BANK15
      Params:         0       0       0       0       0       0       0       0       0       0       0       0       0       0       0       0       0
      Locals:         0       0       0       0       0       0       0       0       0       0       0       0       0       0       0       0       0
      Temps:          0       0       0       0       0       0       0       0       0       0       0       0       0       0       0       0       0
      Totals:         0       0       0       0       0       0       0       0       0       0       0       0       0       0       0       0       0
Total ram usage:        0 bytes
 Hardware stack levels used:    1
 Hardware stack levels required when called:    3
 This function calls:
		_i2c_Wait
 This function is called by:
		_write_i2c
		_read_i2c
 This function uses a non-reentrant model


 *************** function _i2c_Start *****************
 Defined at:
		line 46 in file "i2c.c"
 Parameters:    Size  Location     Type
		None
 Auto vars:     Size  Location     Type
		None
 Return value:  Size  Location     Type
                  1    wreg      void 
 Registers used:
		wreg, status,2, status,0, cstack
 Tracked objects:
		On entry : 
		On exit  : 
		Unchanged: 
 Data sizes:     COMRAM   BANK0   BANK1   BANK2   BANK3   BANK4   BANK5   BANK6   BANK7   BANK8   BANK9  BANK10  BANK11  BANK12  BANK13  BANK14  BANK15
      Params:         0       0       0       0       0       0       0       0       0       0       0       0       0       0       0       0       0
      Locals:         0       0       0       0       0       0       0       0       0       0       0       0       0       0       0       0       0
      Temps:          0       0       0       0       0       0       0       0       0       0       0       0       0       0       0       0       0
      Totals:         0       0       0       0       0       0       0       0       0       0       0       0       0       0       0       0       0
Total ram usage:        0 bytes
 Hardware stack levels used:    1
 Hardware stack levels required when called:    3
 This function calls:
		_i2c_Wait
 This function is called by:
		_write_i2c
		_read_i2c
 This function uses a non-reentrant model


 *************** function _i2c_Address *****************
 Defined at:
		line 74 in file "i2c.c"
 Parameters:    Size  Location     Type
  address         1    wreg     unsigned char 
  mode            1    7[COMRAM] unsigned char 
 Auto vars:     Size  Location     Type
  address         1    8[COMRAM] unsigned char 
  l_address       1    9[COMRAM] unsigned char 
 Return value:  Size  Location     Type
                  1    wreg      void 
 Registers used:
		wreg, status,2, status,0, cstack
 Tracked objects:
		On entry : 
		On exit  : 
		Unchanged: 
 Data sizes:     COMRAM   BANK0   BANK1   BANK2   BANK3   BANK4   BANK5   BANK6   BANK7   BANK8   BANK9  BANK10  BANK11  BANK12  BANK13  BANK14  BANK15
      Params:         1       0       0       0       0       0       0       0       0       0       0       0       0       0       0       0       0
      Locals:         2       0       0       0       0       0       0       0       0       0       0       0       0       0       0       0       0
      Temps:          0       0       0       0       0       0       0       0       0       0       0       0       0       0       0       0       0
      Totals:         3       0       0       0       0       0       0       0       0       0       0       0       0       0       0       0       0
Total ram usage:        3 bytes
 Hardware stack levels used:    1
 Hardware stack levels required when called:    3
 This function calls:
		_i2c_Wait
 This function is called by:
		_write_i2c
		_read_i2c
 This function uses a non-reentrant model


 *************** function _i2c_Wait *****************
 Defined at:
		line 41 in file "i2c.c"
 Parameters:    Size  Location     Type
		None
 Auto vars:     Size  Location     Type
		None
 Return value:  Size  Location     Type
                  1    wreg      void 
 Registers used:
		wreg, status,2, status,0
 Tracked objects:
		On entry : 
		On exit  : 
		Unchanged: 
 Data sizes:     COMRAM   BANK0   BANK1   BANK2   BANK3   BANK4   BANK5   BANK6   BANK7   BANK8   BANK9  BANK10  BANK11  BANK12  BANK13  BANK14  BANK15
      Params:         0       0       0       0       0       0       0       0       0       0       0       0       0       0       0       0       0
      Locals:         0       0       0       0       0       0       0       0       0       0       0       0       0       0       0       0       0
      Temps:          1       0       0       0       0       0       0       0       0       0       0       0       0       0       0       0       0
      Totals:         1       0       0       0       0       0       0       0       0       0       0       0       0       0       0       0       0
Total ram usage:        1 bytes
 Hardware stack levels used:    1
 Hardware stack levels required when called:    2
 This function calls:
		Nothing
 This function is called by:
		_i2c_Start
		_i2c_Restart
		_i2c_Stop
		_i2c_Write
		_i2c_Address
		_i2c_Read
 This function uses a non-reentrant model


 *************** function ___aldiv *****************
 Defined at:
		line 7 in file "C:\Program Files (x86)\Microchip\xc8\v2.10\pic\sources\c99\common\aldiv.c"
 Parameters:    Size  Location     Type
  dividend        4    6[COMRAM] long 
  divisor         4   10[COMRAM] long 
 Auto vars:     Size  Location     Type
  quotient        4   16[COMRAM] long 
  sign            1   15[COMRAM] unsigned char 
  counter         1   14[COMRAM] unsigned char 
 Return value:  Size  Location     Type
                  4    6[COMRAM] long 
 Registers used:
		wreg, status,2, status,0
 Tracked objects:
		On entry : 
		On exit  : 
		Unchanged: 
 Data sizes:     COMRAM   BANK0   BANK1   BANK2   BANK3   BANK4   BANK5   BANK6   BANK7   BANK8   BANK9  BANK10  BANK11  BANK12  BANK13  BANK14  BANK15
      Params:         8       0       0       0       0       0       0       0       0       0       0       0       0       0       0       0       0
      Locals:         6       0       0       0       0       0       0       0       0       0       0       0       0       0       0       0       0
      Temps:          0       0       0       0       0       0       0       0       0       0       0       0       0       0       0       0       0
      Totals:        14       0       0       0       0       0       0       0       0       0       0       0       0       0       0       0       0
Total ram usage:       14 bytes
 Hardware stack levels used:    1
 Hardware stack levels required when called:    2
 This function calls:
		Nothing
 This function is called by:
		_write_i2c
		_read_i2c
 This function uses a non-reentrant model


 *************** function _MotorPosition_Init *****************
 Defined at:
		line 818 in file "main.c"
 Parameters:    Size  Location     Type
		None
 Auto vars:     Size  Location     Type
		None
 Return value:  Size  Location     Type
                  1    wreg      void 
 Registers used:
		wreg, status,2, status,0, cstack
 Tracked objects:
		On entry : 
		On exit  : 
		Unchanged: 
 Data sizes:     COMRAM   BANK0   BANK1   BANK2   BANK3   BANK4   BANK5   BANK6   BANK7   BANK8   BANK9  BANK10  BANK11  BANK12  BANK13  BANK14  BANK15
      Params:         0       0       0       0       0       0       0       0       0       0       0       0       0       0       0       0       0
      Locals:         0       0       0       0       0       0       0       0       0       0       0       0       0       0       0       0       0
      Temps:          2       0       0       0       0       0       0       0       0       0       0       0       0       0       0       0       0
      Totals:         2       0       0       0       0       0       0       0       0       0       0       0       0       0       0       0       0
Total ram usage:        2 bytes
 Hardware stack levels used:    1
 Hardware stack levels required when called:    4
 This function calls:
		_MotorBREAK
		_MotorON_PWM
		_Read_IR
		_WriteSTLED316SErr
		_delay_1ms
 This function is called by:
		_main
 This function uses a non-reentrant model


 *************** function _InitTimer1 *****************
 Defined at:
		line 1145 in file "main.c"
 Parameters:    Size  Location     Type
		None
 Auto vars:     Size  Location     Type
		None
 Return value:  Size  Location     Type
                  1    wreg      void 
 Registers used:
		wreg, status,2
 Tracked objects:
		On entry : 
		On exit  : 
		Unchanged: 
 Data sizes:     COMRAM   BANK0   BANK1   BANK2   BANK3   BANK4   BANK5   BANK6   BANK7   BANK8   BANK9  BANK10  BANK11  BANK12  BANK13  BANK14  BANK15
      Params:         0       0       0       0       0       0       0       0       0       0       0       0       0       0       0       0       0
      Locals:         0       0       0       0       0       0       0       0       0       0       0       0       0       0       0       0       0
      Temps:          0       0       0       0       0       0       0       0       0       0       0       0       0       0       0       0       0
      Totals:         0       0       0       0       0       0       0       0       0       0       0       0       0       0       0       0       0
Total ram usage:        0 bytes
 Hardware stack levels used:    1
 Hardware stack levels required when called:    2
 This function calls:
		Nothing
 This function is called by:
		_main
 This function uses a non-reentrant model


 *************** function _InitSTLED316 *****************
 Defined at:
		line 14 in file "Display.c"
 Parameters:    Size  Location     Type
  Brightness      1    wreg     unsigned char 
 Auto vars:     Size  Location     Type
  Brightness      1   14[COMRAM] unsigned char 
  i               2    0        int 
 Return value:  Size  Location     Type
                  1    wreg      void 
 Registers used:
		wreg, status,2, status,0, cstack
 Tracked objects:
		On entry : 
		On exit  : 
		Unchanged: 
 Data sizes:     COMRAM   BANK0   BANK1   BANK2   BANK3   BANK4   BANK5   BANK6   BANK7   BANK8   BANK9  BANK10  BANK11  BANK12  BANK13  BANK14  BANK15
      Params:         0       0       0       0       0       0       0       0       0       0       0       0       0       0       0       0       0
      Locals:         1       0       0       0       0       0       0       0       0       0       0       0       0       0       0       0       0
      Temps:          2       0       0       0       0       0       0       0       0       0       0       0       0       0       0       0       0
      Totals:         3       0       0       0       0       0       0       0       0       0       0       0       0       0       0       0       0
Total ram usage:        3 bytes
 Hardware stack levels used:    1
 Hardware stack levels required when called:    3
 This function calls:
		_STLED316s_SPI_SendData
 This function is called by:
		_main
 This function uses a non-reentrant model


 *************** function _Homing_Again_Manual *****************
 Defined at:
		line 885 in file "main.c"
 Parameters:    Size  Location     Type
		None
 Auto vars:     Size  Location     Type
		None
 Return value:  Size  Location     Type
                  1    wreg      void 
 Registers used:
		wreg, fsr2l, fsr2h, status,2, status,0, cstack
 Tracked objects:
		On entry : 
		On exit  : 
		Unchanged: 
 Data sizes:     COMRAM   BANK0   BANK1   BANK2   BANK3   BANK4   BANK5   BANK6   BANK7   BANK8   BANK9  BANK10  BANK11  BANK12  BANK13  BANK14  BANK15
      Params:         0       0       0       0       0       0       0       0       0       0       0       0       0       0       0       0       0
      Locals:         0       0       0       0       0       0       0       0       0       0       0       0       0       0       0       0       0
      Temps:          2       0       0       0       0       0       0       0       0       0       0       0       0       0       0       0       0
      Totals:         2       0       0       0       0       0       0       0       0       0       0       0       0       0       0       0       0
Total ram usage:        2 bytes
 Hardware stack levels used:    1
 Hardware stack levels required when called:    4
 This function calls:
		_AD_capture_BattVoltage
		_MotorBREAK
		_MotorON_PWM
		_Read_IR
		_WriteSTLED316SData
		_WriteSTLED316SErr
		_delay_1ms
		_readWeighingData
 This function is called by:
		_main
 This function uses a non-reentrant model


 *************** function _WriteSTLED316SData *****************
 Defined at:
		line 150 in file "Display.c"
 Parameters:    Size  Location     Type
  number          2   14[COMRAM] int 
  v_mode          1   16[COMRAM] unsigned char 
 Auto vars:     Size  Location     Type
  NUM_DIG1        2    2[BANK0 ] int 
  NUM_DIG0        2    0[BANK0 ] int 
  data4           1    5[BANK0 ] unsigned char 
  data3           1    4[BANK0 ] unsigned char 
 Return value:  Size  Location     Type
                  1    wreg      void 
 Registers used:
		wreg, status,2, status,0, cstack
 Tracked objects:
		On entry : 
		On exit  : 
		Unchanged: 
 Data sizes:     COMRAM   BANK0   BANK1   BANK2   BANK3   BANK4   BANK5   BANK6   BANK7   BANK8   BANK9  BANK10  BANK11  BANK12  BANK13  BANK14  BANK15
      Params:         3       0       0       0       0       0       0       0       0       0       0       0       0       0       0       0       0
      Locals:         0       6       0       0       0       0       0       0       0       0       0       0       0       0       0       0       0
      Temps:          0       0       0       0       0       0       0       0       0       0       0       0       0       0       0       0       0
      Totals:         3       6       0       0       0       0       0       0       0       0       0       0       0       0       0       0       0
Total ram usage:        9 bytes
 Hardware stack levels used:    1
 Hardware stack levels required when called:    3
 This function calls:
		_Get7Seg
		_STLED316s_SPI_SendData
		___awdiv
		___awmod
 This function is called by:
		_main
		_Homing_Again_Manual
[...]
  temp            1    9[COMRAM] unsigned char 
 Return value:  Size  Location     Type
                  1    wreg      void 
 Registers used:
		wreg, status,2, status,0
 Tracked objects:
		On entry : 
		On exit  : 
		Unchanged: 
 Data sizes:     COMRAM   BANK0   BANK1   BANK2   BANK3   BANK4   BANK5   BANK6   BANK7   BANK8   BANK9  BANK10  BANK11  BANK12  BANK13  BANK14  BANK15
      Params:         0       0       0       0       0       0       0       0       0       0       0       0       0       0       0       0       0
      Locals:         4       0       0       0       0       0       0       0       0       0       0       0       0       0       0       0       0
      Temps:          2       0       0       0       0       0       0       0       0       0       0       0       0       0       0       0       0
      Totals:         6       0       0       0       0       0       0       0       0       0       0       0       0       0       0       0       0
Total ram usage:        6 bytes
 Hardware stack levels used:    1
 Hardware stack levels required when called:    2
 This function calls:
		Nothing
 This function is called by:
		_InitSTLED316
		_WriteSTLED316SData
		_WriteSTLED316SMode
		_WriteSTLED316SVibMode
		_WriteSTLED316SErr
 This function uses a non-reentrant model


 *************** function _Read_IR *****************
 Defined at:
		line 801 in file "main.c"
 Parameters:    Size  Location     Type
		None
 Auto vars:     Size  Location     Type
		None
 Return value:  Size  Location     Type
                  2    6[COMRAM] unsigned int 
 Registers used:
		wreg, status,2
 Tracked objects:
		On entry : 
		On exit  : 
		Unchanged: 
 Data sizes:     COMRAM   BANK0   BANK1   BANK2   BANK3   BANK4   BANK5   BANK6   BANK7   BANK8   BANK9  BANK10  BANK11  BANK12  BANK13  BANK14  BANK15
      Params:         2       0       0       0       0       0       0       0       0       0       0       0       0       0       0       0       0
      Locals:         0       0       0       0       0       0       0       0       0       0       0       0       0       0       0       0       0
      Temps:          0       0       0       0       0       0       0       0       0       0       0       0       0       0       0       0       0
      Totals:         2       0       0       0       0       0       0       0       0       0       0       0       0       0       0       0       0
Total ram usage:        2 bytes
 Hardware stack levels used:    1
 Hardware stack levels required when called:    2
 This function calls:
		Nothing
 This function is called by:
		_MotorPosition_Init
		_Homing_Again_Manual
		_Homing_Again_Auto
 This function uses a non-reentrant model


 *************** function _MotorON_PWM *****************
 Defined at:
		line 42 in file "MotorDriver.c"
 Parameters:    Size  Location     Type
		None
 Auto vars:     Size  Location     Type
		None
 Return value:  Size  Location     Type
                  1    wreg      void 
 Registers used:
		wreg, status,2, cstack
 Tracked objects:
		On entry : 
		On exit  : 
		Unchanged: 
 Data sizes:     COMRAM   BANK0   BANK1   BANK2   BANK3   BANK4   BANK5   BANK6   BANK7   BANK8   BANK9  BANK10  BANK11  BANK12  BANK13  BANK14  BANK15
      Params:         0       0       0       0       0       0       0       0       0       0       0       0       0       0       0       0       0
      Locals:         0       0       0       0       0       0       0       0       0       0       0       0       0       0       0       0       0
      Temps:          0       0       0       0       0       0       0       0       0       0       0       0       0       0       0       0       0
      Totals:         0       0       0       0       0       0       0       0       0       0       0       0       0       0       0       0       0
Total ram usage:        0 bytes
 Hardware stack levels used:    1
 Hardware stack levels required when called:    3
 This function calls:
		_Set_RG3_PWM
 This function is called by:
		_MotorPosition_Init
		_Homing_Again_Manual
		_Homing_Again_Auto
 This function uses a non-reentrant model


 *************** function _Set_RG3_PWM *****************
 Defined at:
		line 29 in file "MotorDriver.c"
 Parameters:    Size  Location     Type
		None
 Auto vars:     Size  Location     Type
		None
 Return value:  Size  Location     Type
                  1    wreg      void 
 Registers used:
		wreg, status,2
 Tracked objects:
		On entry : 
		On exit  : 
		Unchanged: 
 Data sizes:     COMRAM   BANK0   BANK1   BANK2   BANK3   BANK4   BANK5   BANK6   BANK7   BANK8   BANK9  BANK10  BANK11  BANK12  BANK13  BANK14  BANK15
      Params:         0       0       0       0       0       0       0       0       0       0       0       0       0       0       0       0       0
      Locals:         0       0       0       0       0       0       0       0       0       0       0       0       0       0       0       0       0
      Temps:          0       0       0       0       0       0       0       0       0       0       0       0       0       0       0       0       0
      Totals:         0       0       0       0       0       0       0       0       0       0       0       0       0       0       0       0       0
Total ram usage:        0 bytes
 Hardware stack levels used:    1
 Hardware stack levels required when called:    2
 This function calls:
		Nothing
 This function is called by:
		_MotorON_PWM
 This function uses a non-reentrant model


 *************** function _MotorBREAK *****************
 Defined at:
		line 50 in file "MotorDriver.c"
 Parameters:    Size  Location     Type
		None
 Auto vars:     Size  Location     Type
		None
 Return value:  Size  Location     Type
                  1    wreg      void 
 Registers used:
		wreg, status,2, cstack
 Tracked objects:
		On entry : 
		On exit  : 
		Unchanged: 
 Data sizes:     COMRAM   BANK0   BANK1   BANK2   BANK3   BANK4   BANK5   BANK6   BANK7   BANK8   BANK9  BANK10  BANK11  BANK12  BANK13  BANK14  BANK15
      Params:         0       0       0       0       0       0       0       0       0       0       0       0       0       0       0       0       0
      Locals:         0       0       0       0       0       0       0       0       0       0       0       0       0       0       0       0       0
      Temps:          0       0       0       0       0       0       0       0       0       0       0       0       0       0       0       0       0
      Totals:         0       0       0       0       0       0       0       0       0       0       0       0       0       0       0       0       0
Total ram usage:        0 bytes
 Hardware stack levels used:    1
 Hardware stack levels required when called:    3
 This function calls:
		_Clr_RG3_PWM
 This function is called by:
		_MotorPosition_Init
		_Homing_Again_Manual
		_Homing_Again_Auto
 This function uses a non-reentrant model


 *************** function _Clr_RG3_PWM *****************
 Defined at:
		line 36 in file "MotorDriver.c"
 Parameters:    Size  Location     Type
		None
 Auto vars:     Size  Location     Type
		None
 Return value:  Size  Location     Type
                  1    wreg      void 
 Registers used:
		wreg, status,2
 Tracked objects:
		On entry : 
		On exit  : 
		Unchanged: 
 Data sizes:     COMRAM   BANK0   BANK1   BANK2   BANK3   BANK4   BANK5   BANK6   BANK7   BANK8   BANK9  BANK10  BANK11  BANK12  BANK13  BANK14  BANK15
      Params:         0       0       0       0       0       0       0       0       0       0       0       0       0       0       0       0       0
      Locals:         0       0       0       0       0       0       0       0       0       0       0       0       0       0       0       0       0
      Temps:          0       0       0       0       0       0       0       0       0       0       0       0       0       0       0       0       0
      Totals:         0       0       0       0       0       0       0       0       0       0       0       0       0       0       0       0       0
Total ram usage:        0 bytes
 Hardware stack levels used:    1
 Hardware stack levels required when called:    2
 This function calls:
		Nothing
 This function is called by:
		_MotorBREAK
 This function uses a non-reentrant model


 *************** function _AD_capture_BattVoltage *****************
 Defined at:
		line 1159 in file "main.c"
 Parameters:    Size  Location     Type
		None
 Auto vars:     Size  Location     Type
		None
 Return value:  Size  Location     Type
                  1    wreg      void 
 Registers used:
		wreg, status,2, status,0, cstack
 Tracked objects:
		On entry : 
		On exit  : 
		Unchanged: 
 Data sizes:     COMRAM   BANK0   BANK1   BANK2   BANK3   BANK4   BANK5   BANK6   BANK7   BANK8   BANK9  BANK10  BANK11  BANK12  BANK13  BANK14  BANK15
      Params:         0       0       0       0       0       0       0       0       0       0       0       0       0       0       0       0       0
      Locals:         0       0       0       0       0       0       0       0       0       0       0       0       0       0       0       0       0
      Temps:          2       0       0       0       0       0       0       0       0       0       0       0       0       0       0       0       0
      Totals:         2       0       0       0       0       0       0       0       0       0       0       0       0       0       0       0       0
Total ram usage:        2 bytes
 Hardware stack levels used:    1
 Hardware stack levels required when called:    3
 This function calls:
		_delay_1ms
 This function is called by:
		_main
		_Homing_Again_Manual
		_Homing_Again_Auto
 This function uses a non-reentrant model


 *************** function _delay_1ms *****************
 Defined at:
		line 789 in file "main.c"
 Parameters:    Size  Location     Type
  time            2    6[COMRAM] unsigned int 
 Auto vars:     Size  Location     Type
		None
 Return value:  Size  Location     Type
                  1    wreg      void 
 Registers used:
		wreg, status,2, status,0
 Tracked objects:
		On entry : 
		On exit  : 
		Unchanged: 
 Data sizes:     COMRAM   BANK0   BANK1   BANK2   BANK3   BANK4   BANK5   BANK6   BANK7   BANK8   BANK9  BANK10  BANK11  BANK12  BANK13  BANK14  BANK15
      Params:         2       0       0       0       0       0       0       0       0       0       0       0       0       0       0       0       0
      Locals:         0       0       0       0       0       0       0       0       0       0       0       0       0       0       0       0       0
      Temps:          1       0       0       0       0       0       0       0       0       0       0       0       0       0       0       0       0
      Totals:         3       0       0       0       0       0       0       0       0       0       0       0       0       0       0       0       0
Total ram usage:        3 bytes
 Hardware stack levels used:    1
 Hardware stack levels required when called:    2
 This function calls:
		Nothing
 This function is called by:
		_MotorPosition_Init
		_Homing_Again_Manual
		_Homing_Again_Auto
		_AD_capture_BattVoltage
 This function uses a non-reentrant model


 *************** function _high_isr *****************
 Defined at:
		line 663 in file "main.c"
 Parameters:    Size  Location     Type
		None
 Auto vars:     Size  Location     Type
  i               1    5[COMRAM] unsigned char 
  c               1    4[COMRAM] unsigned char 
  Temp            1    3[COMRAM] unsigned char 
 Return value:  Size  Location     Type
                  1    wreg      void 
 Registers used:
		wreg, fsr2l, fsr2h, status,2, status,0, cstack
 Tracked objects:
		On entry : 
		On exit  : 
		Unchanged: 
 Data sizes:     COMRAM   BANK0   BANK1   BANK2   BANK3   BANK4   BANK5   BANK6   BANK7   BANK8   BANK9  BANK10  BANK11  BANK12  BANK13  BANK14  BANK15
      Params:         0       0       0       0       0       0       0       0       0       0       0       0       0       0       0       0       0
      Locals:         3       0       0       0       0       0       0       0       0       0       0       0       0       0       0       0       0
      Temps:          2       0       0       0       0       0       0       0       0       0       0       0       0       0       0       0       0
      Totals:         5       0       0       0       0       0       0       0       0       0       0       0       0       0       0       0       0
Total ram usage:        5 bytes
 Hardware stack levels used:    1
 Hardware stack levels required when called:    1
 This function calls:
		_Low_Power_Indicator
		_Read1USART
		i2_Write1USART
 This function is called by:
		Interrupt level 2
 This function uses a non-reentrant model


 *************** function i2_Write1USART *****************
 Defined at:
		line 48 in file "usart.c"
 Parameters:    Size  Location     Type
  data            1    wreg     unsigned char 
 Auto vars:     Size  Location     Type
  data            1    0[COMRAM] unsigned char 
 Return value:  Size  Location     Type
                  1    wreg      void 
 Registers used:
		wreg
 Tracked objects:
		On entry : 
		On exit  : 
		Unchanged: 
 Data sizes:     COMRAM   BANK0   BANK1   BANK2   BANK3   BANK4   BANK5   BANK6   BANK7   BANK8   BANK9  BANK10  BANK11  BANK12  BANK13  BANK14  BANK15
      Params:         0       0       0       0       0       0       0       0       0       0       0       0       0       0       0       0       0
      Locals:         1       0       0       0       0       0       0       0       0       0       0       0       0       0       0       0       0
      Temps:          0       0       0       0       0       0       0       0       0       0       0       0       0       0       0       0       0
      Totals:         1       0       0       0       0       0       0       0       0       0       0       0       0       0       0       0       0
Total ram usage:        1 bytes
 Hardware stack levels used:    1
 This function calls:
		Nothing
 This function is called by:
		_high_isr
 This function uses a non-reentrant model


 *************** function _Read1USART *****************
 Defined at:
		line 58 in file "usart.c"
 Parameters:    Size  Location     Type
		None
 Auto vars:     Size  Location     Type
  result          1    0[COMRAM] unsigned char 
 Return value:  Size  Location     Type
                  1    wreg      unsigned char 
 Registers used:
		wreg, status,2
 Tracked objects:
		On entry : 
		On exit  : 
		Unchanged: 
 Data sizes:     COMRAM   BANK0   BANK1   BANK2   BANK3   BANK4   BANK5   BANK6   BANK7   BANK8   BANK9  BANK10  BANK11  BANK12  BANK13  BANK14  BANK15
      Params:         0       0       0       0       0       0       0       0       0       0       0       0       0       0       0       0       0
      Locals:         1       0       0       0       0       0       0       0       0       0       0       0       0       0       0       0       0
      Temps:          0       0       0       0       0       0       0       0       0       0       0       0       0       0       0       0       0
      Totals:         1       0       0       0       0       0       0       0       0       0       0       0       0       0       0       0       0
Total ram usage:        1 bytes
 Hardware stack levels used:    1
 This function calls:
		Nothing
 This function is called by:
		_high_isr
 This function uses a non-reentrant model


 *************** function _Low_Power_Indicator *****************
 Defined at:
		line 1176 in file "main.c"
 Parameters:    Size  Location     Type
		None
 Auto vars:     Size  Location     Type
		None
 Return value:  Size  Location     Type
                  1    wreg      void 
 Registers used:
		wreg, status,2, status,0
 Tracked objects:
		On entry : 
		On exit  : 
		Unchanged: 
 Data sizes:     COMRAM   BANK0   BANK1   BANK2   BANK3   BANK4   BANK5   BANK6   BANK7   BANK8   BANK9  BANK10  BANK11  BANK12  BANK13  BANK14  BANK15
      Params:         0       0       0       0       0       0       0       0       0       0       0       0       0       0       0       0       0
      Locals:         0       0       0       0       0       0       0       0       0       0       0       0       0       0       0       0       0
      Temps:          0       0       0       0       0       0       0       0       0       0       0       0       0       0       0       0       0
      Totals:         0       0       0       0       0       0       0       0       0       0       0       0       0       0       0       0       0
Total ram usage:        0 bytes
 Hardware stack levels used:    1
 This function calls:
		Nothing
 This function is called by:
		_high_isr
 This function uses a non-reentrant model



MODULE INFORMATION

Module		Function		Class		Link	Load	Size
C:\Program Files (x86)\Microchip\xc8\v2.10\pic\sources\c99\common\awdiv.c
		___awdiv       		CODE           	17A0	0000	197

C:\Program Files (x86)\Microchip\xc8\v2.10\pic\sources\c99\common\awdiv.c estimated size: 197

usart.c
		_Read1USART    		CODE           	1EBA	0000	39
		_Write1USART   		CODE           	1F32	0000	23
		_initUSART     		CODE           	1E6E	0000	39

usart.c estimated size: 101

i2c.c
		_read_i2c      		CODE           	1B40	0000	107
		_i2c_Address   		CODE           	1F5E	0000	21
		_i2c_Write     		CODE           	1F80	0000	13
		_i2c_Stop      		CODE           	1FC0	0000	9
		_i2c_Wait      		CODE           	1E94	0000	39
		_i2c_Read      		CODE           	1DD6	0000	55
		_i2c_Init      		CODE           	1F1C	0000	23
		_write_i2c     		CODE           	1C52	0000	79
		_i2c_Start     		CODE           	1FC8	0000	9
		_i2c_Restart   		CODE           	1FB8	0000	9

i2c.c estimated size: 364

C:\Program Files (x86)\Microchip\xc8\v2.10\pic\sources\c99\common\aldiv.c
		___aldiv       		CODE           	12D4	0000	269

C:\Program Files (x86)\Microchip\xc8\v2.10\pic\sources\c99\common\aldiv.c estimated size: 269

IO.c
		_init          		CODE           	1ACE	0000	115

IO.c estimated size: 115

shared
		__initialization		CODE           	1CA0	0000	57
		i2_Write1USART 		CODE           	1F48	0000	23

shared estimated size: 80

Display.c
		_WriteSTLED316SVibMode		CODE           	1C04	0000	79
		_InitSTLED316  		CODE           	19C2	0000	141
		_Get7Seg       		CODE           	16D4	0000	205
		_STLED316s_SPI_SendData		CODE           	1A4E	0000	129
		_WriteSTLED316SErr		CODE           	15EC	0000	233
		_WriteSTLED316SData		CODE           	1914	0000	175
		_WriteSTLED316SMode		CODE           	14EC	0000	257

Display.c estimated size: 1219

MotorDriver.c
		_MotorON_PWM   		CODE           	1FA4	0000	11
		_initMotor     		CODE           	1F72	0000	15
		_MotorBREAK    		CODE           	1FAE	0000	11
		_Clr_RG3_PWM   		CODE           	1FD0	0000	9
		_Set_RG3_PWM   		CODE           	1F8C	0000	13

MotorDriver.c estimated size: 59

C:\Program Files (x86)\Microchip\xc8\v2.10\pic\sources\c99\common\awmod.c
		___awmod       		CODE           	1864	0000	177

C:\Program Files (x86)\Microchip\xc8\v2.10\pic\sources\c99\common\awmod.c estimated size: 177

main.c
		_Homing_Again_Auto		CODE           	10AE	0000	551
		_AD_capture_BattVoltage		CODE           	1D24	0000	63
		_readWeighingData		CODE           	1BAA	0000	91
		_InitTimer1    		CODE           	1F04	0000	25
		_flush         		CODE           	1D62	0000	59
		_main          		CODE           	029E	0000	2945
		_ToggleVIB_Mode		CODE           	1CE6	0000	63
		_high_isr      		CODE           	0008	0000	659
		_delay_1ms     		CODE           	1E42	0000	45
		_Homing_Again_Manual		CODE           	0E1E	0000	657
		_Read_IR       		CODE           	1EE0	0000	37
		_Low_Power_Indicator		CODE           	1E0C	0000	55
		_flushOut      		CODE           	1D9C	0000	59
		_MotorPosition_Init		CODE           	13E0	0000	269

main.c estimated size: 5578

